 zoomsdk_render

 Timestamp is 5f32e090 (Tue Aug 11 20:16:48 2020)

 Preferred load address is 10000000

 Start         Length     Name                   Class
 0001:00000000 00000160H .text$di                CODE
 0001:00000160 00015ca0H .text$mn                CODE
 0001:00015e00 00000174H .text$yd                CODE
 0002:00000000 00000128H .idata$5                DATA
 0002:00000128 00000004H .00cfg                  DATA
 0002:0000012c 00000004H .CRT$XCA                DATA
 0002:00000130 00000038H .CRT$XCU                DATA
 0002:00000168 00000004H .CRT$XCZ                DATA
 0002:0000016c 00000004H .CRT$XIA                DATA
 0002:00000170 0000000cH .CRT$XIC                DATA
 0002:0000017c 00000004H .CRT$XIZ                DATA
 0002:00000180 00000004H .CRT$XPA                DATA
 0002:00000184 00000008H .CRT$XPX                DATA
 0002:0000018c 00000004H .CRT$XPXA               DATA
 0002:00000190 00000004H .CRT$XPZ                DATA
 0002:00000194 00000004H .CRT$XTA                DATA
 0002:00000198 00000008H .CRT$XTZ                DATA
 0002:000001a0 00005ef0H .rdata                  DATA
 0002:00006090 00000220H .rdata$r                DATA
 0002:000062b0 0000000cH .rdata$sxdata           DATA
 0002:000062bc 000003c4H .rdata$zzzdbg           DATA
 0002:00006680 00000004H .rtc$IAA                DATA
 0002:00006684 00000004H .rtc$IZZ                DATA
 0002:00006688 00000004H .rtc$TAA                DATA
 0002:0000668c 00000004H .rtc$TZZ                DATA
 0002:00006690 0000052cH .xdata$x                DATA
 0002:00006bbc 00000020H .didat$2                DATA
 0002:00006bdc 00000020H .didat$3                DATA
 0002:00006bfc 000000d8H .didat$4                DATA
 0002:00006cd4 00000b2cH .didat$6                DATA
 0002:00007800 000000e0H .didat$7                DATA
 0002:000078e0 00000060H .edata                  DATA
 0002:00007940 00000014H .idata$2                DATA
 0002:00007954 00000014H .idata$3                DATA
 0002:00007968 00000128H .idata$4                DATA
 0002:00007a90 0000055aH .idata$6                DATA
 0003:00000000 00000e68H .data                   DATA
 0003:00000e68 000000d8H .data$r                 DATA
 0003:00000f40 000000d8H .didat$5                DATA
 0003:00001018 00000a74H .bss                    DATA
 0004:00000000 00000090H .gfids$x                DATA
 0004:00000090 00000070H .gfids$y                DATA
 0005:00000000 00000390H .rsrc$01                DATA
 0005:00000390 00038f60H .rsrc$02                DATA

  Address         Publics by Value              Rva+Base       Lib:Object

 0000:00000000       ___guard_fids_count        00000000     <absolute>
 0000:00000000       ___guard_longjmp_count     00000000     <absolute>
 0000:00000000       __except_list              00000000     <absolute>
 0000:00000000       ___guard_longjmp_table     00000000     <absolute>
 0000:00000000       ___guard_iat_table         00000000     <absolute>
 0000:00000000       ___guard_iat_count         00000000     <absolute>
 0000:00000000       ___guard_fids_table        00000000     <absolute>
 0000:00000000       ___dynamic_value_reloc_table 00000000     <absolute>
 0000:00000003       ___safe_se_handler_count   00000003     <absolute>
 0000:00000100       ___guard_flags             00000100     <absolute>
 0000:00000000       ___ImageBase               10000000     <linker-defined>
 0001:00000160       ___local_stdio_printf_options 10001160 f i zoom_node_render_addon.obj
 0001:00000170       _sprintf                   10001170 f i zoom_node_render_addon.obj
 0001:000001b0       ?NODE_SET_METHOD@node@@YAXV?$Local@VObject@v8@@@v8@@PBDP6AXABV?$FunctionCallbackInfo@VValue@v8@@@3@@Z@Z 100011b0 f i zoom_node_render_addon.obj
 0001:00000280       ?NODE_SET_PROTOTYPE_METHOD@node@@YAXV?$Local@VFunctionTemplate@v8@@@v8@@PBDP6AXABV?$FunctionCallbackInfo@VValue@v8@@@3@@Z@Z 10001280 f i zoom_node_render_addon.obj
 0001:00000330       ?Wrap@ObjectWrap@node@@IAEXV?$Local@VObject@v8@@@v8@@@Z 10001330 f i zoom_node_render_addon.obj
 0001:000003d0       ?Ref@ObjectWrap@node@@MAEXXZ 100013d0 f i zoom_node_render_addon.obj
 0001:00000400       ?Unref@ObjectWrap@node@@MAEXXZ 10001400 f i zoom_node_render_addon.obj
 0001:00000480       ?WeakCallback@ObjectWrap@node@@CAXABV?$WeakCallbackInfo@VObjectWrap@node@@@v8@@@Z 10001480 f i zoom_node_render_addon.obj
 0001:000004d0       ??_GZoomNodeVideoRawDataLibuvClientWrap@@EAEPAXI@Z 100014d0 f i zoom_node_render_addon.obj
 0001:000004d0       ??_EZoomNodeRenderWrap@@EAEPAXI@Z 100014d0 f i * CIL library *:* CIL module *
 0001:000004d0       ??_GObjectWrap@node@@UAEPAXI@Z 100014d0 f i zoom_node_render_addon.obj
 0001:000004d0       ??_EZoomNodeShareRawDataLibuvClientWrap@@EAEPAXI@Z 100014d0 f i * CIL library *:* CIL module *
 0001:000004d0       ??_EZoomNodeAudioRawDataLibuvClientWrap@@EAEPAXI@Z 100014d0 f i * CIL library *:* CIL module *
 0001:000004d0       ??_GZoomNodeRenderWrap@@EAEPAXI@Z 100014d0 f i zoom_node_render_addon.obj
 0001:000004d0       ??_GZoomNodeShareRawDataLibuvClientWrap@@EAEPAXI@Z 100014d0 f i zoom_node_render_addon.obj
 0001:000004d0       ??_EObjectWrap@node@@UAEPAXI@Z 100014d0 f i * CIL library *:* CIL module *
 0001:000004d0       ??_GZoomNodeAudioRawDataLibuvClientWrap@@EAEPAXI@Z 100014d0 f i zoom_node_render_addon.obj
 0001:000004d0       ??_EZoomNodeVideoRawDataLibuvClientWrap@@EAEPAXI@Z 100014d0 f i * CIL library *:* CIL module *
 0001:00000760       ?CreateObject@@YAXABV?$FunctionCallbackInfo@VValue@v8@@@v8@@@Z 10001760 f   zoom_node_render_addon.obj
 0001:00000770       ?InitAll@@YAXV?$Local@VObject@v8@@@v8@@0@Z 10001770 f   zoom_node_render_addon.obj
 0001:000007d0       ?GetVideoLibuvClientObj@ZoomNodeRenderWrap@@SAXABV?$FunctionCallbackInfo@VValue@v8@@@v8@@@Z 100017d0 f   zoom_node_render_addon.obj
 0001:000007e0       ?GetShareLibuvClientObj@ZoomNodeRenderWrap@@SAXABV?$FunctionCallbackInfo@VValue@v8@@@v8@@@Z 100017e0 f   zoom_node_render_addon.obj
 0001:000007f0       ?GetAudioLibuvClientObj@ZoomNodeRenderWrap@@SAXABV?$FunctionCallbackInfo@VValue@v8@@@v8@@@Z 100017f0 f   zoom_node_render_addon.obj
 0001:00000800       ?RunVideoFormatDataCB@@YAXPADH@Z 10001800 f   zoom_node_render_addon.obj
 0001:00000a40       ?RunAudioFormatDataCB@@YAXPAD@Z 10001a40 f   zoom_node_render_addon.obj
 0001:00000c20       ?onMessageRecvNotification@UVIPCClientSink@@UAEXPAVUVIPCMessage@@@Z 10001c20 f i zoom_node_render_addon.obj
 0001:00000c50       ?onIdle@UVIPCClientSink@@UAEXXZ 10001c50 f i zoom_node_render_addon.obj
 0001:00000c50       @_guard_check_icall_nop@4  10001c50 f i LIBCMT:guard_support.obj
 0001:00000c50       ?onConnect@UVIPCClientSink@@UAEXXZ 10001c50 f i zoom_node_render_addon.obj
 0001:00000c50       ?onDisconnect@UVIPCClientSink@@UAEXXZ 10001c50 f i zoom_node_render_addon.obj
 0001:00000c50       ___except_validate_jump_buffer 10001c50 f i libvcruntime:jbcxrval.obj
 0001:00000c50       ___except_validate_context_record 10001c50 f i libvcruntime:jbcxrval.obj
 0001:00000c60       ?SendPingPongMsg@@YAXHI@Z  10001c60 f   zoom_node_render_addon.obj
 0001:00000dd0       ?SetRenderVideoRawDataCB@ZoomNodeVideoRawDataLibuvClientWrap@@SAXABV?$FunctionCallbackInfo@VValue@v8@@@v8@@@Z 10001dd0 f   zoom_node_render_addon.obj
 0001:00000f60       ?StartVideoClient@ZoomNodeVideoRawDataLibuvClientWrap@@SAXABV?$FunctionCallbackInfo@VValue@v8@@@v8@@@Z 10001f60 f   zoom_node_render_addon.obj
 0001:00000fc0       ?StopVideoClient@ZoomNodeVideoRawDataLibuvClientWrap@@SAXABV?$FunctionCallbackInfo@VValue@v8@@@v8@@@Z 10001fc0 f   zoom_node_render_addon.obj
 0001:00001000       ?SetRenderShareRawDataCB@ZoomNodeShareRawDataLibuvClientWrap@@SAXABV?$FunctionCallbackInfo@VValue@v8@@@v8@@@Z 10002000 f   zoom_node_render_addon.obj
 0001:00001190       ?StartShareClient@ZoomNodeShareRawDataLibuvClientWrap@@SAXABV?$FunctionCallbackInfo@VValue@v8@@@v8@@@Z 10002190 f   zoom_node_render_addon.obj
 0001:000011f0       ?StopShareClient@ZoomNodeShareRawDataLibuvClientWrap@@SAXABV?$FunctionCallbackInfo@VValue@v8@@@v8@@@Z 100021f0 f   zoom_node_render_addon.obj
 0001:00001230       ?SetRenderAudioRawDataCB@ZoomNodeAudioRawDataLibuvClientWrap@@SAXABV?$FunctionCallbackInfo@VValue@v8@@@v8@@@Z 10002230 f   zoom_node_render_addon.obj
 0001:000014a0       ?StartAudioClient@ZoomNodeAudioRawDataLibuvClientWrap@@SAXABV?$FunctionCallbackInfo@VValue@v8@@@v8@@@Z 100024a0 f   zoom_node_render_addon.obj
 0001:00001500       ?StopAudioClient@ZoomNodeAudioRawDataLibuvClientWrap@@SAXABV?$FunctionCallbackInfo@VValue@v8@@@v8@@@Z 10002500 f   zoom_node_render_addon.obj
 0001:00001540       ?NewInstance@?$ZoomWrapObject@VZoomNodeAudioRawDataLibuvClientWrap@@@@SAXABV?$FunctionCallbackInfo@VValue@v8@@@v8@@@Z 10002540 f i zoom_node_render_addon.obj
 0001:000015d0       ?Init@?$ZoomWrapObject@VZoomNodeAudioRawDataLibuvClientWrap@@@@SAXPAVIsolate@v8@@@Z 100025d0 f i zoom_node_render_addon.obj
 0001:00001670       ?NewInstance@?$ZoomWrapObject@VZoomNodeShareRawDataLibuvClientWrap@@@@SAXABV?$FunctionCallbackInfo@VValue@v8@@@v8@@@Z 10002670 f i zoom_node_render_addon.obj
 0001:00001700       ?Init@?$ZoomWrapObject@VZoomNodeShareRawDataLibuvClientWrap@@@@SAXPAVIsolate@v8@@@Z 10002700 f i zoom_node_render_addon.obj
 0001:000017a0       ?NewInstance@?$ZoomWrapObject@VZoomNodeVideoRawDataLibuvClientWrap@@@@SAXABV?$FunctionCallbackInfo@VValue@v8@@@v8@@@Z 100027a0 f i zoom_node_render_addon.obj
 0001:00001830       ?Init@?$ZoomWrapObject@VZoomNodeVideoRawDataLibuvClientWrap@@@@SAXPAVIsolate@v8@@@Z 10002830 f i zoom_node_render_addon.obj
 0001:000018d0       ?NewInstance@?$ZoomWrapObject@VZoomNodeRenderWrap@@@@SAXABV?$FunctionCallbackInfo@VValue@v8@@@v8@@@Z 100028d0 f i zoom_node_render_addon.obj
 0001:00001960       ?Init@?$ZoomWrapObject@VZoomNodeRenderWrap@@@@SAXPAVIsolate@v8@@@Z 10002960 f i zoom_node_render_addon.obj
 0001:00001a00       ?New@?$ZoomWrapObject@VZoomNodeAudioRawDataLibuvClientWrap@@@@SAXABV?$FunctionCallbackInfo@VValue@v8@@@v8@@@Z 10002a00 f i zoom_node_render_addon.obj
 0001:00001b10       ?New@?$ZoomWrapObject@VZoomNodeShareRawDataLibuvClientWrap@@@@SAXABV?$FunctionCallbackInfo@VValue@v8@@@v8@@@Z 10002b10 f i zoom_node_render_addon.obj
 0001:00001c20       ?New@?$ZoomWrapObject@VZoomNodeVideoRawDataLibuvClientWrap@@@@SAXABV?$FunctionCallbackInfo@VValue@v8@@@v8@@@Z 10002c20 f i zoom_node_render_addon.obj
 0001:00001d30       ?New@?$ZoomWrapObject@VZoomNodeRenderWrap@@@@SAXABV?$FunctionCallbackInfo@VValue@v8@@@v8@@@Z 10002d30 f i zoom_node_render_addon.obj
 0001:00001e40       ??1?$basic_string@DU?$char_traits@D@std@@V?$allocator@D@2@@std@@QAE@XZ 10002e40 f i zoom_native_to_wrap.obj
 0001:00001eb0       ?assign@?$basic_string@DU?$char_traits@D@std@@V?$allocator@D@2@@std@@QAEAAV12@PBDI@Z 10002eb0 f i zoom_native_to_wrap.obj
 0001:00001fb0       ?assign@?$basic_string@DU?$char_traits@D@std@@V?$allocator@D@2@@std@@QAEAAV12@ABV12@II@Z 10002fb0 f i zoom_native_to_wrap.obj
 0001:000020c0       ?erase@?$basic_string@DU?$char_traits@D@std@@V?$allocator@D@2@@std@@QAEAAV12@II@Z 100030c0 f i zoom_native_to_wrap.obj
 0001:00002140       ?_Copy@?$basic_string@DU?$char_traits@D@std@@V?$allocator@D@2@@std@@QAEXII@Z 10003140 f i zoom_native_to_wrap.obj
 0001:00002270       ??_EUVIPCLocker@@UAEPAXI@Z 10003270 f i * CIL library *:* CIL module *
 0001:00002270       ??_GUVIPCLocker@@UAEPAXI@Z 10003270 f i uv_ipc_common.obj
 0001:000022a0       ?AddRef@UVIPCMessage@@UAE_NXZ 100032a0 f i uv_ipc_common.obj
 0001:000022c0       ?Release@UVIPCMessage@@UAEHXZ 100032c0 f i uv_ipc_common.obj
 0001:000022f0       ??0UVIPCMessage@@QAE@PBDH_N@Z 100032f0 f   uv_ipc_common.obj
 0001:00002370       ??_EUVIPCMessage@@MAEPAXI@Z 10003370 f i * CIL library *:* CIL module *
 0001:00002370       ??_GUVIPCMessage@@MAEPAXI@Z 10003370 f i uv_ipc_common.obj
 0001:000023b0       ??0UVIPC@@QAE@XZ           100033b0 f   uv_ipc_common.obj
 0001:00002470       ??_GUVIPC@@UAEPAXI@Z       10003470 f i uv_ipc_common.obj
 0001:00002470       ??_EUVIPC@@UAEPAXI@Z       10003470 f i * CIL library *:* CIL module *
 0001:000024a0       ??1UVIPC@@UAE@XZ           100034a0 f   uv_ipc_common.obj
 0001:00002520       ?IsRunning@UVIPC@@QAE_N_N@Z 10003520 f   uv_ipc_common.obj
 0001:00002550       ?uv_ipc_timer_cb@@YAXPAUuv_timer_s@@@Z 10003550 f   uv_ipc_common.obj
 0001:00002570       ?Start@UVIPC@@QAE_NPAD_NPAUuv_loop_s@@PAVUVIPCSink@@@Z 10003570 f   uv_ipc_common.obj
 0001:00002690       ?Stop@UVIPC@@QAE_NXZ       10003690 f   uv_ipc_common.obj
 0001:000027a0       ?on_server_connected_cb@@YAXPAUuv_connect_s@@H@Z 100037a0 f   uv_ipc_common.obj
 0001:000027c0       ?alloc_buffer_for_uv_pipe@@YAXPAUuv_handle_s@@IPAUuv_buf_t@@@Z 100037c0 f   uv_ipc_common.obj
 0001:000027e0       ?on_pipe_data_read_cb@@YAXPAUuv_stream_s@@HPBUuv_buf_t@@@Z 100037e0 f   uv_ipc_common.obj
 0001:00002850       ?uv_cb_pipe_data_read@UVIPC@@AAEXPAUuv_stream_s@@HPBUuv_buf_t@@@Z 10003850 f   uv_ipc_common.obj
 0001:00002990       ?on_write_data_cb@@YAXPAUuv_write_s@@H@Z 10003990 f   uv_ipc_common.obj
 0001:000029c0       ?uv_cb_server_connected_notify@UVIPC@@AAEXPAUuv_connect_s@@H@Z 100039c0 f   uv_ipc_common.obj
 0001:00002aa0       ?uv_cb_ipc_timer@UVIPC@@AAEXPAUuv_timer_s@@@Z 10003aa0 f   uv_ipc_common.obj
 0001:00002c40       ?push_back@?$list@PAVUVIPCMessage@@V?$allocator@PAVUVIPCMessage@@@std@@@std@@QAEXABQAVUVIPCMessage@@@Z 10003c40 f i uv_ipc_common.obj
 0001:00002cb0       ??1?$list@PAVUVIPCMessage@@V?$allocator@PAVUVIPCMessage@@@std@@@std@@QAE@XZ 10003cb0 f i uv_ipc_common.obj
 0001:00002cf0       ?erase@?$_Tree@V?$_Tmap_traits@PAXPAVUVIPC@@U?$less@PAX@std@@V?$allocator@U?$pair@QAXPAVUVIPC@@@std@@@3@$0A@@std@@@std@@QAE?AV?$_Tree_iterator@V?$_Tree_val@U?$_Tree_simple_types@U?$pair@QAXPAVUVIPC@@@std@@@std@@@std@@@2@V?$_Tree_const_iterator@V?$_Tree_val@U?$_Tree_simple_types@U?$pair@QAXPAVUVIPC@@@std@@@std@@@std@@@2@0@Z 10003cf0 f i uv_ipc_common.obj
 0001:00002d90       ?clear@?$_Tree@V?$_Tmap_traits@PAXPAVUVIPC@@U?$less@PAX@std@@V?$allocator@U?$pair@QAXPAVUVIPC@@@std@@@3@$0A@@std@@@std@@QAEXXZ 10003d90 f i uv_ipc_common.obj
 0001:00002df0       ?erase@?$_Tree@V?$_Tmap_traits@PAXPAVUVIPC@@U?$less@PAX@std@@V?$allocator@U?$pair@QAXPAVUVIPC@@@std@@@3@$0A@@std@@@std@@QAE?AV?$_Tree_iterator@V?$_Tree_val@U?$_Tree_simple_types@U?$pair@QAXPAVUVIPC@@@std@@@std@@@std@@@2@V?$_Tree_const_iterator@V?$_Tree_val@U?$_Tree_simple_types@U?$pair@QAXPAVUVIPC@@@std@@@std@@@std@@@2@@Z 10003df0 f i uv_ipc_common.obj
 0001:00003230       ?_Erase@?$_Tree@V?$_Tmap_traits@PAXPAVUVIPC@@U?$less@PAX@std@@V?$allocator@U?$pair@QAXPAVUVIPC@@@std@@@3@$0A@@std@@@std@@IAEXPAU?$_Tree_node@U?$pair@QAXPAVUVIPC@@@std@@PAX@2@@Z 10004230 f i uv_ipc_common.obj
 0001:00003270       ??$destroy@PAU?$_Tree_node@U?$pair@QAXPAVUVIPC@@@std@@PAX@std@@@?$_Wrap_alloc@V?$allocator@U?$_Tree_node@U?$pair@QAXPAVUVIPC@@@std@@PAX@std@@@std@@@std@@QAEXPAPAU?$_Tree_node@U?$pair@QAXPAVUVIPC@@@std@@PAX@1@@Z 10004270 f i uv_ipc_common.obj
 0001:00003280       ??0?$_Wrap_alloc@V?$allocator@U?$_Tree_node@U?$pair@QAXPAVUVIPC@@@std@@PAX@std@@@std@@@std@@QAE@XZ 10004280 f i uv_ipc_common.obj
 0001:00003290       ??$_Insert_nohint@AAU?$pair@QAXPAVUVIPC@@@std@@PAU?$_Tree_node@U?$pair@QAXPAVUVIPC@@@std@@PAX@2@@?$_Tree@V?$_Tmap_traits@PAXPAVUVIPC@@U?$less@PAX@std@@V?$allocator@U?$pair@QAXPAVUVIPC@@@std@@@3@$0A@@std@@@std@@IAE?AU?$pair@V?$_Tree_iterator@V?$_Tree_val@U?$_Tree_simple_types@U?$pair@QAXPAVUVIPC@@@std@@@std@@@std@@@std@@_N@1@_NAAU?$pair@QAXPAVUVIPC@@@1@PAU?$_Tree_node@U?$pair@QAXPAVUVIPC@@@std@@PAX@1@@Z 10004290 f i uv_ipc_common.obj
 0001:00003360       ??F?$_Tree_unchecked_const_iterator@V?$_Tree_val@U?$_Tree_simple_types@U?$pair@QAXPAVUVIPC@@@std@@@std@@@std@@U_Iterator_base0@2@@std@@QAEAAV01@XZ 10004360 f i uv_ipc_common.obj
 0001:000033c0       ??$_Insert_at@AAU?$pair@QAXPAVUVIPC@@@std@@PAU?$_Tree_node@U?$pair@QAXPAVUVIPC@@@std@@PAX@2@@?$_Tree@V?$_Tmap_traits@PAXPAVUVIPC@@U?$less@PAX@std@@V?$allocator@U?$pair@QAXPAVUVIPC@@@std@@@3@$0A@@std@@@std@@IAE?AV?$_Tree_iterator@V?$_Tree_val@U?$_Tree_simple_types@U?$pair@QAXPAVUVIPC@@@std@@@std@@@std@@@1@_NPAU?$_Tree_node@U?$pair@QAXPAVUVIPC@@@std@@PAX@1@AAU?$pair@QAXPAVUVIPC@@@1@1@Z 100043c0 f i uv_ipc_common.obj
 0001:0000361e       __imp_load_?Global@Context@v8@@QAE?AV?$Local@VObject@v8@@@2@XZ 1000461e f   node:node.exe
 0001:00003628       __tailMerge_node_exe       10004628 f i node:node.exe
 0001:00003639       __imp_load_?New@Uint8Array@v8@@SA?AV?$Local@VUint8Array@v8@@@2@V?$Local@VArrayBuffer@v8@@@2@II@Z 10004639 f   node:node.exe
 0001:00003643       __imp_load_?New@Integer@v8@@SA?AV?$Local@VInteger@v8@@@2@PAVIsolate@2@H@Z 10004643 f   node:node.exe
 0001:0000364d       __imp_load_?New@Signature@v8@@SA?AV?$Local@VSignature@v8@@@2@PAVIsolate@2@V?$Local@VFunctionTemplate@v8@@@2@@Z 1000464d f   node:node.exe
 0001:00003657       __imp_load_?ThrowException@Isolate@v8@@QAE?AV?$Local@VValue@v8@@@2@V32@@Z 10004657 f   node:node.exe
 0001:00003661       __imp_load_?GetCurrentContext@Isolate@v8@@QAE?AV?$Local@VContext@v8@@@2@XZ 10004661 f   node:node.exe
 0001:0000366b       __imp_load_?GetCurrent@Isolate@v8@@SAPAV12@XZ 1000466b f   node:node.exe
 0001:00003675       __imp_load_?CreateHandle@HandleScope@v8@@KAPAIPAVIsolate@internal@2@I@Z 10004675 f   node:node.exe
 0001:0000367f       __imp_load_??1HandleScope@v8@@QAE@XZ 1000467f f   node:node.exe
 0001:00003689       __imp_load_??0HandleScope@v8@@QAE@PAVIsolate@1@@Z 10004689 f   node:node.exe
 0001:00003693       __imp_load_?Set@Template@v8@@QAEXV?$Local@VName@v8@@@2@V?$Local@VData@v8@@@2@W4PropertyAttribute@2@@Z 10004693 f   node:node.exe
 0001:0000369d       __imp_load_?TypeError@Exception@v8@@SA?AV?$Local@VValue@v8@@@2@V?$Local@VString@v8@@@2@@Z 1000469d f   node:node.exe
 0001:000036a7       __imp_load_?SetClassName@FunctionTemplate@v8@@QAEXV?$Local@VString@v8@@@2@@Z 100046a7 f   node:node.exe
 0001:000036b1       __imp_load_?PrototypeTemplate@FunctionTemplate@v8@@QAE?AV?$Local@VObjectTemplate@v8@@@2@XZ 100046b1 f   node:node.exe
 0001:000036bb       __imp_load_?InstanceTemplate@FunctionTemplate@v8@@QAE?AV?$Local@VObjectTemplate@v8@@@2@XZ 100046bb f   node:node.exe
 0001:000036c5       __imp_load_?GetFunction@FunctionTemplate@v8@@QAE?AV?$MaybeLocal@VFunction@v8@@@2@V?$Local@VContext@v8@@@2@@Z 100046c5 f   node:node.exe
 0001:000036cf       __imp_load_?New@FunctionTemplate@v8@@SA?AV?$Local@VFunctionTemplate@v8@@@2@PAVIsolate@2@P6AXABV?$FunctionCallbackInfo@VValue@v8@@@2@@ZV?$Local@VValue@v8@@@2@V?$Local@VSignature@v8@@@2@HW4ConstructorBehavior@2@W4SideEffectType@2@@Z 100046cf f   node:node.exe
 0001:000036d9       __imp_load_?New@ArrayBuffer@v8@@SA?AV?$Local@VArrayBuffer@v8@@@2@PAVIsolate@2@PAXIW4ArrayBufferCreationMode@2@@Z 100046d9 f   node:node.exe
 0001:000036e3       __imp_load_?ToLocalEmpty@V8@v8@@CAXXZ 100046e3 f   node:node.exe
 0001:000036ed       __imp_load_?FromJustIsNothing@V8@v8@@CAXXZ 100046ed f   node:node.exe
 0001:000036f7       __imp_load_?ClearWeak@V8@v8@@CAPAXPAI@Z 100046f7 f   node:node.exe
 0001:00003701       __imp_load_?MakeWeak@V8@v8@@CAXPAIPAXP6AXABV?$WeakCallbackInfo@X@2@@ZW4WeakCallbackType@2@@Z 10004701 f   node:node.exe
 0001:0000370b       __imp_load_?DisposeGlobal@V8@v8@@CAXPAI@Z 1000470b f   node:node.exe
 0001:00003715       __imp_load_?CopyGlobalReference@V8@v8@@CAPAIPAI@Z 10004715 f   node:node.exe
 0001:0000371f       __imp_load_?GlobalizeReference@V8@v8@@CAPAIPAVIsolate@internal@2@PAI@Z 1000471f f   node:node.exe
 0001:00003729       __imp_load_?IsFunction@Value@v8@@QBE_NXZ 10004729 f   node:node.exe
 0001:00003733       __imp_load_?NewFromUtf8@String@v8@@SA?AV?$MaybeLocal@VString@v8@@@2@PAVIsolate@2@PBDW4NewStringType@2@H@Z 10004733 f   node:node.exe
 0001:0000373d       __imp_load_?GetIsolate@Object@v8@@QAEPAVIsolate@2@XZ 1000473d f   node:node.exe
 0001:00003747       __imp_load_?SetAlignedPointerInInternalField@Object@v8@@QAEXHPAX@Z 10004747 f   node:node.exe
 0001:00003751       __imp_load_?InternalFieldCount@Object@v8@@QAEHXZ 10004751 f   node:node.exe
 0001:0000375b       __imp_load_?Set@Object@v8@@QAE?AV?$Maybe@_N@2@V?$Local@VContext@v8@@@2@V?$Local@VValue@v8@@@2@1@Z 1000475b f   node:node.exe
 0001:00003765       __imp_load_?New@BigUint64Array@v8@@SA?AV?$Local@VBigUint64Array@v8@@@2@V?$Local@VArrayBuffer@v8@@@2@II@Z 10004765 f   node:node.exe
 0001:0000376f       __imp_load_?SetName@Function@v8@@QAEXV?$Local@VString@v8@@@2@@Z 1000476f f   node:node.exe
 0001:00003779       __imp_load_?Call@Function@v8@@QAE?AV?$MaybeLocal@VValue@v8@@@2@V?$Local@VContext@v8@@@2@V?$Local@VValue@v8@@@2@HQAV52@@Z 10004779 f   node:node.exe
 0001:00003783       __imp_load_?NewInstance@Function@v8@@QBE?AV?$MaybeLocal@VObject@v8@@@2@V?$Local@VContext@v8@@@2@HQAV?$Local@VValue@v8@@@2@@Z 10004783 f   node:node.exe
 0001:0000378d       __imp_load_?SetInternalFieldCount@ObjectTemplate@v8@@QAEXH@Z 1000478d f   node:node.exe
 0001:00003797       __imp_load__uv_run         10004797 f   node:node.exe
 0001:000037a1       __imp_load__node_module_register 100047a1 f   node:node.exe
 0001:000037ab       __imp_load__uv_default_loop 100047ab f   node:node.exe
 0001:000037b5       __imp_load__uv_close       100047b5 f   node:node.exe
 0001:000037bf       __imp_load__uv_read_stop   100047bf f   node:node.exe
 0001:000037c9       __imp_load__uv_timer_init  100047c9 f   node:node.exe
 0001:000037d3       __imp_load__uv_rwlock_wrlock 100047d3 f   node:node.exe
 0001:000037dd       __imp_load__uv_rwlock_rdlock 100047dd f   node:node.exe
 0001:000037e7       __imp_load__uv_rwlock_init 100047e7 f   node:node.exe
 0001:000037f1       __imp_load__uv_rwlock_wrunlock 100047f1 f   node:node.exe
 0001:000037fb       __imp_load__uv_timer_start 100047fb f   node:node.exe
 0001:00003805       __imp_load__uv_pipe_connect 10004805 f   node:node.exe
 0001:0000380f       __imp_load__uv_read_start  1000480f f   node:node.exe
 0001:00003819       __imp_load__uv_rwlock_rdunlock 10004819 f   node:node.exe
 0001:00003823       __imp_load__uv_rwlock_destroy 10004823 f   node:node.exe
 0001:0000382d       __imp_load__uv_pipe_init   1000482d f   node:node.exe
 0001:00003837       __imp_load__uv_write       10004837 f   node:node.exe
 0001:00003841       ??0bad_alloc@std@@QAE@ABV01@@Z 10004841 f i libcpmt:xthrow.obj
 0001:0000385c       ??0bad_alloc@std@@QAE@XZ   1000485c f i libcpmt:xthrow.obj
 0001:00003874       ??0exception@std@@QAE@ABV01@@Z 10004874 f i libcpmt:xthrow.obj
 0001:000038a0       ??0exception@std@@QAE@QBD@Z 100048a0 f i libcpmt:xthrow.obj
 0001:000038d7       ??0length_error@std@@QAE@ABV01@@Z 100048d7 f i libcpmt:xthrow.obj
 0001:000038f2       ??0length_error@std@@QAE@PBD@Z 100048f2 f i libcpmt:xthrow.obj
 0001:00003913       ??0logic_error@std@@QAE@ABV01@@Z 10004913 f i libcpmt:xthrow.obj
 0001:0000392e       ??0out_of_range@std@@QAE@ABV01@@Z 1000492e f i libcpmt:xthrow.obj
 0001:00003949       ??0out_of_range@std@@QAE@PBD@Z 10004949 f i libcpmt:xthrow.obj
 0001:0000396a       ??1bad_array_new_length@std@@UAE@XZ 1000496a f i LIBCMT:throw_bad_alloc.obj
 0001:0000396a       ??1out_of_range@std@@UAE@XZ 1000496a f i libcpmt:xthrow.obj
 0001:0000396a       ??1length_error@std@@UAE@XZ 1000496a f i libcpmt:xthrow.obj
 0001:0000396a       ??1bad_alloc@std@@UAE@XZ   1000496a f i libcpmt:xthrow.obj
 0001:0000397b       ?__scrt_throw_std_bad_alloc@@YAXXZ 1000497b f   LIBCMT:throw_bad_alloc.obj
 0001:0000397b       ?_Xbad_alloc@std@@YAXXZ    1000497b f   libcpmt:xthrow.obj
 0001:00003998       ?_Xlength_error@std@@YAXPBD@Z 10004998 f   libcpmt:xthrow.obj
 0001:000039b8       ?_Xout_of_range@std@@YAXPBD@Z 100049b8 f   libcpmt:xthrow.obj
 0001:000039d8       ?what@exception@std@@UBEPBDXZ 100049d8 f i libcpmt:xthrow.obj
 0001:000039e5       @__security_check_cookie@4 100049e5 f   LIBCMT:_secchk_.obj
 0001:000039f6       ??2@YAPAXI@Z               100049f6 f   LIBCMT:new_scalar.obj
 0001:00003a6d       ___scrt_acquire_startup_lock 10004a6d f   LIBCMT:utility.obj
 0001:00003aa2       ___scrt_dllmain_after_initialize_c 10004aa2 f   LIBCMT:utility.obj
 0001:00003acd       ___scrt_dllmain_before_initialize_c 10004acd f   LIBCMT:utility.obj
 0001:00003adb       ___scrt_dllmain_crt_thread_attach 10004adb f   LIBCMT:utility.obj
 0001:00003afa       ___scrt_dllmain_crt_thread_detach 10004afa f   LIBCMT:utility.obj
 0001:00003b07       ___scrt_dllmain_exception_filter 10004b07 f   LIBCMT:utility.obj
 0001:00003b3a       ___scrt_dllmain_uninitialize_c 10004b3a f   LIBCMT:utility.obj
 0001:00003b5d       ___scrt_dllmain_uninitialize_critical 10004b5d f   LIBCMT:utility.obj
 0001:00003b6a       ___scrt_initialize_crt     10004b6a f   LIBCMT:utility.obj
 0001:00003ba3       ___scrt_initialize_onexit_tables 10004ba3 f   LIBCMT:utility.obj
 0001:00003c3a       ___scrt_is_nonwritable_in_current_image 10004c3a f   LIBCMT:utility.obj
 0001:00003cc4       ___scrt_release_startup_lock 10004cc4 f   LIBCMT:utility.obj
 0001:00003ce1       ___scrt_uninitialize_crt   10004ce1 f   LIBCMT:utility.obj
 0001:00003d09       __onexit                   10004d09 f   LIBCMT:utility.obj
 0001:00003d44       _atexit                    10004d44 f   LIBCMT:utility.obj
 0001:00003d59       ??3@YAXPAXI@Z              10004d59 f   LIBCMT:delete_scalar_size.obj
 0001:00003d67       ??3@YAXPAX@Z               10004d67 f   LIBCMT:delete_scalar.obj
 0001:00004074       __DllMainCRTStartup@12     10005074 f   LIBCMT:dll_dllmain.obj
 0001:00004097       ??_Gtype_info@@UAEPAXI@Z   10005097 f i LIBCMT:std_type_info_static.obj
 0001:00004097       ??_Etype_info@@UAEPAXI@Z   10005097 f i LIBCMT:std_type_info_static.obj
 0001:000040ba       ___raise_securityfailure   100050ba f   LIBCMT:gs_report.obj
 0001:000040e2       ___report_gsfailure        100050e2 f   LIBCMT:gs_report.obj
 0001:000041dd       ??0bad_array_new_length@std@@QAE@ABV01@@Z 100051dd f i LIBCMT:throw_bad_alloc.obj
 0001:000041f8       ??0bad_array_new_length@std@@QAE@XZ 100051f8 f i LIBCMT:throw_bad_alloc.obj
 0001:00004210       ??_Gbad_array_new_length@std@@UAEPAXI@Z 10005210 f i LIBCMT:throw_bad_alloc.obj
 0001:00004210       ??_Glength_error@std@@UAEPAXI@Z 10005210 f i libcpmt:xthrow.obj
 0001:00004210       ??_Gexception@std@@UAEPAXI@Z 10005210 f i libcpmt:xthrow.obj
 0001:00004210       ??_Ebad_array_new_length@std@@UAEPAXI@Z 10005210 f i LIBCMT:throw_bad_alloc.obj
 0001:00004210       ??_Glogic_error@std@@UAEPAXI@Z 10005210 f i libcpmt:xthrow.obj
 0001:00004210       ??_Gout_of_range@std@@UAEPAXI@Z 10005210 f i libcpmt:xthrow.obj
 0001:00004210       ??_Eexception@std@@UAEPAXI@Z 10005210 f i libcpmt:xthrow.obj
 0001:00004210       ??_Gbad_alloc@std@@UAEPAXI@Z 10005210 f i libcpmt:xthrow.obj
 0001:00004210       ??_Elength_error@std@@UAEPAXI@Z 10005210 f i libcpmt:xthrow.obj
 0001:00004210       ??_Eout_of_range@std@@UAEPAXI@Z 10005210 f i libcpmt:xthrow.obj
 0001:00004210       ??_Ebad_alloc@std@@UAEPAXI@Z 10005210 f i libcpmt:xthrow.obj
 0001:00004210       ??_Elogic_error@std@@UAEPAXI@Z 10005210 f i libcpmt:xthrow.obj
 0001:0000423d       ?__scrt_throw_std_bad_array_new_length@@YAXXZ 1000523d f   LIBCMT:throw_bad_alloc.obj
 0001:0000425a       ___isa_available_init      1000525a f   LIBCMT:_cpu_disp_.obj
 0001:000043f4       __get_startup_argv_mode    100053f4 f   LIBCMT:argv_mode.obj
 0001:000043f8       ___scrt_is_ucrt_dll_in_use 100053f8 f   LIBCMT:ucrt_detection.obj
 0001:00004404       ___scrt_fastfail           10005404 f   LIBCMT:utility_desktop.obj
 0001:0000451f       __crt_debugger_hook        1000551f f   LIBCMT:utility_desktop.obj
 0001:00004527       @_guard_check_icall@4      10005527 f i LIBCMT:checkcfg.obj
 0001:00004530       __SEH_prolog4              10005530 f   LIBCMT:_sehprolg4_.obj
 0001:00004576       __SEH_epilog4              10005576 f   LIBCMT:_sehprolg4_.obj
 0001:0000458b       ___security_init_cookie    1000558b f   LIBCMT:gs_support.obj
 0001:00004627       _DllMain@12                10005627 f   LIBCMT:dll_dllmain_stub.obj
 0001:0000462d       ?__scrt_initialize_type_info@@YAXXZ 1000562d f   LIBCMT:tncleanup.obj
 0001:00004639       ?__scrt_uninitialize_type_info@@YAXXZ 10005639 f   LIBCMT:tncleanup.obj
 0001:00004645       ___local_stdio_scanf_options 10005645 f i LIBCMT:default_local_stdio_options.obj
 0001:0000464b       ___scrt_initialize_default_local_stdio_options 1000564b f   LIBCMT:default_local_stdio_options.obj
 0001:00004668       ___scrt_get_dyn_tls_init_callback 10005668 f   LIBCMT:dyn_tls_init.obj
 0001:0000466e       __RTC_Initialize           1000566e f   LIBCMT:_initsect_.obj
 0001:00004699       __RTC_Terminate            10005699 f   LIBCMT:_initsect_.obj
 0001:000046d0       _memmove                   100056d0 f   libvcruntime:memmove.obj
 0001:00004c44       ___std_exception_copy      10005c44 f   libvcruntime:std_exception.obj
 0001:00004ca7       ___std_exception_destroy   10005ca7 f   libvcruntime:std_exception.obj
 0001:00004cc6       __CxxThrowException@8      10005cc6 f   libvcruntime:throw.obj
 0001:00004d34       ___vcrt_initialize         10005d34 f   libvcruntime:initialization.obj
 0001:00004d5d       ___vcrt_thread_attach      10005d5d f   libvcruntime:initialization.obj
 0001:00004d68       ___vcrt_thread_detach      10005d68 f   libvcruntime:initialization.obj
 0001:00004d73       ___vcrt_uninitialize       10005d73 f   libvcruntime:initialization.obj
 0001:00004d92       ___vcrt_uninitialize_critical 10005d92 f   libvcruntime:initialization.obj
 0001:00004de0       __except_handler4          10005de0 f   libvcruntime:_chandler4_.obj
 0001:00004f50       _memset                    10005f50 f   libvcruntime:memset.obj
 0001:000050aa       ___std_type_info_destroy_list 100060aa f   libvcruntime:std_type_info.obj
 0001:000050cd       ___vcrt_initialize_pure_virtual_call_handler 100060cd f   libvcruntime:purevirt_data.obj
 0001:000050ea       ___vcrt_freefls@4          100060ea f   libvcruntime:per_thread_data.obj
 0001:00005106       ___vcrt_freeptd            10006106 f   libvcruntime:per_thread_data.obj
 0001:0000513c       ___vcrt_getptd_noexit      1000613c f   libvcruntime:per_thread_data.obj
 0001:000051ce       ___vcrt_initialize_ptd     100061ce f   libvcruntime:per_thread_data.obj
 0001:00005201       ___vcrt_uninitialize_ptd   10006201 f   libvcruntime:per_thread_data.obj
 0001:0000521c       ___vcrt_initialize_locks   1000621c f   libvcruntime:locks.obj
 0001:00005258       ___vcrt_uninitialize_locks 10006258 f   libvcruntime:locks.obj
 0001:00005287       ??$__crt_fast_encode_pointer@PAX@@YAPAXQAX@Z 10006287 f i libvcruntime:winapi_downlevel.obj
 0001:00005287       ??$__crt_fast_encode_pointer@PAP6AXXZ@@YAPAP6AXXZQAP6AXXZ@Z 10006287 f i LIBCMT:utility.obj
 0001:000053c5       ___vcrt_FlsAlloc           100063c5 f   libvcruntime:winapi_downlevel.obj
 0001:000053ff       ___vcrt_FlsFree            100063ff f   libvcruntime:winapi_downlevel.obj
 0001:00005439       ___vcrt_FlsGetValue        10006439 f   libvcruntime:winapi_downlevel.obj
 0001:00005473       ___vcrt_FlsSetValue        10006473 f   libvcruntime:winapi_downlevel.obj
 0001:000054b0       ___vcrt_InitializeCriticalSectionEx 100064b0 f   libvcruntime:winapi_downlevel.obj
 0001:000054f6       ___vcrt_initialize_winapi_thunks 100064f6 f   libvcruntime:winapi_downlevel.obj
 0001:00005530       ___vcrt_uninitialize_winapi_thunks 10006530 f   libvcruntime:winapi_downlevel.obj
 0001:00005570       __local_unwind4            10006570 f   libvcruntime:_exsup4_.obj
 0001:00005646       __seh_longjmp_unwind4@4    10006646 f   libvcruntime:_exsup4_.obj
 0001:0000566e       @_EH4_CallFilterFunc@8     1000666e f   libvcruntime:_exsup4_.obj
 0001:00005685       @_EH4_TransferToHandler@8  10006685 f   libvcruntime:_exsup4_.obj
 0001:0000569e       @_EH4_GlobalUnwind2@8      1000669e f   libvcruntime:_exsup4_.obj
 0001:000056b7       @_EH4_LocalUnwind@16       100066b7 f   libvcruntime:_exsup4_.obj
 0001:000056d0       __global_unwind2           100066d0 f   libvcruntime:_exsup_.obj
 0001:00005735       __local_unwind2            10006735 f   libvcruntime:_exsup_.obj
 0001:000057b9       __abnormal_termination     100067b9 f   libvcruntime:_exsup_.obj
 0001:000057dc       __NLG_Notify1              100067dc f   libvcruntime:_exsup_.obj
 0001:000057e5       __NLG_Notify               100067e5 f   libvcruntime:_exsup_.obj
 0001:000057fc       __NLG_Dispatch             100067fc     libvcruntime:_exsup_.obj
 0001:000057fc       __NLG_Dispatch2            100067fc     libvcruntime:_exsup_.obj
 0001:00005804       __NLG_Call                 10006804 f   libvcruntime:_exsup_.obj
 0001:00005806       __NLG_Return2              10006806     libvcruntime:_exsup_.obj
 0001:00005807       ??$?RV<lambda_ab9923ffb5d694ec0d78876dd103e44f>@@AAV<lambda_481dd5778c961fbcd3b60b650e9b9dc4>@@V<lambda_7923d86c9e3f319b415918ec4b39749c>@@@?$__crt_seh_guarded_call@H@@QAEH$$QAV<lambda_ab9923ffb5d694ec0d78876dd103e44f>@@AAV<lambda_481dd5778c961fbcd3b60b650e9b9dc4>@@$$QAV<lambda_7923d86c9e3f319b415918ec4b39749c>@@@Z 10006807 f i libucrt:output.obj
 0001:00005858       ??$__acrt_lock_stream_and_call@V<lambda_481dd5778c961fbcd3b60b650e9b9dc4>@@@@YAHQAU_iobuf@@$$QAV<lambda_481dd5778c961fbcd3b60b650e9b9dc4>@@@Z 10006858 f i libucrt:output.obj
 0001:00005b81       ??$count@D@formatting_buffer@__crt_stdio_output@@QBEIXZ 10006b81 f i libucrt:output.obj
 0001:00005b99       ??$ensure_buffer_is_big_enough@D@formatting_buffer@__crt_stdio_output@@QAE_NI@Z 10006b99 f i libucrt:output.obj
 0001:00005c1f       ??$is_wide_character_specifier@D@__crt_stdio_output@@YA_N_KDW4length_modifier@0@@Z 10006c1f f i libucrt:output.obj
 0001:00005c5f       ??$is_wide_character_specifier@_W@__crt_stdio_output@@YA_N_K_WW4length_modifier@0@@Z 10006c5f f i libucrt:output.obj
 0001:00005cae       ??$scratch_data@D@formatting_buffer@__crt_stdio_output@@QAEPADXZ 10006cae f i libucrt:output.obj
 0001:00005ccc       ??$type_case_integer_parse_into_buffer@I@?$output_processor@_WV?$stream_output_adapter@_W@__crt_stdio_output@@V?$standard_base@_WV?$stream_output_adapter@_W@__crt_stdio_output@@@2@@__crt_stdio_output@@AAEXII_N@Z 10006ccc f i libucrt:output.obj
 0001:00005ccc       ??$type_case_integer_parse_into_buffer@I@?$output_processor@_WV?$string_output_adapter@_W@__crt_stdio_output@@V?$standard_base@_WV?$string_output_adapter@_W@__crt_stdio_output@@@2@@__crt_stdio_output@@AAEXII_N@Z 10006ccc f i libucrt:output.obj
 0001:00005ccc       ??$type_case_integer_parse_into_buffer@I@?$output_processor@DV?$string_output_adapter@D@__crt_stdio_output@@V?$standard_base@DV?$string_output_adapter@D@__crt_stdio_output@@@2@@__crt_stdio_output@@AAEXII_N@Z 10006ccc f i libucrt:output.obj
 0001:00005d41       ??$type_case_integer_parse_into_buffer@_K@?$output_processor@_WV?$string_output_adapter@_W@__crt_stdio_output@@V?$standard_base@_WV?$string_output_adapter@_W@__crt_stdio_output@@@2@@__crt_stdio_output@@AAEX_KI_N@Z 10006d41 f i libucrt:output.obj
 0001:00005d41       ??$type_case_integer_parse_into_buffer@_K@?$output_processor@DV?$string_output_adapter@D@__crt_stdio_output@@V?$standard_base@DV?$string_output_adapter@D@__crt_stdio_output@@@2@@__crt_stdio_output@@AAEX_KI_N@Z 10006d41 f i libucrt:output.obj
 0001:00005d41       ??$type_case_integer_parse_into_buffer@_K@?$output_processor@_WV?$stream_output_adapter@_W@__crt_stdio_output@@V?$standard_base@_WV?$stream_output_adapter@_W@__crt_stdio_output@@@2@@__crt_stdio_output@@AAEX_KI_N@Z 10006d41 f i libucrt:output.obj
 0001:00005dc9       ??$write_multiple_characters@V?$stream_output_adapter@_W@__crt_stdio_output@@D@__crt_stdio_output@@YAXABV?$stream_output_adapter@_W@0@DHQAH@Z 10006dc9 f i libucrt:output.obj
 0001:00005dfa       ??$write_multiple_characters@V?$string_output_adapter@D@__crt_stdio_output@@D@__crt_stdio_output@@YAXABV?$string_output_adapter@D@0@DHQAH@Z 10006dfa f i libucrt:output.obj
 0001:00005e26       ??$write_multiple_characters@V?$string_output_adapter@_W@__crt_stdio_output@@D@__crt_stdio_output@@YAXABV?$string_output_adapter@_W@0@DHQAH@Z 10006e26 f i libucrt:output.obj
 0001:00005e57       ??0?$common_data@D@__crt_stdio_output@@IAE@XZ 10006e57 f i libucrt:output.obj
 0001:00005e9e       ??0?$common_data@_W@__crt_stdio_output@@IAE@XZ 10006e9e f i libucrt:output.obj
 0001:00005eea       ??0?$output_adapter_data@DV?$string_output_adapter@D@__crt_stdio_output@@@__crt_stdio_output@@IAE@ABV?$string_output_adapter@D@1@_KQBDQAU__crt_locale_pointers@@QAD@Z 10006eea f i libucrt:output.obj
 0001:00005f26       ??0?$output_adapter_data@_WV?$stream_output_adapter@_W@__crt_stdio_output@@@__crt_stdio_output@@IAE@ABV?$stream_output_adapter@_W@1@_KQB_WQAU__crt_locale_pointers@@QAD@Z 10006f26 f i libucrt:output.obj
 0001:00005f26       ??0?$output_adapter_data@_WV?$string_output_adapter@_W@__crt_stdio_output@@@__crt_stdio_output@@IAE@ABV?$string_output_adapter@_W@1@_KQB_WQAU__crt_locale_pointers@@QAD@Z 10006f26 f i libucrt:output.obj
 0001:00005f62       ??0?$output_processor@DV?$string_output_adapter@D@__crt_stdio_output@@V?$standard_base@DV?$string_output_adapter@D@__crt_stdio_output@@@2@@__crt_stdio_output@@QAE@ABV?$string_output_adapter@D@1@_KQBDQAU__crt_locale_pointers@@QAD@Z 10006f62 f i libucrt:output.obj
 0001:00005f97       ??0?$output_processor@_WV?$string_output_adapter@_W@__crt_stdio_output@@V?$standard_base@_WV?$string_output_adapter@_W@__crt_stdio_output@@@2@@__crt_stdio_output@@QAE@ABV?$string_output_adapter@_W@1@_KQB_WQAU__crt_locale_pointers@@QAD@Z 10006f97 f i libucrt:output.obj
 0001:00005f97       ??0?$output_processor@_WV?$stream_output_adapter@_W@__crt_stdio_output@@V?$standard_base@_WV?$stream_output_adapter@_W@__crt_stdio_output@@@2@@__crt_stdio_output@@QAE@ABV?$stream_output_adapter@_W@1@_KQB_WQAU__crt_locale_pointers@@QAD@Z 10006f97 f i libucrt:output.obj
 0001:00005fcc       ??0_LocaleUpdate@@QAE@QAU__crt_locale_pointers@@@Z 10006fcc f i libucrt:output.obj
 0001:0000604f       ??1formatting_buffer@__crt_stdio_output@@QAE@XZ 1000704f f i libucrt:output.obj
 0001:00006069       ??4?$__crt_unique_heap_ptr@DU__crt_internal_free_policy@@@@QAEAAV0@$$QAV0@@Z 10007069 f i libucrt:output.obj
 0001:0000614a       ?crop_zeroes@__crt_stdio_output@@YAXPADQAU__crt_locale_pointers@@@Z 1000714a f i libucrt:output.obj
 0001:000061a1       ?find_next_state@?$output_processor@DV?$string_output_adapter@D@__crt_stdio_output@@V?$standard_base@DV?$string_output_adapter@D@__crt_stdio_output@@@2@@__crt_stdio_output@@ABE?AW4state@2@DW432@@Z 100071a1 f i libucrt:output.obj
 0001:000061d3       ?find_next_state@?$output_processor@_WV?$string_output_adapter@_W@__crt_stdio_output@@V?$standard_base@_WV?$string_output_adapter@_W@__crt_stdio_output@@@2@@__crt_stdio_output@@ABE?AW4state@2@_WW432@@Z 100071d3 f i libucrt:output.obj
 0001:000061d3       ?find_next_state@?$output_processor@_WV?$stream_output_adapter@_W@__crt_stdio_output@@V?$standard_base@_WV?$stream_output_adapter@_W@__crt_stdio_output@@@2@@__crt_stdio_output@@ABE?AW4state@2@_WW432@@Z 100071d3 f i libucrt:output.obj
 0001:00006207       ?force_decimal_point@__crt_stdio_output@@YAXPADQAU__crt_locale_pointers@@@Z 10007207 f i libucrt:output.obj
 0001:00006263       ?parse_int_from_format_string@?$output_processor@DV?$string_output_adapter@D@__crt_stdio_output@@V?$standard_base@DV?$string_output_adapter@D@__crt_stdio_output@@@2@@__crt_stdio_output@@AAE_NQAH@Z 10007263 f i libucrt:output.obj
 0001:000062bf       ?parse_int_from_format_string@?$output_processor@_WV?$string_output_adapter@_W@__crt_stdio_output@@V?$standard_base@_WV?$string_output_adapter@_W@__crt_stdio_output@@@2@@__crt_stdio_output@@AAE_NQAH@Z 100072bf f i libucrt:output.obj
 0001:000062bf       ?parse_int_from_format_string@?$output_processor@_WV?$stream_output_adapter@_W@__crt_stdio_output@@V?$standard_base@_WV?$stream_output_adapter@_W@__crt_stdio_output@@@2@@__crt_stdio_output@@AAE_NQAH@Z 100072bf f i libucrt:output.obj
 0001:0000631d       ?process@?$output_processor@DV?$string_output_adapter@D@__crt_stdio_output@@V?$standard_base@DV?$string_output_adapter@D@__crt_stdio_output@@@2@@__crt_stdio_output@@QAEHXZ 1000731d f i libucrt:output.obj
 0001:00006439       ?process@?$output_processor@_WV?$stream_output_adapter@_W@__crt_stdio_output@@V?$standard_base@_WV?$stream_output_adapter@_W@__crt_stdio_output@@@2@@__crt_stdio_output@@QAEHXZ 10007439 f i libucrt:output.obj
 0001:00006559       ?process@?$output_processor@_WV?$string_output_adapter@_W@__crt_stdio_output@@V?$standard_base@_WV?$string_output_adapter@_W@__crt_stdio_output@@@2@@__crt_stdio_output@@QAEHXZ 10007559 f i libucrt:output.obj
 0001:00006679       ?state_case_flag@?$output_processor@DV?$string_output_adapter@D@__crt_stdio_output@@V?$standard_base@DV?$string_output_adapter@D@__crt_stdio_output@@@2@@__crt_stdio_output@@AAE_NXZ 10007679 f i libucrt:output.obj
 0001:000066b6       ?state_case_flag@?$output_processor@_WV?$stream_output_adapter@_W@__crt_stdio_output@@V?$standard_base@_WV?$stream_output_adapter@_W@__crt_stdio_output@@@2@@__crt_stdio_output@@AAE_NXZ 100076b6 f i libucrt:output.obj
 0001:000066b6       ?state_case_flag@?$output_processor@_WV?$string_output_adapter@_W@__crt_stdio_output@@V?$standard_base@_WV?$string_output_adapter@_W@__crt_stdio_output@@@2@@__crt_stdio_output@@AAE_NXZ 100076b6 f i libucrt:output.obj
 0001:000066f3       ?state_case_normal@?$output_processor@DV?$string_output_adapter@D@__crt_stdio_output@@V?$standard_base@DV?$string_output_adapter@D@__crt_stdio_output@@@2@@__crt_stdio_output@@AAE_NXZ 100076f3 f i libucrt:output.obj
 0001:00006712       ?state_case_normal@?$output_processor@_WV?$stream_output_adapter@_W@__crt_stdio_output@@V?$standard_base@_WV?$stream_output_adapter@_W@__crt_stdio_output@@@2@@__crt_stdio_output@@AAE_NXZ 10007712 f i libucrt:output.obj
 0001:00006731       ?state_case_normal@?$output_processor@_WV?$string_output_adapter@_W@__crt_stdio_output@@V?$standard_base@_WV?$string_output_adapter@_W@__crt_stdio_output@@@2@@__crt_stdio_output@@AAE_NXZ 10007731 f i libucrt:output.obj
 0001:00006750       ?state_case_normal_common@?$output_processor@DV?$string_output_adapter@D@__crt_stdio_output@@V?$standard_base@DV?$string_output_adapter@D@__crt_stdio_output@@@2@@__crt_stdio_output@@AAE_NXZ 10007750 f i libucrt:output.obj
 0001:0000677a       ?state_case_normal_common@?$output_processor@_WV?$stream_output_adapter@_W@__crt_stdio_output@@V?$standard_base@_WV?$stream_output_adapter@_W@__crt_stdio_output@@@2@@__crt_stdio_output@@AAE_NXZ 1000777a f i libucrt:output.obj
 0001:00006795       ?state_case_normal_common@?$output_processor@_WV?$string_output_adapter@_W@__crt_stdio_output@@V?$standard_base@_WV?$string_output_adapter@_W@__crt_stdio_output@@@2@@__crt_stdio_output@@AAE_NXZ 10007795 f i libucrt:output.obj
 0001:000067b0       ?state_case_normal_tchar@?$output_processor@DV?$string_output_adapter@D@__crt_stdio_output@@V?$standard_base@DV?$string_output_adapter@D@__crt_stdio_output@@@2@@__crt_stdio_output@@AAE_ND@Z 100077b0 f i libucrt:output.obj
 0001:00006811       ?state_case_precision@?$output_processor@DV?$string_output_adapter@D@__crt_stdio_output@@V?$standard_base@DV?$string_output_adapter@D@__crt_stdio_output@@@2@@__crt_stdio_output@@AAE_NXZ 10007811 f i libucrt:output.obj
 0001:00006839       ?state_case_precision@?$output_processor@_WV?$stream_output_adapter@_W@__crt_stdio_output@@V?$standard_base@_WV?$stream_output_adapter@_W@__crt_stdio_output@@@2@@__crt_stdio_output@@AAE_NXZ 10007839 f i libucrt:output.obj
 0001:00006839       ?state_case_precision@?$output_processor@_WV?$string_output_adapter@_W@__crt_stdio_output@@V?$standard_base@_WV?$string_output_adapter@_W@__crt_stdio_output@@@2@@__crt_stdio_output@@AAE_NXZ 10007839 f i libucrt:output.obj
 0001:00006862       ?state_case_size@?$output_processor@DV?$string_output_adapter@D@__crt_stdio_output@@V?$standard_base@DV?$string_output_adapter@D@__crt_stdio_output@@@2@@__crt_stdio_output@@AAE_NXZ 10007862 f i libucrt:output.obj
 0001:000069cb       ?state_case_size@?$output_processor@_WV?$stream_output_adapter@_W@__crt_stdio_output@@V?$standard_base@_WV?$stream_output_adapter@_W@__crt_stdio_output@@@2@@__crt_stdio_output@@AAE_NXZ 100079cb f i libucrt:output.obj
 0001:00006b47       ?state_case_size@?$output_processor@_WV?$string_output_adapter@_W@__crt_stdio_output@@V?$standard_base@_WV?$string_output_adapter@_W@__crt_stdio_output@@@2@@__crt_stdio_output@@AAE_NXZ 10007b47 f i libucrt:output.obj
 0001:00006cc3       ?state_case_type@?$output_processor@DV?$string_output_adapter@D@__crt_stdio_output@@V?$standard_base@DV?$string_output_adapter@D@__crt_stdio_output@@@2@@__crt_stdio_output@@AAE_NXZ 10007cc3 f i libucrt:output.obj
 0001:00006ef2       ?state_case_type@?$output_processor@_WV?$stream_output_adapter@_W@__crt_stdio_output@@V?$standard_base@_WV?$stream_output_adapter@_W@__crt_stdio_output@@@2@@__crt_stdio_output@@AAE_NXZ 10007ef2 f i libucrt:output.obj
 0001:0000714f       ?state_case_type@?$output_processor@_WV?$string_output_adapter@_W@__crt_stdio_output@@V?$standard_base@_WV?$string_output_adapter@_W@__crt_stdio_output@@@2@@__crt_stdio_output@@AAE_NXZ 1000814f f i libucrt:output.obj
 0001:000073ac       ?state_case_width@?$output_processor@DV?$string_output_adapter@D@__crt_stdio_output@@V?$standard_base@DV?$string_output_adapter@D@__crt_stdio_output@@@2@@__crt_stdio_output@@AAE_NXZ 100083ac f i libucrt:output.obj
 0001:000073d7       ?state_case_width@?$output_processor@_WV?$stream_output_adapter@_W@__crt_stdio_output@@V?$standard_base@_WV?$stream_output_adapter@_W@__crt_stdio_output@@@2@@__crt_stdio_output@@AAE_NXZ 100083d7 f i libucrt:output.obj
 0001:000073d7       ?state_case_width@?$output_processor@_WV?$string_output_adapter@_W@__crt_stdio_output@@V?$standard_base@_WV?$string_output_adapter@_W@__crt_stdio_output@@@2@@__crt_stdio_output@@AAE_NXZ 100083d7 f i libucrt:output.obj
 0001:00007403       ?to_integer_size@__crt_stdio_output@@YAIW4length_modifier@1@@Z 10008403 f i libucrt:output.obj
 0001:0000745f       ?type_case_Z@?$output_processor@DV?$string_output_adapter@D@__crt_stdio_output@@V?$standard_base@DV?$string_output_adapter@D@__crt_stdio_output@@@2@@__crt_stdio_output@@AAE_NXZ 1000845f f i libucrt:output.obj
 0001:000074c2       ?type_case_Z@?$output_processor@_WV?$stream_output_adapter@_W@__crt_stdio_output@@V?$standard_base@_WV?$stream_output_adapter@_W@__crt_stdio_output@@@2@@__crt_stdio_output@@AAE_NXZ 100084c2 f i libucrt:output.obj
 0001:000074c2       ?type_case_Z@?$output_processor@_WV?$string_output_adapter@_W@__crt_stdio_output@@V?$standard_base@_WV?$string_output_adapter@_W@__crt_stdio_output@@@2@@__crt_stdio_output@@AAE_NXZ 100084c2 f i libucrt:output.obj
 0001:00007525       ?type_case_a@?$output_processor@DV?$string_output_adapter@D@__crt_stdio_output@@V?$standard_base@DV?$string_output_adapter@D@__crt_stdio_output@@@2@@__crt_stdio_output@@AAE_NXZ 10008525 f i libucrt:output.obj
 0001:0000767f       ?type_case_a@?$output_processor@_WV?$stream_output_adapter@_W@__crt_stdio_output@@V?$standard_base@_WV?$stream_output_adapter@_W@__crt_stdio_output@@@2@@__crt_stdio_output@@AAE_NXZ 1000867f f i libucrt:output.obj
 0001:0000767f       ?type_case_a@?$output_processor@_WV?$string_output_adapter@_W@__crt_stdio_output@@V?$standard_base@_WV?$string_output_adapter@_W@__crt_stdio_output@@@2@@__crt_stdio_output@@AAE_NXZ 1000867f f i libucrt:output.obj
 0001:000077f1       ?type_case_c_tchar@?$output_processor@DV?$string_output_adapter@D@__crt_stdio_output@@V?$standard_base@DV?$string_output_adapter@D@__crt_stdio_output@@@2@@__crt_stdio_output@@AAE_ND@Z 100087f1 f i libucrt:output.obj
 0001:00007881       ?type_case_c_tchar@?$output_processor@_WV?$stream_output_adapter@_W@__crt_stdio_output@@V?$standard_base@_WV?$stream_output_adapter@_W@__crt_stdio_output@@@2@@__crt_stdio_output@@AAE_N_W@Z 10008881 f i libucrt:output.obj
 0001:00007881       ?type_case_c_tchar@?$output_processor@_WV?$string_output_adapter@_W@__crt_stdio_output@@V?$standard_base@_WV?$string_output_adapter@_W@__crt_stdio_output@@@2@@__crt_stdio_output@@AAE_N_W@Z 10008881 f i libucrt:output.obj
 0001:00007919       ?type_case_integer@?$output_processor@_WV?$string_output_adapter@_W@__crt_stdio_output@@V?$standard_base@_WV?$string_output_adapter@_W@__crt_stdio_output@@@2@@__crt_stdio_output@@AAE_NI_N@Z 10008919 f i libucrt:output.obj
 0001:00007919       ?type_case_integer@?$output_processor@DV?$string_output_adapter@D@__crt_stdio_output@@V?$standard_base@DV?$string_output_adapter@D@__crt_stdio_output@@@2@@__crt_stdio_output@@AAE_NI_N@Z 10008919 f i libucrt:output.obj
 0001:00007919       ?type_case_integer@?$output_processor@_WV?$stream_output_adapter@_W@__crt_stdio_output@@V?$standard_base@_WV?$stream_output_adapter@_W@__crt_stdio_output@@@2@@__crt_stdio_output@@AAE_NI_N@Z 10008919 f i libucrt:output.obj
 0001:00007a63       ?type_case_n@?$output_processor@_WV?$string_output_adapter@_W@__crt_stdio_output@@V?$standard_base@_WV?$string_output_adapter@_W@__crt_stdio_output@@@2@@__crt_stdio_output@@AAE_NXZ 10008a63 f i libucrt:output.obj
 0001:00007a63       ?type_case_n@?$output_processor@_WV?$stream_output_adapter@_W@__crt_stdio_output@@V?$standard_base@_WV?$stream_output_adapter@_W@__crt_stdio_output@@@2@@__crt_stdio_output@@AAE_NXZ 10008a63 f i libucrt:output.obj
 0001:00007a63       ?type_case_n@?$output_processor@DV?$string_output_adapter@D@__crt_stdio_output@@V?$standard_base@DV?$string_output_adapter@D@__crt_stdio_output@@@2@@__crt_stdio_output@@AAE_NXZ 10008a63 f i libucrt:output.obj
 0001:00007ad7       ?type_case_o@?$output_processor@_WV?$string_output_adapter@_W@__crt_stdio_output@@V?$standard_base@_WV?$string_output_adapter@_W@__crt_stdio_output@@@2@@__crt_stdio_output@@AAE_NXZ 10008ad7 f i libucrt:output.obj
 0001:00007ad7       ?type_case_o@?$output_processor@_WV?$stream_output_adapter@_W@__crt_stdio_output@@V?$standard_base@_WV?$stream_output_adapter@_W@__crt_stdio_output@@@2@@__crt_stdio_output@@AAE_NXZ 10008ad7 f i libucrt:output.obj
 0001:00007ad7       ?type_case_o@?$output_processor@DV?$string_output_adapter@D@__crt_stdio_output@@V?$standard_base@DV?$string_output_adapter@D@__crt_stdio_output@@@2@@__crt_stdio_output@@AAE_NXZ 10008ad7 f i libucrt:output.obj
 0001:00007af6       ?type_case_p@?$output_processor@_WV?$string_output_adapter@_W@__crt_stdio_output@@V?$standard_base@_WV?$string_output_adapter@_W@__crt_stdio_output@@@2@@__crt_stdio_output@@AAE_NXZ 10008af6 f i libucrt:output.obj
 0001:00007af6       ?type_case_p@?$output_processor@DV?$string_output_adapter@D@__crt_stdio_output@@V?$standard_base@DV?$string_output_adapter@D@__crt_stdio_output@@@2@@__crt_stdio_output@@AAE_NXZ 10008af6 f i libucrt:output.obj
 0001:00007af6       ?type_case_p@?$output_processor@_WV?$stream_output_adapter@_W@__crt_stdio_output@@V?$standard_base@_WV?$stream_output_adapter@_W@__crt_stdio_output@@@2@@__crt_stdio_output@@AAE_NXZ 10008af6 f i libucrt:output.obj
 0001:00007b0e       ?type_case_s@?$output_processor@DV?$string_output_adapter@D@__crt_stdio_output@@V?$standard_base@DV?$string_output_adapter@D@__crt_stdio_output@@@2@@__crt_stdio_output@@AAE_NXZ 10008b0e f i libucrt:output.obj
 0001:00007b81       ?type_case_s@?$output_processor@_WV?$string_output_adapter@_W@__crt_stdio_output@@V?$standard_base@_WV?$string_output_adapter@_W@__crt_stdio_output@@@2@@__crt_stdio_output@@AAE_NXZ 10008b81 f i libucrt:output.obj
 0001:00007b81       ?type_case_s@?$output_processor@_WV?$stream_output_adapter@_W@__crt_stdio_output@@V?$standard_base@_WV?$stream_output_adapter@_W@__crt_stdio_output@@@2@@__crt_stdio_output@@AAE_NXZ 10008b81 f i libucrt:output.obj
 0001:00007bf5       ?type_case_s_compute_narrow_string_length@?$output_processor@_WV?$stream_output_adapter@_W@__crt_stdio_output@@V?$standard_base@_WV?$stream_output_adapter@_W@__crt_stdio_output@@@2@@__crt_stdio_output@@ABEHH_W@Z 10008bf5 f i libucrt:output.obj
 0001:00007bf5       ?type_case_s_compute_narrow_string_length@?$output_processor@_WV?$string_output_adapter@_W@__crt_stdio_output@@V?$standard_base@_WV?$string_output_adapter@_W@__crt_stdio_output@@@2@@__crt_stdio_output@@ABEHH_W@Z 10008bf5 f i libucrt:output.obj
 0001:00007c35       ?write_character@?$stream_output_adapter@_W@__crt_stdio_output@@QBEX_WQAH@Z 10008c35 f i libucrt:output.obj
 0001:00007c75       ?write_character@?$string_output_adapter@D@__crt_stdio_output@@QBE_NDQAH@Z 10008c75 f i libucrt:output.obj
 0001:00007cb7       ?write_character@?$string_output_adapter@_W@__crt_stdio_output@@QBE_N_WQAH@Z 10008cb7 f i libucrt:output.obj
 0001:00007cfc       ?write_stored_string_tchar@?$output_processor@DV?$string_output_adapter@D@__crt_stdio_output@@V?$standard_base@DV?$string_output_adapter@D@__crt_stdio_output@@@2@@__crt_stdio_output@@AAE_ND@Z 10008cfc f i libucrt:output.obj
 0001:00007da3       ?write_stored_string_tchar@?$output_processor@_WV?$stream_output_adapter@_W@__crt_stdio_output@@V?$standard_base@_WV?$stream_output_adapter@_W@__crt_stdio_output@@@2@@__crt_stdio_output@@AAE_N_W@Z 10008da3 f i libucrt:output.obj
 0001:00007e2e       ?write_stored_string_tchar@?$output_processor@_WV?$string_output_adapter@_W@__crt_stdio_output@@V?$standard_base@_WV?$string_output_adapter@_W@__crt_stdio_output@@@2@@__crt_stdio_output@@AAE_N_W@Z 10008e2e f i libucrt:output.obj
 0001:00007eb9       ?write_string@?$stream_output_adapter@_W@__crt_stdio_output@@QBEXQB_WHQAH1@Z 10008eb9 f i libucrt:output.obj
 0001:00007f46       ?write_string@?$string_output_adapter@D@__crt_stdio_output@@QBEXQBDHQAH1@Z 10008f46 f i libucrt:output.obj
 0001:00007fd9       ?write_string@?$string_output_adapter@_W@__crt_stdio_output@@QBEXQB_WHQAH1@Z 10008fd9 f i libucrt:output.obj
 0001:00008073       ___stdio_common_vfwprintf  10009073 f   libucrt:output.obj
 0001:000080ea       ___stdio_common_vsprintf   100090ea f   libucrt:output.obj
 0001:0000810e       ___stdio_common_vswprintf  1000910e f   libucrt:output.obj
 0001:00008796       ??$ftprintf@PAU_iobuf@@PB_WABQB_WABQB_WABI@?$__crt_char_traits@_W@@SAH$$QAPAU_iobuf@@$$QAPB_WABQB_W2ABI@Z 10009796 f i libucrt:assert.obj
 0001:00008875       __vfwprintf_l              10009875 f i libucrt:assert.obj
 0001:0000889a       __vswprintf_c_l            1000989a f i libucrt:assert.obj
 0001:000088c9       __wassert                  100098c9 f   libucrt:assert.obj
 0001:00008911       _fwprintf                  10009911 f i libucrt:assert.obj
 0001:0000892c       _swprintf                  1000992c f i libucrt:assert.obj
 0001:0000894a       ___acrt_call_reportfault   1000994a f   libucrt:invalid_parameter.obj
 0001:00008a85       ___acrt_initialize_invalid_parameter_handler 10009a85 f   libucrt:invalid_parameter.obj
 0001:00008a99       __invalid_parameter        10009a99 f   libucrt:invalid_parameter.obj
 0001:00008b14       __invalid_parameter_noinfo 10009b14 f   libucrt:invalid_parameter.obj
 0001:00008b24       __invalid_parameter_noinfo_noreturn 10009b24 f   libucrt:invalid_parameter.obj
 0001:00008b41       __invoke_watson            10009b41 f   libucrt:invalid_parameter.obj
 0001:00008b74       _free                      10009b74 f   libucrt:free.obj
 0001:00008b79       _malloc                    10009b79 f   libucrt:malloc.obj
 0001:00008b84       ___ascii_stricmp           10009b84 f   libucrt:stricmp.obj
 0001:00008bbf       __stricmp                  10009bbf f   libucrt:stricmp.obj
 0001:00008c07       __stricmp_l                10009c07 f   libucrt:stricmp.obj
 0001:00008ca1       ___acrt_initialize_new_handler 10009ca1 f   libucrt:new_handler.obj
 0001:00008cb5       __callnewh                 10009cb5 f   libucrt:new_handler.obj
 0001:00008cf9       __query_new_handler        10009cf9 f   libucrt:new_handler.obj
 0001:00008d4b       __seh_filter_dll           10009d4b f   libucrt:exception_filter.obj
 0001:00008d6b       __seh_filter_exe           10009d6b f   libucrt:exception_filter.obj
 0001:000090f9       ___acrt_initialize_thread_local_exit_callback 1000a0f9 f   libucrt:exit.obj
 0001:00009108       __cexit                    1000a108 f   libucrt:exit.obj
 0001:00009117       __exit                     1000a117 f   libucrt:exit.obj
 0001:0000912d       __is_c_termination_complete 1000a12d f   libucrt:exit.obj
 0001:000093cc       ___acrt_allocate_buffer_for_argv 1000a3cc f   libucrt:argv_parsing.obj
 0001:00009421       __configure_narrow_argv    1000a421 f   libucrt:argv_parsing.obj
 0001:00009585       ??$uninitialize@A6AXAAPAPAD@Z@?$dual_state_global@PAPAD@__crt_state_management@@QAEXA6AXAAPAPAD@Z@Z 1000a585 f i libucrt:environment_initialization.obj
 0001:00009585       ??$uninitialize@A6AXAAPAPA_W@Z@?$dual_state_global@PAPA_W@__crt_state_management@@QAEXA6AXAAPAPA_W@Z@Z 1000a585 f i libucrt:environment_initialization.obj
 0001:000095fb       ?initialize@?$dual_state_global@P6AXPB_W00II@Z@__crt_state_management@@QAEXQ6AXPB_W00II@Z@Z 1000a5fb f i libucrt:invalid_parameter.obj
 0001:000095fb       ?initialize@?$dual_state_global@P6AXH@Z@__crt_state_management@@QAEXQ6AXH@Z@Z 1000a5fb f i libucrt:signal.obj
 0001:000095fb       ?initialize@?$dual_state_global@PAPAD@__crt_state_management@@QAEXQAPAD@Z 1000a5fb f i libucrt:environment_initialization.obj
 0001:000095fb       ?initialize@?$dual_state_global@PAU__crt_locale_data@@@__crt_state_management@@QAEXQAU__crt_locale_data@@@Z 1000a5fb f i libucrt:initialization.obj
 0001:000095fb       ?initialize@?$dual_state_global@P6AHI@Z@__crt_state_management@@QAEXQ6AHI@Z@Z 1000a5fb f i libucrt:new_handler.obj
 0001:000095fb       ?initialize@?$dual_state_global@P6AHPAU_exception@@@Z@__crt_state_management@@QAEXQ6AHPAU_exception@@@Z@Z 1000a5fb f i libucrt:matherr.obj
 0001:0000962c       ___dcrt_uninitialize_environments_nolock 1000a62c f   libucrt:environment_initialization.obj
 0001:00009663       __initialize_narrow_environment 1000a663 f   libucrt:environment_initialization.obj
 0001:00009668       ??$?RV<lambda_800076c951b434888f4765a74a194fcc>@@AAV<lambda_4e60a939b0d047cfe11ddc22648dfba9>@@V<lambda_6dbb1268764f43b569ce7b67e331d33a>@@@?$__crt_seh_guarded_call@H@@QAEH$$QAV<lambda_800076c951b434888f4765a74a194fcc>@@AAV<lambda_4e60a939b0d047cfe11ddc22648dfba9>@@$$QAV<lambda_6dbb1268764f43b569ce7b67e331d33a>@@@Z 1000a668 f i libucrt:onexit.obj
 0001:000096b9       ??$?RV<lambda_995298e7d72eb4c2aab26c0585b3abe5>@@AAV<lambda_275893d493268fdec8709772e3fcec0e>@@V<lambda_293819299cbf9a7022e18b56a874bb5c>@@@?$__crt_seh_guarded_call@H@@QAEH$$QAV<lambda_995298e7d72eb4c2aab26c0585b3abe5>@@AAV<lambda_275893d493268fdec8709772e3fcec0e>@@$$QAV<lambda_293819299cbf9a7022e18b56a874bb5c>@@@Z 1000a6b9 f i libucrt:onexit.obj
 0001:0000970a       ??$__acrt_lock_and_call@V<lambda_275893d493268fdec8709772e3fcec0e>@@@@YAHW4__acrt_lock_id@@$$QAV<lambda_275893d493268fdec8709772e3fcec0e>@@@Z 1000a70a f i libucrt:onexit.obj
 0001:00009732       ??$__acrt_lock_and_call@V<lambda_4e60a939b0d047cfe11ddc22648dfba9>@@@@YAHW4__acrt_lock_id@@$$QAV<lambda_4e60a939b0d047cfe11ddc22648dfba9>@@@Z 1000a732 f i libucrt:onexit.obj
 0001:0000975a       ??$__crt_fast_encode_pointer@P6AHXZ@@YAP6AHXZQ6AHXZ@Z 1000a75a f i libucrt:onexit.obj
 0001:000099da       __crt_atexit               1000a9da f   libucrt:onexit.obj
 0001:000099f0       __execute_onexit_table     1000a9f0 f   libucrt:onexit.obj
 0001:00009a0d       __initialize_onexit_table  1000aa0d f   libucrt:onexit.obj
 0001:00009a4a       __register_onexit_function 1000aa4a f   libucrt:onexit.obj
 0001:00009a9a       ___acrt_uninitialize_command_line 1000aa9a f   libucrt:argv_data.obj
 0001:00009b62       ___acrt_initialize         1000ab62 f   libucrt:initialization.obj
 0001:00009b74       ___acrt_thread_attach      1000ab74 f   libucrt:initialization.obj
 0001:00009b7f       ___acrt_thread_detach      1000ab7f f   libucrt:initialization.obj
 0001:00009b87       ___acrt_uninitialize       1000ab87 f   libucrt:initialization.obj
 0001:00009b99       ___acrt_uninitialize_critical 1000ab99 f   libucrt:initialization.obj
 0001:00009bab       __initterm                 1000abab f   libucrt:initterm.obj
 0001:00009c07       __initterm_e               1000ac07 f   libucrt:initterm.obj
 0001:00009c4c       _terminate                 1000ac4c f   libucrt:terminate.obj
 0001:00009c88       _abort                     1000ac88 f   libucrt:abort.obj
 0001:00009ccb       _strcpy_s                  1000accb f   libucrt:strcpy_s.obj
 0001:00009d25       __free_base                1000ad25 f   libucrt:free_base.obj
 0001:00009d5f       __malloc_base              1000ad5f f   libucrt:malloc_base.obj
 0001:00009dad       __calloc_base              1000adad f   libucrt:calloc_base.obj
 0001:00009e0a       ??$is_overflow_condition@K@__crt_strtox@@YA_NIK@Z 1000ae0a f i libucrt:atox.obj
 0001:00009e3d       ??$parse_integer@KV?$c_string_character_source@D@__crt_strtox@@@__crt_strtox@@YAKQAU__crt_locale_pointers@@V?$c_string_character_source@D@0@H_N@Z 1000ae3d f i libucrt:atox.obj
 0001:0000a065       ??$parse_integer@KV?$c_string_character_source@_W@__crt_strtox@@@__crt_strtox@@YAKQAU__crt_locale_pointers@@V?$c_string_character_source@_W@0@H_N@Z 1000b065 f i libucrt:atox.obj
 0001:0000a74a       ?unget@?$c_string_character_source@D@__crt_strtox@@QAEXD@Z 1000b74a f i libucrt:atox.obj
 0001:0000a772       ?unget@?$c_string_character_source@_W@__crt_strtox@@QAEX_W@Z 1000b772 f i libucrt:atox.obj
 0001:0000a79e       ?validate@?$string_output_adapter@D@__crt_stdio_output@@QBE_NXZ 1000b79e f i libucrt:output.obj
 0001:0000a79e       ?validate@?$c_string_character_source@_W@__crt_strtox@@QBE_NXZ 1000b79e f i libucrt:atox.obj
 0001:0000a79e       ?validate@?$c_string_character_source@D@__crt_strtox@@QBE_NXZ 1000b79e f i libucrt:atox.obj
 0001:0000a79e       ?validate@?$string_output_adapter@_W@__crt_stdio_output@@QBE_NXZ 1000b79e f i libucrt:output.obj
 0001:0000a79e       ?validate@?$stream_output_adapter@_W@__crt_stdio_output@@QBE_NXZ 1000b79e f i libucrt:output.obj
 0001:0000a7b9       __chvalidchk_l             1000b7b9 f i libucrt:atox.obj
 0001:0000a7e3       __ischartype_l             1000b7e3 f i libucrt:atox.obj
 0001:0000a816       __isdigit_l                1000b816 f i libucrt:_ctype.obj
 0001:0000a84e       _isdigit                   1000b84e f i libucrt:_ctype.obj
 0001:0000a9e2       __tolower_l                1000b9e2 f   libucrt:tolower_toupper.obj
 0001:0000a9fc       _tolower                   1000b9fc f   libucrt:tolower_toupper.obj
 0001:0000aa2c       ___acrt_errno_from_os_error 1000ba2c f   libucrt:errno.obj
 0001:0000aa6f       ___acrt_errno_map_os_error 1000ba6f f   libucrt:errno.obj
 0001:0000aa92       ___doserrno                1000ba92 f   libucrt:errno.obj
 0001:0000aaa5       __errno                    1000baa5 f   libucrt:errno.obj
 0001:0000aab8       ??$make_c_string_character_source@DPAPAD@__crt_strtox@@YA?AV?$c_string_character_source@D@0@QBDQAPAD@Z 1000bab8 f i libucrt:strtox.obj
 0001:0000aab8       ??$make_c_string_character_source@_WPAPA_W@__crt_strtox@@YA?AV?$c_string_character_source@_W@0@QB_WQAPA_W@Z 1000bab8 f i libucrt:strtox.obj
 0001:0000aad3       _strtol                    1000bad3 f   libucrt:strtox.obj
 0001:0000aaff       _wcstol                    1000baff f   libucrt:strtox.obj
 0001:0000ab2b       __mbtowc_l                 1000bb2b f   libucrt:mbtowc.obj
 0001:0000ac25       _mbtowc                    1000bc25 f   libucrt:mbtowc.obj
 0001:0000ac3f       __wctomb_s_l               1000bc3f f   libucrt:wctomb.obj
 0001:0000ad60       _wctomb_s                  1000bd60 f   libucrt:wctomb.obj
 0001:0000ad7d       _strnlen                   1000bd7d f   libucrt:strnlen.obj
 0001:0000aea4       _wcsnlen                   1000bea4 f   libucrt:strnlen.obj
 0001:0000b05b       ??$?RV<lambda_3518db117f0e7cdb002338c5d3c47b6c>@@AAV<lambda_b2ea41f6bbb362cd97d94c6828d90b61>@@V<lambda_abdedf541bb04549bc734292b4a045d4>@@@?$__crt_seh_guarded_call@X@@QAEX$$QAV<lambda_3518db117f0e7cdb002338c5d3c47b6c>@@AAV<lambda_b2ea41f6bbb362cd97d94c6828d90b61>@@$$QAV<lambda_abdedf541bb04549bc734292b4a045d4>@@@Z 1000c05b f i libucrt:per_thread_data.obj
 0001:0000b0ab       ??$?RV<lambda_51b6e8b1eb166f2a3faf91f424b38130>@@AAV<lambda_6250bd4b2a391816dd638c3bf72b0bcb>@@V<lambda_0b5a4a3e68152e1d9b943535f5f47bed>@@@?$__crt_seh_guarded_call@X@@QAEX$$QAV<lambda_51b6e8b1eb166f2a3faf91f424b38130>@@AAV<lambda_6250bd4b2a391816dd638c3bf72b0bcb>@@$$QAV<lambda_0b5a4a3e68152e1d9b943535f5f47bed>@@@Z 1000c0ab f i libucrt:per_thread_data.obj
 0001:0000b10c       ??$?RV<lambda_5b71d36f03204c0beab531769a5b5694>@@AAV<lambda_be2b3da3f62db62e9dad5dc70221a656>@@V<lambda_8f9ce462984622f9bf76b59e2aaaf805>@@@?$__crt_seh_guarded_call@X@@QAEX$$QAV<lambda_5b71d36f03204c0beab531769a5b5694>@@AAV<lambda_be2b3da3f62db62e9dad5dc70221a656>@@$$QAV<lambda_8f9ce462984622f9bf76b59e2aaaf805>@@@Z 1000c10c f i libucrt:per_thread_data.obj
 0001:0000b157       ??$?RV<lambda_9df27f884b057bc3edfc946cb5b7cf47>@@AAV<lambda_e69574bed617af4e071282c136b37893>@@V<lambda_cc0d902bcbbeb830f749456577db4721>@@@?$__crt_seh_guarded_call@X@@QAEX$$QAV<lambda_9df27f884b057bc3edfc946cb5b7cf47>@@AAV<lambda_e69574bed617af4e071282c136b37893>@@$$QAV<lambda_cc0d902bcbbeb830f749456577db4721>@@@Z 1000c157 f i libucrt:per_thread_data.obj
 0001:0000b19f       ??$__acrt_lock_and_call@V<lambda_6250bd4b2a391816dd638c3bf72b0bcb>@@@@YAXW4__acrt_lock_id@@$$QAV<lambda_6250bd4b2a391816dd638c3bf72b0bcb>@@@Z 1000c19f f i libucrt:per_thread_data.obj
 0001:0000b1c7       ??$__acrt_lock_and_call@V<lambda_b2ea41f6bbb362cd97d94c6828d90b61>@@@@YAXW4__acrt_lock_id@@$$QAV<lambda_b2ea41f6bbb362cd97d94c6828d90b61>@@@Z 1000c1c7 f i libucrt:per_thread_data.obj
 0001:0000b1ef       ??$__acrt_lock_and_call@V<lambda_be2b3da3f62db62e9dad5dc70221a656>@@@@YAXW4__acrt_lock_id@@$$QAV<lambda_be2b3da3f62db62e9dad5dc70221a656>@@@Z 1000c1ef f i libucrt:per_thread_data.obj
 0001:0000b217       ??$__acrt_lock_and_call@V<lambda_e69574bed617af4e071282c136b37893>@@@@YAXW4__acrt_lock_id@@$$QAV<lambda_e69574bed617af4e071282c136b37893>@@@Z 1000c217 f i libucrt:per_thread_data.obj
 0001:0000b3cd       ___acrt_freeptd            1000c3cd f   libucrt:per_thread_data.obj
 0001:0000b3f9       ___acrt_getptd             1000c3f9 f   libucrt:per_thread_data.obj
 0001:0000b47d       ___acrt_getptd_noexit      1000c47d f   libucrt:per_thread_data.obj
 0001:0000b502       ___acrt_initialize_ptd     1000c502 f   libucrt:per_thread_data.obj
 0001:0000b52e       ___acrt_uninitialize_ptd   1000c52e f   libucrt:per_thread_data.obj
 0001:0000b548       ___acrt_update_locale_info 1000c548 f   libucrt:locale_update.obj
 0001:0000b575       ___acrt_update_multibyte_info 1000c575 f   libucrt:locale_update.obj
 0001:0000b5a2       ?__acrt_fp_classify@@YA?AW4__acrt_fp_class@@ABN@Z 1000c5a2 f i libucrt:cvt.obj
 0001:0000b60e       ?__acrt_fp_is_negative@@YA_NABN@Z 1000c60e f i libucrt:cvt.obj
 0001:0000be6d       ___acrt_fp_format          1000ce6d f   libucrt:cvt.obj
 0001:0000bfe9       __fputwc_nolock            1000cfe9 f   libucrt:fputwc.obj
 0001:0000c10f       __fileno                   1000d10f f   libucrt:fileno.obj
 0001:0000c135       ___acrt_initialize_stdio   1000d135 f   libucrt:_file.obj
 0001:0000c1fd       ___acrt_iob_func           1000d1fd f   libucrt:_file.obj
 0001:0000c20d       ___acrt_uninitialize_stdio 1000d20d f   libucrt:_file.obj
 0001:0000c259       __lock_file                1000d259 f   libucrt:_file.obj
 0001:0000c26d       __unlock_file              1000d26d f   libucrt:_file.obj
 0001:0000c281       __fputc_nolock             1000d281 f   libucrt:fputc.obj
 0001:0000c2aa       __get_printf_count_output  1000d2aa f   libucrt:printf_count_output.obj
 0001:0000c2bf       ___acrt_stdio_begin_temporary_buffering_nolock 1000d2bf f   libucrt:_sftbuf.obj
 0001:0000c374       ___acrt_stdio_end_temporary_buffering_nolock 1000d374 f   libucrt:_sftbuf.obj
 0001:0000c3ad       ___acrt_set_locale_changed 1000d3ad f   libucrt:wsetlocale.obj
 0001:0000c3b8       ___acrt_uninitialize_locale 1000d3b8 f   libucrt:wsetlocale.obj
 0001:0000c576       ___acrt_initialize_lowio   1000d576 f   libucrt:ioinit.obj
 0001:0000c5cc       ___acrt_uninitialize_lowio 1000d5cc f   libucrt:ioinit.obj
 0001:0000c5f8       __query_app_type           1000d5f8 f   libucrt:report_runtime_error.obj
 0001:0000c6eb       __itow_s                   1000d6eb f   libucrt:xtoa.obj
 0001:0000c720       __set_error_mode           1000d720 f   libucrt:set_error_mode.obj
 0001:0000c75f       _wcscat_s                  1000d75f f   libucrt:wcscat_s.obj
 0001:0000c7d4       _wcscpy_s                  1000d7d4 f   libucrt:wcscpy_s.obj
 0001:0000c921       _wcsncat_s                 1000d921 f   libucrt:wcsncat_s.obj
 0001:0000ca27       ___acrt_show_wide_message_box 1000da27 f   libucrt:crtmbox.obj
 0001:0000ca32       ___acrt_stdio_flush_nolock 1000da32 f   libucrt:fflush.obj
 0001:0000ca98       __fflush_nolock            1000da98 f   libucrt:fflush.obj
 0001:0000cadf       __flushall                 1000dadf f   libucrt:fflush.obj
 0001:0000cbc0       _fflush                    1000dbc0 f   libucrt:fflush.obj
 0001:0000cc19       ??$?RV<lambda_d92cfe8357b99225085016881b624cb0>@@AAV<lambda_b721fa326cdb32351d23dfa67958c160>@@V<lambda_42d75b0848218ec137fa420c8ba9fdf9>@@@?$__crt_seh_guarded_call@H@@QAEH$$QAV<lambda_d92cfe8357b99225085016881b624cb0>@@AAV<lambda_b721fa326cdb32351d23dfa67958c160>@@$$QAV<lambda_42d75b0848218ec137fa420c8ba9fdf9>@@@Z 1000dc19 f i libucrt:setvbuf.obj
 0001:0000cc6a       ??$__acrt_lock_stream_and_call@V<lambda_b721fa326cdb32351d23dfa67958c160>@@@@YAHQAU_iobuf@@$$QAV<lambda_b721fa326cdb32351d23dfa67958c160>@@@Z 1000dc6a f i libucrt:setvbuf.obj
 0001:0000cd5f       _setvbuf                   1000dd5f f   libucrt:setvbuf.obj
 0001:0000cdd5       ??$?RV<lambda_a048d3beccc847880fc8490e18b82769>@@AAV<lambda_ec61778202f4f5fc7e7711acc23c3bca>@@V<lambda_f7496a158712204296dd6628a163878e>@@@?$__crt_seh_guarded_call@P6AXH@Z@@QAEP6AXH@Z$$QAV<lambda_a048d3beccc847880fc8490e18b82769>@@AAV<lambda_ec61778202f4f5fc7e7711acc23c3bca>@@$$QAV<lambda_f7496a158712204296dd6628a163878e>@@@Z 1000ddd5 f i libucrt:signal.obj
 0001:0000ce2f       ??$__acrt_lock_and_call@V<lambda_ec61778202f4f5fc7e7711acc23c3bca>@@@@YAP6AXH@ZW4__acrt_lock_id@@$$QAV<lambda_ec61778202f4f5fc7e7711acc23c3bca>@@@Z 1000de2f f i libucrt:signal.obj
 0001:0000cec1       ___acrt_get_sigabrt_handler 1000dec1 f   libucrt:signal.obj
 0001:0000ced8       ___acrt_initialize_signal_handlers 1000ded8 f   libucrt:signal.obj
 0001:0000cf13       ___fpecode                 1000df13 f   libucrt:signal.obj
 0001:0000cf1c       _raise                     1000df1c f   libucrt:signal.obj
 0001:0000d124       ___acrt_initialize_locks   1000e124 f   libucrt:locks.obj
 0001:0000d165       ___acrt_lock               1000e165 f   libucrt:locks.obj
 0001:0000d17c       ___acrt_uninitialize_locks 1000e17c f   libucrt:locks.obj
 0001:0000d1ad       ___acrt_unlock             1000e1ad f   libucrt:locks.obj
 0001:0000d1c4       __isleadbyte_l             1000e1c4 f i libucrt:_wctype.obj
 0001:0000d348       ___acrt_FlsAlloc@4         1000e348 f   libucrt:winapi_thunks.obj
 0001:0000d39e       ___acrt_FlsFree@4          1000e39e f   libucrt:winapi_thunks.obj
 0001:0000d3f4       ___acrt_FlsGetValue@4      1000e3f4 f   libucrt:winapi_thunks.obj
 0001:0000d44a       ___acrt_FlsSetValue@8      1000e44a f   libucrt:winapi_thunks.obj
 0001:0000d4a3       ___acrt_InitializeCriticalSectionEx@12 1000e4a3 f   libucrt:winapi_thunks.obj
 0001:0000d505       ___acrt_LCMapStringEx@36   1000e505 f   libucrt:winapi_thunks.obj
 0001:0000d58d       ___acrt_LocaleNameToLCID@8 1000e58d f   libucrt:winapi_thunks.obj
 0001:0000d5e9       ___acrt_MessageBoxW@16     1000e5e9 f   libucrt:winapi_thunks.obj
 0001:0000d632       ___acrt_can_show_message_box 1000e632 f   libucrt:winapi_thunks.obj
 0001:0000d64b       ___acrt_get_parent_window  1000e64b f   libucrt:winapi_thunks.obj
 0001:0000d6ca       ___acrt_initialize_winapi_thunks 1000e6ca f   libucrt:winapi_thunks.obj
 0001:0000d6f0       ___acrt_is_interactive     1000e6f0 f   libucrt:winapi_thunks.obj
 0001:0000d796       ___acrt_is_packaged_app    1000e796 f   libucrt:winapi_thunks.obj
 0001:0000d81d       ___acrt_uninitialize_winapi_thunks 1000e81d f   libucrt:winapi_thunks.obj
 0001:0000dc15       ??1?$argument_list@D@?A0xb0e4b824@@QAE@XZ 1000ec15 f i libucrt:argv_wildcards.obj
 0001:0000dc3a       ?append@?$argument_list@D@?A0xb0e4b824@@QAEHQAD@Z 1000ec3a f i libucrt:argv_wildcards.obj
 0001:0000dc6f       ?expand_if_necessary@?$argument_list@D@?A0xb0e4b824@@AAEHXZ 1000ec6f f i libucrt:argv_wildcards.obj
 0001:0000dcf6       ___acrt_expand_narrow_argv_wildcards 1000ecf6 f   libucrt:argv_wildcards.obj
 0001:0000dd01       ??$?RV<lambda_978dc153c237d78434369da87b74ff60>@@AAV<lambda_ad1ced32f4ac17aa236e5ef05d6b3b7c>@@V<lambda_4a8533e2866a575feecb8298ce776b0d>@@@?$__crt_seh_guarded_call@X@@QAEX$$QAV<lambda_978dc153c237d78434369da87b74ff60>@@AAV<lambda_ad1ced32f4ac17aa236e5ef05d6b3b7c>@@$$QAV<lambda_4a8533e2866a575feecb8298ce776b0d>@@@Z 1000ed01 f i libucrt:mbctype.obj
 0001:0000dd44       ??$__acrt_lock_and_call@V<lambda_ad1ced32f4ac17aa236e5ef05d6b3b7c>@@@@YAXW4__acrt_lock_id@@$$QAV<lambda_ad1ced32f4ac17aa236e5ef05d6b3b7c>@@@Z 1000ed44 f i libucrt:mbctype.obj
 0001:0000e1db       ___acrt_initialize_multibyte 1000f1db f   libucrt:mbctype.obj
 0001:0000e1f9       ___acrt_update_thread_multibyte_data 1000f1f9 f   libucrt:mbctype.obj
 0001:0000e29b       __setmbcp_nolock           1000f29b f   libucrt:mbctype.obj
 0001:0000e566       __ismbblead                1000f566 f   libucrt:ismbbyte.obj
 0001:0000e57e       ___acrt_initialize_command_line 1000f57e f   libucrt:argv_data.obj
 0001:0000e5ce       ___dcrt_get_narrow_environment_from_os 1000f5ce f   libucrt:get_environment_from_os.obj
 0001:0000e651       __recalloc                 1000f651 f   libucrt:recalloc.obj
 0001:0000e65c       __recalloc_base            1000f65c f   libucrt:recalloc.obj
 0001:0000e6c9       ___acrt_initialize_heap    1000f6c9 f   libucrt:heap_handle.obj
 0001:0000e6da       ___acrt_uninitialize_heap  1000f6da f   libucrt:heap_handle.obj
 0001:0000e6e4       ___acrt_execute_initializers 1000f6e4 f   libucrt:shared_initialization.obj
 0001:0000e767       ___acrt_execute_uninitializers 1000f767 f   libucrt:shared_initialization.obj
 0001:0000e7b4       ___acrt_has_user_matherr   1000f7b4 f   libucrt:matherr.obj
 0001:0000e7cd       ___acrt_initialize_user_matherr 1000f7cd f   libucrt:matherr.obj
 0001:0000e7e1       ___acrt_invoke_user_matherr 1000f7e1 f   libucrt:matherr.obj
 0001:0000e82a       __query_new_mode           1000f82a f   libucrt:new_mode.obj
 0001:0000e830       ___pctype_func             1000f830 f   libucrt:ctype.obj
 0001:0000e856       _iswctype                  1000f856 f   libucrt:iswctype.obj
 0001:0000e8b5       __isctype_l                1000f8b5 f   libucrt:isctype.obj
 0001:0000eba4       ___acrt_LCMapStringA       1000fba4 f   libucrt:lcmapstringa.obj
 0001:0000ebef       __freea_crt                1000fbef f i libucrt:lcmapstringa.obj
 0001:0000ec0f       ___acrt_add_locale_ref     1000fc0f f   libucrt:locale_refcounting.obj
 0001:0000ec8c       ___acrt_free_locale        1000fc8c f   libucrt:locale_refcounting.obj
 0001:0000edd6       ___acrt_locale_add_lc_time_reference 1000fdd6 f   libucrt:locale_refcounting.obj
 0001:0000edff       ___acrt_locale_free_lc_time_if_unreferenced 1000fdff f   libucrt:locale_refcounting.obj
 0001:0000ee2f       ___acrt_locale_release_lc_time_reference 1000fe2f f   libucrt:locale_refcounting.obj
 0001:0000ee58       ___acrt_release_locale_ref 1000fe58 f   libucrt:locale_refcounting.obj
 0001:0000eed9       ___acrt_update_thread_locale_data 1000fed9 f   libucrt:locale_refcounting.obj
 0001:0000ef50       __updatetlocinfoEx_nolock  1000ff50 f   libucrt:locale_refcounting.obj
 0001:0000efa0       ___acrt_fp_strflt_to_string 1000ffa0 f   libucrt:_fptostr.obj
 0001:0000f05c       ??0scoped_fp_state_reset@?A0x48fbfdd4@@QAE@XZ 1001005c f i libucrt:cfout.obj
 0001:0000f090       ?divide@__crt_strtox@@YA_KAAUbig_integer@1@ABU21@@Z 10010090 f i libucrt:cfout.obj
 0001:0000f53e       ___acrt_fltout             1001053e f   libucrt:cfout.obj
 0001:00010ca0       ___acrt_stdio_flush_and_write_narrow_nolock 10011ca0 f   libucrt:_flsbuf.obj
 0001:00010cab       ___acrt_stdio_flush_and_write_wide_nolock 10011cab f   libucrt:_flsbuf.obj
 0001:00010cb6       __fcloseall                10011cb6 f   libucrt:closeall.obj
 0001:00010d56       ___acrt_stdio_free_buffer_nolock 10011d56 f   libucrt:_freebuf.obj
 0001:00010d94       __isatty                   10011d94 f   libucrt:isatty.obj
 0001:00010dea       ___acrt_locale_free_monetary 10011dea f   libucrt:initmon.obj
 0001:00010ee8       ___acrt_locale_free_numeric 10011ee8 f   libucrt:initnum.obj
 0001:00010f8d       ___acrt_locale_free_time   10011f8d f   libucrt:inittime.obj
 0001:00011071       ___acrt_GetStringTypeA     10012071 f   libucrt:getstringtypea.obj
 0001:0001118e       ___acrt_lowio_create_handle_array 1001218e f   libucrt:osfinfo.obj
 0001:00011208       ___acrt_lowio_destroy_handle_array 10012208 f   libucrt:osfinfo.obj
 0001:0001123d       ___acrt_lowio_ensure_fh_exists 1001223d f   libucrt:osfinfo.obj
 0001:000112d5       ___acrt_lowio_lock_fh      100122d5 f   libucrt:osfinfo.obj
 0001:000112f8       ___acrt_lowio_unlock_fh    100122f8 f   libucrt:osfinfo.obj
 0001:0001131b       __free_osfhnd              1001231b f   libucrt:osfinfo.obj
 0001:000113ac       __get_osfhandle            100123ac f   libucrt:osfinfo.obj
 0001:00011416       ??$?RV<lambda_61cee617f5178ae960314fd4d05640a0>@@AAV<lambda_6978c1fb23f02e42e1d9e99668cc68aa>@@V<lambda_9cd88cf8ad10232537feb2133f08c833>@@@?$__crt_seh_guarded_call@H@@QAEH$$QAV<lambda_61cee617f5178ae960314fd4d05640a0>@@AAV<lambda_6978c1fb23f02e42e1d9e99668cc68aa>@@$$QAV<lambda_9cd88cf8ad10232537feb2133f08c833>@@@Z 10012416 f i libucrt:commit.obj
 0001:000114ae       ??$__acrt_lowio_lock_fh_and_call@V<lambda_6978c1fb23f02e42e1d9e99668cc68aa>@@@@YAHH$$QAV<lambda_6978c1fb23f02e42e1d9e99668cc68aa>@@@Z 100124ae f i libucrt:commit.obj
 0001:000114d6       __commit                   100124d6 f   libucrt:commit.obj
 0001:00011ad5       __write                    10012ad5 f   libucrt:write.obj
 0001:00011bc0       __write_nolock             10012bc0 f   libucrt:write.obj
 0001:00011e88       ___acrt_DownlevelLocaleNameToLCID 10012e88 f   libucrt:lcidtoname_downlevel.obj
 0001:00011fa0       _qsort                     10012fa0 f   libucrt:qsort.obj
 0001:000123eb       _strncpy_s                 100133eb f   libucrt:strncpy_s.obj
 0001:00012400       _strpbrk                   10013400 f   libucrt:strpbrk.obj
 0001:00012440       __mbsdec                   10013440 f   libucrt:mbsdec.obj
 0001:00012457       __mbsdec_l                 10013457 f   libucrt:mbsdec.obj
 0001:000124f3       __msize                    100134f3 f   libucrt:msize.obj
 0001:00012526       __realloc_base             10013526 f   libucrt:realloc_base.obj
 0001:0001258f       ___strncnt                 1001358f f   libucrt:strncnt.obj
 0001:000125ab       _fegetenv                  100135ab f   libucrt:fegetenv.obj
 0001:000125c8       _fesetenv                  100135c8 f   libucrt:fesetenv.obj
 0001:00012611       _feholdexcept              10013611 f   libucrt:feholdexcept.obj
[...]
 0002:00001ac4       ?candidate_modules@?1??try_get_GetLastActivePopup@@YAP6GPAUHWND__@@PAU2@@ZXZ@4QBW4module_id@?A0x352e5c4b@@B 10018ac4     libucrt:winapi_thunks.obj
 0002:00001ae0       ?candidate_modules@?1??try_get_GetProcessWindowStation@@YAP6GPAUHWINSTA__@@XZXZ@4QBW4module_id@?A0x352e5c4b@@B 10018ae0     libucrt:winapi_thunks.obj
 0002:00001b00       ?candidate_modules@?1??try_get_GetUserObjectInformationW@@YAP6GHPAXH0KPAK@ZXZ@4QBW4module_id@?A0x352e5c4b@@B 10018b00     libucrt:winapi_thunks.obj
 0002:00001b24       ?candidate_modules@?1??try_get_InitializeCriticalSectionEx@@YAP6GHPAU_RTL_CRITICAL_SECTION@@KK@ZXZ@4QBW4module_id@?A0x352e5c4b@@B 10018b24     libucrt:winapi_thunks.obj
 0002:00001b2c       ?candidate_modules@?1??try_get_LCMapStringEx@@YAP6GHPB_WK0HPA_WHPAU_nlsversioninfo@@PAXJ@ZXZ@4QBW4module_id@?A0x352e5c4b@@B 10018b2c     libucrt:winapi_thunks.obj
 0002:00001b44       ?candidate_modules@?1??try_get_LocaleNameToLCID@@YAP6GKPB_WK@ZXZ@4QBW4module_id@?A0x352e5c4b@@B 10018b44     libucrt:winapi_thunks.obj
 0002:00001b60       ?candidate_modules@?1??try_get_MessageBoxA@@YAP6GHPAUHWND__@@PBD1I@ZXZ@4QBW4module_id@?A0x352e5c4b@@B 10018b60     libucrt:winapi_thunks.obj
 0002:00001b74       ?candidate_modules@?1??try_get_MessageBoxW@@YAP6GHPAUHWND__@@PB_W1I@ZXZ@4QBW4module_id@?A0x352e5c4b@@B 10018b74     libucrt:winapi_thunks.obj
 0002:00001b88       __mb_locale_names          10018b88     libucrt:mbctype.obj
 0002:00002dc0       _LcidToLocaleNameTable     10019dc0     libucrt:lcidtoname_downlevel.obj
 0002:00003ee0       _LocaleNameToIndexTable    1001aee0     libucrt:lcidtoname_downlevel.obj
 0002:00004e30       LOG_name                   1001be30     libucrt:log10.obj
 0002:00004e40       _One                       1001be40     libucrt:ceil_pentium4.obj
 0002:00004e50       _Bns                       1001be50     libucrt:ceil_pentium4.obj
 0002:00004e60       _Zero                      1001be60     libucrt:ceil_pentium4.obj
 0002:00004e70       _S                         1001be70     libucrt:ceil_pentium4.obj
 0002:00004e80       _NegZero                   1001be80     libucrt:ceil_pentium4.obj
 0002:00004e90       emask                      1001be90     libucrt:log10_pentium4.obj
 0002:00004ea0       CC                         1001bea0     libucrt:log10_pentium4.obj
 0002:00004eb0       Magic                      1001beb0     libucrt:log10_pentium4.obj
 0002:00004ec0       hi_mask                    1001bec0     libucrt:log10_pentium4.obj
 0002:00004ed0       LOG10_2                    1001bed0     libucrt:log10_pentium4.obj
 0002:00004ee0       place_L                    1001bee0     libucrt:log10_pentium4.obj
 0002:00004f00       One                        1001bf00     libucrt:log10_pentium4.obj
 0002:00004f10       Zero                       1001bf10     libucrt:log10_pentium4.obj
 0002:00004f20       Two52                      1001bf20     libucrt:log10_pentium4.obj
 0002:00004f30       Infs                       1001bf30     libucrt:log10_pentium4.obj
 0002:00004f40       NaN                        1001bf40     libucrt:log10_pentium4.obj
 0002:00004f50       coeff                      1001bf50     libucrt:log10_pentium4.obj
 0002:00004fae       _log2max                   1001bfae     libucrt:87tran.obj
 0002:00004fb8       _smallarg                  1001bfb8     libucrt:87tran.obj
 0002:00004fc2       _half                      1001bfc2     libucrt:87tran.obj
 0002:0000500e       One                        1001c00e     libucrt:87disp.obj
 0002:00005016       Three                      1001c016     libucrt:87disp.obj
 0002:0000501e       XAMtoTagTab                1001c01e     libucrt:87disp.obj
 0002:00005030       One                        1001c030     libucrt:common.obj
 0002:00005044       DblMax                     1001c044     libucrt:common.obj
 0002:0000504c       DblMin                     1001c04c     libucrt:common.obj
 0002:00005054       IeeeAdjO                   1001c054     libucrt:common.obj
 0002:0000505c       IeeeAdjU                   1001c05c     libucrt:common.obj
 0002:00005064       _infinity                  1001c064     libucrt:common.obj
 0002:0000506c       _zero                      1001c06c     libucrt:common.obj
 0002:000050b8       _over                      1001c0b8     libucrt:fpctrl.obj
 0002:000050c4       _under                     1001c0c4     libucrt:fpctrl.obj
 0002:00005988       ?_names@?1??_get_fname@@9@9 1001c988     libucrt:fpexcept.obj
 0002:00006778       __sehtable$___scrt_is_nonwritable_in_current_image 1001d778     LIBCMT:utility.obj
 0002:00006798       __sehtable$?dllmain_crt_process_attach@@YAHQAUHINSTANCE__@@QAX@Z 1001d798     LIBCMT:dll_dllmain.obj
 0002:000067b8       __sehtable$?dllmain_crt_process_detach@@YAH_N@Z 1001d7b8     LIBCMT:dll_dllmain.obj
 0002:000067d8       __sehtable$?dllmain_dispatch@@YAHQAUHINSTANCE__@@KQAX@Z 1001d7d8     LIBCMT:dll_dllmain.obj
 0002:00006830       __sehtable$??$?RV<lambda_ab9923ffb5d694ec0d78876dd103e44f>@@AAV<lambda_481dd5778c961fbcd3b60b650e9b9dc4>@@V<lambda_7923d86c9e3f319b415918ec4b39749c>@@@?$__crt_seh_guarded_call@H@@QAEH$$QAV<lambda_ab9923ffb5d694ec0d78876dd103e44f>@@AAV<lambda_481dd5778c961fbcd3b60b650e9b9dc4>@@$$QAV<lambda_7923d86c9e3f319b415918ec4b39749c>@@@Z 1001d830     libucrt:output.obj
 0002:00006850       __sehtable$__query_new_handler 1001d850     libucrt:new_handler.obj
 0002:00006870       __sehtable$?common_exit@@YAXHW4_crt_exit_cleanup_mode@@W4_crt_exit_return_mode@@@Z 1001d870     libucrt:exit.obj
 0002:00006898       __sehtable$??$?RV<lambda_800076c951b434888f4765a74a194fcc>@@AAV<lambda_4e60a939b0d047cfe11ddc22648dfba9>@@V<lambda_6dbb1268764f43b569ce7b67e331d33a>@@@?$__crt_seh_guarded_call@H@@QAEH$$QAV<lambda_800076c951b434888f4765a74a194fcc>@@AAV<lambda_4e60a939b0d047cfe11ddc22648dfba9>@@$$QAV<lambda_6dbb1268764f43b569ce7b67e331d33a>@@@Z 1001d898     libucrt:onexit.obj
 0002:000068b8       __sehtable$??$?RV<lambda_995298e7d72eb4c2aab26c0585b3abe5>@@AAV<lambda_275893d493268fdec8709772e3fcec0e>@@V<lambda_293819299cbf9a7022e18b56a874bb5c>@@@?$__crt_seh_guarded_call@H@@QAEH$$QAV<lambda_995298e7d72eb4c2aab26c0585b3abe5>@@AAV<lambda_275893d493268fdec8709772e3fcec0e>@@$$QAV<lambda_293819299cbf9a7022e18b56a874bb5c>@@@Z 1001d8b8     libucrt:onexit.obj
 0002:000068d8       __sehtable$_terminate      1001d8d8     libucrt:terminate.obj
 0002:000068f8       __sehtable$??$?RV<lambda_9df27f884b057bc3edfc946cb5b7cf47>@@AAV<lambda_e69574bed617af4e071282c136b37893>@@V<lambda_cc0d902bcbbeb830f749456577db4721>@@@?$__crt_seh_guarded_call@X@@QAEX$$QAV<lambda_9df27f884b057bc3edfc946cb5b7cf47>@@AAV<lambda_e69574bed617af4e071282c136b37893>@@$$QAV<lambda_cc0d902bcbbeb830f749456577db4721>@@@Z 1001d8f8     libucrt:per_thread_data.obj
 0002:00006918       __sehtable$??$?RV<lambda_3518db117f0e7cdb002338c5d3c47b6c>@@AAV<lambda_b2ea41f6bbb362cd97d94c6828d90b61>@@V<lambda_abdedf541bb04549bc734292b4a045d4>@@@?$__crt_seh_guarded_call@X@@QAEX$$QAV<lambda_3518db117f0e7cdb002338c5d3c47b6c>@@AAV<lambda_b2ea41f6bbb362cd97d94c6828d90b61>@@$$QAV<lambda_abdedf541bb04549bc734292b4a045d4>@@@Z 1001d918     libucrt:per_thread_data.obj
 0002:00006938       __sehtable$??$?RV<lambda_51b6e8b1eb166f2a3faf91f424b38130>@@AAV<lambda_6250bd4b2a391816dd638c3bf72b0bcb>@@V<lambda_0b5a4a3e68152e1d9b943535f5f47bed>@@@?$__crt_seh_guarded_call@X@@QAEX$$QAV<lambda_51b6e8b1eb166f2a3faf91f424b38130>@@AAV<lambda_6250bd4b2a391816dd638c3bf72b0bcb>@@$$QAV<lambda_0b5a4a3e68152e1d9b943535f5f47bed>@@@Z 1001d938     libucrt:per_thread_data.obj
 0002:00006958       __sehtable$??$?RV<lambda_5b71d36f03204c0beab531769a5b5694>@@AAV<lambda_be2b3da3f62db62e9dad5dc70221a656>@@V<lambda_8f9ce462984622f9bf76b59e2aaaf805>@@@?$__crt_seh_guarded_call@X@@QAEX$$QAV<lambda_5b71d36f03204c0beab531769a5b5694>@@AAV<lambda_be2b3da3f62db62e9dad5dc70221a656>@@$$QAV<lambda_8f9ce462984622f9bf76b59e2aaaf805>@@@Z 1001d958     libucrt:per_thread_data.obj
 0002:00006978       __sehtable$___acrt_uninitialize_locale 1001d978     libucrt:wsetlocale.obj
 0002:00006998       __sehtable$___acrt_initialize_lowio 1001d998     libucrt:ioinit.obj
 0002:000069b8       __sehtable$_fflush         1001d9b8     libucrt:fflush.obj
 0002:000069d8       __sehtable$_common_flush_all 1001d9d8     libucrt:fflush.obj
 0002:00006a00       __sehtable$??$?RV<lambda_d92cfe8357b99225085016881b624cb0>@@AAV<lambda_b721fa326cdb32351d23dfa67958c160>@@V<lambda_42d75b0848218ec137fa420c8ba9fdf9>@@@?$__crt_seh_guarded_call@H@@QAEH$$QAV<lambda_d92cfe8357b99225085016881b624cb0>@@AAV<lambda_b721fa326cdb32351d23dfa67958c160>@@$$QAV<lambda_42d75b0848218ec137fa420c8ba9fdf9>@@@Z 1001da00     libucrt:setvbuf.obj
 0002:00006a20       __sehtable$_raise          1001da20     libucrt:signal.obj
 0002:00006a40       __sehtable$??$?RV<lambda_a048d3beccc847880fc8490e18b82769>@@AAV<lambda_ec61778202f4f5fc7e7711acc23c3bca>@@V<lambda_f7496a158712204296dd6628a163878e>@@@?$__crt_seh_guarded_call@P6AXH@Z@@QAEP6AXH@Z$$QAV<lambda_a048d3beccc847880fc8490e18b82769>@@AAV<lambda_ec61778202f4f5fc7e7711acc23c3bca>@@$$QAV<lambda_f7496a158712204296dd6628a163878e>@@@Z 1001da40     libucrt:signal.obj
 0002:00006a60       __sehtable$___acrt_update_thread_multibyte_data 1001da60     libucrt:mbctype.obj
 0002:00006a80       __sehtable$??$?RV<lambda_978dc153c237d78434369da87b74ff60>@@AAV<lambda_ad1ced32f4ac17aa236e5ef05d6b3b7c>@@V<lambda_4a8533e2866a575feecb8298ce776b0d>@@@?$__crt_seh_guarded_call@X@@QAEX$$QAV<lambda_978dc153c237d78434369da87b74ff60>@@AAV<lambda_ad1ced32f4ac17aa236e5ef05d6b3b7c>@@$$QAV<lambda_4a8533e2866a575feecb8298ce776b0d>@@@Z 1001da80     libucrt:mbctype.obj
 0002:00006aa0       __sehtable$___acrt_update_thread_locale_data 1001daa0     libucrt:locale_refcounting.obj
 0002:00006ac0       __sehtable$__fcloseall     1001dac0     libucrt:closeall.obj
 0002:00006ae0       __sehtable$___acrt_lowio_ensure_fh_exists 1001dae0     libucrt:osfinfo.obj
 0002:00006b00       __sehtable$??$?RV<lambda_61cee617f5178ae960314fd4d05640a0>@@AAV<lambda_6978c1fb23f02e42e1d9e99668cc68aa>@@V<lambda_9cd88cf8ad10232537feb2133f08c833>@@@?$__crt_seh_guarded_call@H@@QAEH$$QAV<lambda_61cee617f5178ae960314fd4d05640a0>@@AAV<lambda_6978c1fb23f02e42e1d9e99668cc68aa>@@$$QAV<lambda_9cd88cf8ad10232537feb2133f08c833>@@@Z 1001db00     libucrt:commit.obj
 0002:00006b20       __sehtable$__write         1001db20     libucrt:write.obj
 0002:00006b40       __sehtable$??$common_lseek@_J@@YA_JH_JH@Z 1001db40     libucrt:lseek.obj
 0002:00006b60       __sehtable$_fclose         1001db60     libucrt:fclose.obj
 0002:00006b80       __sehtable$??$?RV<lambda_123407a5e2ac06da108355a851863b7a>@@AAV<lambda_2fe9b910cf3cbf4a0ab98a02ba45b3ec>@@V<lambda_ae55bdf541ad94d75914d381c370e64d>@@@?$__crt_seh_guarded_call@H@@QAEH$$QAV<lambda_123407a5e2ac06da108355a851863b7a>@@AAV<lambda_2fe9b910cf3cbf4a0ab98a02ba45b3ec>@@$$QAV<lambda_ae55bdf541ad94d75914d381c370e64d>@@@Z 1001db80     libucrt:close.obj
 0002:00006ba0       __sehtable$__IsNonwritableInCurrentImage 1001dba0     LIBCMT:pesect.obj
 0002:000078e0       .edata                     1001e8e0     zoomsdk_render.exp
 0002:00007908       rgpv                       1001e908     zoomsdk_render.exp
 0002:0000790c       rgszName                   1001e90c     zoomsdk_render.exp
 0002:00007910       rgwOrd                     1001e910     zoomsdk_render.exp
 0002:00007912       szName                     1001e912     zoomsdk_render.exp
 0002:00007926       $N00001                    1001e926     zoomsdk_render.exp
 0002:00007ad0       .idata$6                   1001ead0     kernel32:KERNEL32.dll
 0003:00000010       ?__vcrt_flsindex@@3KA      1001f010     libvcruntime:per_thread_data.obj
 0003:00000034       _errno_no_memory           1001f034     libucrt:errno.obj
 0003:00000038       _doserrno_no_memory        1001f038     libucrt:errno.obj
 0003:0000003c       ___acrt_flsindex           1001f03c     libucrt:per_thread_data.obj
 0003:000001e4       ___rgctypeflag             1001f1e4     libucrt:mbctype.obj
 0003:000001e8       ___rgcode_page_info        1001f1e8     libucrt:mbctype.obj
 0003:00000780       __module                   1001f780     zoom_node_render_addon.obj
 0003:00001024       ?module_local_atexit_table@@3U_onexit_table_t@@A 10020024     LIBCMT:utility.obj
 0003:00001030       ?module_local_at_quick_exit_table@@3U_onexit_table_t@@A 10020030     LIBCMT:utility.obj
 0003:0000103c       ?is_initialized_as_dll@@3_NA 1002003c     LIBCMT:utility.obj
 0003:00001040       ?__proc_attached@@3HA      10020040     LIBCMT:dll_dllmain.obj
 0003:00001048       _GS_ExceptionRecord        10020048     LIBCMT:gs_report.obj
 0003:00001098       _GS_ContextRecord          10020098     LIBCMT:gs_report.obj
 0003:00001384       ?__vcrt_startup_thread_ptd@@3U__vcrt_ptd@@A 10020384     libvcruntime:per_thread_data.obj
 0003:000013ac       ___vcrt_lock_table         100203ac     libvcruntime:locks.obj
 0003:000013c4       ___vcrt_locks_initialized  100203c4     libvcruntime:locks.obj
 0003:000013c8       ?module_handles@@3PAPAUHINSTANCE__@@A 100203c8     libvcruntime:winapi_downlevel.obj
 0003:000013d8       ?encoded_function_pointers@@3PAPAXA 100203d8     libvcruntime:winapi_downlevel.obj
 0003:00001424       ?heap@@3V_HeapManager@@A   10020424     libvcruntime:undname.obj
 0003:00001438       ___acrt_invalid_parameter_handler 10020438     libucrt:invalid_parameter.obj
 0003:0000143c       ___acrt_new_handler        1002043c     libucrt:new_handler.obj
 0003:00001440       _c_termination_complete    10020440     libucrt:exit.obj
 0003:00001444       _thread_local_exit_callback_func 10020444     libucrt:exit.obj
 0003:00001448       ?c_exit_complete@?5??common_exit@@YAXHW4_crt_exit_cleanup_mode@@W4_crt_exit_return_mode@@@Z@4_NA 10020448     libucrt:exit.obj
 0003:00001450       ?program_name@?5???$common_configure_argv@D@@YAHW4_crt_argv_mode@@@Z@4PADA 10020450     libucrt:argv_parsing.obj
 0003:0000158c       _enable_percent_n          1002058c     libucrt:printf_count_output.obj
 0003:000017a4       ___acrt_app_type           100207a4     libucrt:report_runtime_error.obj
 0003:000017a8       ___acrt_error_mode         100207a8     libucrt:set_error_mode.obj
 0003:000017ac       _ctrlc_action              100207ac     libucrt:signal.obj
 0003:000017b0       _ctrlbreak_action          100207b0     libucrt:signal.obj
 0003:000017b4       _abort_action              100207b4     libucrt:signal.obj
 0003:000017b8       _term_action               100207b8     libucrt:signal.obj
 0003:000017c0       ___acrt_lock_table         100207c0     libucrt:locks.obj
 0003:000018f8       ___acrt_locks_initialized  100208f8     libucrt:locks.obj
 0003:00001900       _module_handles            10020900     libucrt:winapi_thunks.obj
 0003:00001950       _encoded_function_pointers 10020950     libucrt:winapi_thunks.obj
 0003:000019d0       ?state_cache@?1??__acrt_is_packaged_app@@9@4JA 100209d0     libucrt:winapi_thunks.obj
 0003:000019ec       _fSystemSet                100209ec     libucrt:mbctype.obj
 0003:000019f0       ?initialized@?1??__acrt_initialize_multibyte@@9@4_NA 100209f0     libucrt:mbctype.obj
 0003:00001a10       _user_matherr              10020a10     libucrt:matherr.obj
 0003:00001a14       ___acrt_global_new_mode    10020a14     libucrt:new_mode.obj
 0003:00001a24       __pmatherr_set             10020a24     libucrt:libm_error.obj
 0004:00000000       __guard_fids____dcrt_uninitialize_environments_nolock 10021000     libucrt:environment_initialization.obj
 0004:00000008       __guard_fids__             10021008     libucrt:initialization.obj
 0004:00000068       __guard_fids____acrt_initialize_ptd 10021068     libucrt:per_thread_data.obj
 0004:0000006c       __guard_fids_??$common_show_message_box@_W@@YAHQB_W0I@Z 1002106c     libucrt:crtmbox.obj
 0004:00000070       __guard_fids_??$expand_argument_wildcards@D@@YAHQAD0AAV?$argument_list@D@?A0xb0e4b824@@@Z 10021070     libucrt:argv_wildcards.obj
 0004:00000074       __guard_fids__             10021074     libucrt:stdio_initializer.obj
 0004:00000078       __guard_fids__             10021078     libucrt:stdio_initializer.obj
 0004:0000007c       __guard_fids__             1002107c     libucrt:locale_initializer.obj
 0004:00000080       __guard_fids__             10021080     libucrt:multibyte_initializer.obj
 0004:00000084       __guard_fids____libm_error_support 10021084     libucrt:libm_error.obj
 0004:00000088       __guard_fids__             10021088     libucrt:sse2_initializer.obj
 0004:0000008c       __guard_fids__             1002108c     libucrt:console_output_initializer.obj
 0004:00000090       __guard_fids__             10021090     libcpmt:xthrow.obj
 0004:00000098       __guard_fids__             10021098     libcpmt:xthrow.obj
 0004:000000a0       __guard_fids__             100210a0     libcpmt:xthrow.obj
 0004:000000a8       __guard_fids__             100210a8     libcpmt:xthrow.obj
 0004:000000b0       __guard_fids__             100210b0     libcpmt:xthrow.obj
 0004:000000b8       __guard_fids__             100210b8     libcpmt:xthrow.obj
 0004:000000bc       __guard_fids__             100210bc     libcpmt:xthrow.obj
 0004:000000c0       __guard_fids__             100210c0     libcpmt:xthrow.obj
 0004:000000c4       __guard_fids__             100210c4     libcpmt:xthrow.obj
 0004:000000c8       __guard_fids__             100210c8     libcpmt:xthrow.obj
 0004:000000cc       __guard_fids__             100210cc     libcpmt:xthrow.obj
 0004:000000d0       __guard_fids__             100210d0     libcpmt:xthrow.obj
 0004:000000d4       __guard_fids__             100210d4     libcpmt:xthrow.obj
 0004:000000d8       __guard_fids_?dllmain_crt_process_attach@@YAHQAUHINSTANCE__@@QAX@Z 100210d8     LIBCMT:dll_dllmain.obj
 0004:000000e0       __guard_fids_?dllmain_dispatch@@YAHQAUHINSTANCE__@@KQAX@Z 100210e0     LIBCMT:dll_dllmain.obj
 0004:000000e4       __guard_fids__             100210e4     LIBCMT:std_type_info_static.obj
 0004:000000e8       __guard_fids__             100210e8     LIBCMT:throw_bad_alloc.obj
 0004:000000f0       __guard_fids__             100210f0     LIBCMT:throw_bad_alloc.obj
 0004:000000f4       __guard_fids__             100210f4     LIBCMT:throw_bad_alloc.obj
 0004:000000f8       __guard_fids__             100210f8     LIBCMT:guard_support.obj
 0004:000000fc       __guard_fids____vcrt_initialize_ptd 100210fc     libvcruntime:per_thread_data.obj
 0005:00000390       $R000000                   10022390     node_res.res
 0005:00003b88       $R0037F8                   10025b88     node_res.res
 0005:000143b0       $R014020                   100363b0     node_res.res
 0005:000185d8       $R018248                   1003a5d8     node_res.res
 0005:0001ab80       $R01A7F0                   1003cb80     node_res.res
 0005:0001bc28       $R01B898                   1003dc28     node_res.res
 0005:0001c5b0       $R01C220                   1003e5b0     node_res.res
 0005:0001ca18       $R01C688                   1003ea18     node_res.res
 0005:0001ca80       $R01C6F0                   1003ea80     node_res.res
 0005:00020278       $R01FEE8                   10042278     node_res.res
 0005:00030aa0       $R030710                   10052aa0     node_res.res
 0005:00034cc8       $R034938                   10056cc8     node_res.res
 0005:00037270       $R036EE0                   10059270     node_res.res
 0005:00038318       $R037F88                   1005a318     node_res.res
 0005:00038ca0       $R038910                   1005aca0     node_res.res
 0005:00039108       $R038D78                   1005b108     node_res.res
 0005:00039170       $R038DE0                   1005b170     node_res.res
