 zoomsdk_render

 Timestamp is 606a00f4 (Sun Apr  4 20:09:56 2021)

 Preferred load address is 10000000

 Start         Length     Name                   Class
 0001:00000000 000001e0H .text$di                CODE
 0001:000001e0 00004880H .text$mn                CODE
 0001:00004a60 00000060H .text$x                 CODE
 0001:00004ac0 00000267H .text$yd                CODE
 0002:00000000 00000100H .idata$5                DATA
 0002:00000100 00000004H .00cfg                  DATA
 0002:00000104 00000004H .CRT$XCA                DATA
 0002:00000108 00000048H .CRT$XCU                DATA
 0002:00000150 00000004H .CRT$XCZ                DATA
 0002:00000154 00000004H .CRT$XIA                DATA
 0002:00000158 00000004H .CRT$XIZ                DATA
 0002:0000015c 00000004H .CRT$XLA                DATA
 0002:00000160 00000004H .CRT$XLZ                DATA
 0002:00000164 00000004H .CRT$XPA                DATA
 0002:00000168 00000004H .CRT$XPZ                DATA
 0002:0000016c 00000004H .CRT$XTA                DATA
 0002:00000170 00000010H .CRT$XTZ                DATA
 0002:00000174 00000000H .gfids$y                DATA
 0002:00000180 00001340H .rdata                  DATA
 0002:000014c0 00000000H .rdata$CastGuardVftablesA DATA
 0002:000014c0 00000000H .rdata$CastGuardVftablesC DATA
 0002:000014c0 00000018H .rdata$T                DATA
 0002:000014d8 0000012cH .rdata$r                DATA
 0002:00001604 0000000cH .rdata$sxdata           DATA
 0002:00001610 000003e0H .rdata$zzzdbg           DATA
 0002:000019f0 00000004H .rtc$IAA                DATA
 0002:000019f4 00000004H .rtc$IZZ                DATA
 0002:000019f8 00000004H .rtc$TAA                DATA
 0002:000019fc 00000004H .rtc$TZZ                DATA
 0002:00001a00 00000008H .tls                    DATA
 0002:00001a08 00000010H .tls$                   DATA
 0002:00001a18 00000008H .tls$ZZZ                DATA
 0002:00001a20 000001d8H .xdata$x                DATA
 0002:00001bf8 00000020H .didat$2                DATA
 0002:00001c18 00000020H .didat$3                DATA
 0002:00001c38 000000d8H .didat$4                DATA
 0002:00001d10 00000ae4H .didat$6                DATA
 0002:000027f4 000000dcH .didat$7                DATA
 0002:000028d0 00000084H .edata                  DATA
 0002:00002954 0000008cH .idata$2                DATA
 0002:000029e0 00000014H .idata$3                DATA
 0002:000029f4 00000100H .idata$4                DATA
 0002:00002af4 0000056aH .idata$6                DATA
 0003:00000000 000000e0H .data                   DATA
 0003:000000e0 00000078H .data$r                 DATA
 0003:00000158 000000d8H .didat$5                DATA
 0003:00000230 00001eecH .bss                    DATA
 0004:00000000 00000390H .rsrc$01                DATA
 0004:00000390 00038f60H .rsrc$02                DATA

  Address         Publics by Value              Rva+Base       Lib:Object

 0000:00000000       ___arm64x_redirection_metadata_count 00000000     <absolute>
 0000:00000000       ___guard_iat_table         00000000     <absolute>
 0000:00000000       ___x64_code_ranges_to_entry_points_count 00000000     <absolute>
 0000:00000000       ___guard_iat_count         00000000     <absolute>
 0000:00000000       ___guard_eh_cont_table     00000000     <absolute>
 0000:00000000       ___guard_fids_count        00000000     <absolute>
 0000:00000000       ___arm64x_native_entrypoint 00000000     <absolute>
 0000:00000000       ___guard_longjmp_table     00000000     <absolute>
 0000:00000000       ___volatile_metadata       00000000     <absolute>
 0000:00000000       ___arm64x_extra_rfe_table  00000000     <absolute>
 0000:00000000       ___arm64x_redirection_metadata 00000000     <absolute>
 0000:00000000       ___guard_longjmp_count     00000000     <absolute>
 0000:00000000       ___guard_eh_cont_count     00000000     <absolute>
 0000:00000000       ___hybrid_code_map_count   00000000     <absolute>
 0000:00000000       ___x64_code_ranges_to_entry_points 00000000     <absolute>
 0000:00000000       ___enclave_config          00000000     <absolute>
 0000:00000000       ___guard_fids_table        00000000     <absolute>
 0000:00000000       ___hybrid_code_map         00000000     <absolute>
 0000:00000000       ___arm64x_extra_rfe_table_size 00000000     <absolute>
 0000:00000000       ___hybrid_auxiliary_iat    00000000     <absolute>
 0000:00000000       ___dynamic_value_reloc_table 00000000     <absolute>
 0000:00000000       ___AbsoluteZero            00000000     <absolute>
 0000:00000003       ___safe_se_handler_count   00000003     <absolute>
 0000:0000002c       __tls_array                0000002c     <absolute>
 0000:00000100       ___guard_flags             00000100     <absolute>
 0000:00000000       ___ImageBase               10000000     <linker-defined>
 0001:00000210       ?what@exception@stdext@@UBEPBDXZ 10001210 f i electron_sdk.pb.obj
 0001:00000220       ?_Raise@exception@stdext@@QBEXXZ 10001220 f i electron_sdk.pb.obj
 0001:00000250       ?onDisconnect@UVIPCClientSink@@UAEXXZ 10001250 f i zoom_node_render_addon.obj
 0001:00000250       @_guard_check_icall_nop@4  10001250 f i MSVCRT:guard_support.obj
 0001:00000250       ?onConnect@UVIPCClientSink@@UAEXXZ 10001250 f i zoom_node_render_addon.obj
 0001:00000250       ?onIdle@UVIPCClientSink@@UAEXXZ 10001250 f i zoom_node_render_addon.obj
 0001:00000250       ?_Doraise@exception@stdext@@MBEXXZ 10001250 f i electron_sdk.pb.obj
 0001:00000260       ??_Eexception@stdext@@UAEPAXI@Z 10001260 f i * CIL library *:* CIL module *
 0001:00000260       ??_Gbad_array_new_length@stdext@@UAEPAXI@Z 10001260 f i electron_sdk.pb.obj
 0001:00000260       ??_Ebad_array_new_length@stdext@@UAEPAXI@Z 10001260 f i * CIL library *:* CIL module *
 0001:00000260       ??_Gexception@stdext@@UAEPAXI@Z 10001260 f i electron_sdk.pb.obj
 0001:00000290       ?_Doraise@bad_alloc@stdext@@MBEXXZ 10001290 f i electron_sdk.pb.obj
 0001:000002b0       ??0bad_array_new_length@stdext@@QAE@XZ 100012b0 f i electron_sdk.pb.obj
 0001:000002c0       ?_Throw_bad_array_new_length@std@@YAXXZ 100012c0 f i electron_sdk.pb.obj
 0001:000002e0       ?_Xlen_string@std@@YAXXZ   100012e0 f i electron_sdk.pb.obj
 0001:000002f0       ??1?$basic_string@DU?$char_traits@D@std@@V?$allocator@D@2@@std@@QAE@XZ 100012f0 f i electron_sdk.pb.obj
 0001:00000340       ?assign@?$basic_string@DU?$char_traits@D@std@@V?$allocator@D@2@@std@@QAEAAV12@QBDI@Z 10001340 f i electron_sdk.pb.obj
 0001:00000470       ___local_stdio_printf_options 10001470 f i zoom_node_render_addon.obj
 0001:00000480       _sprintf                   10001480 f i zoom_node_render_addon.obj
 0001:000004c0       ?NODE_SET_PROTOTYPE_METHOD@node@@YAXV?$Local@VFunctionTemplate@v8@@@v8@@PBDP6AXABV?$FunctionCallbackInfo@VValue@v8@@@3@@Z@Z 100014c0 f i zoom_node_render_addon.obj
 0001:00000570       ?Wrap@ObjectWrap@node@@IAEXV?$Local@VObject@v8@@@v8@@@Z 10001570 f i zoom_node_render_addon.obj
 0001:00000610       ?Ref@ObjectWrap@node@@MAEXXZ 10001610 f i zoom_node_render_addon.obj
 0001:00000650       ?Unref@ObjectWrap@node@@MAEXXZ 10001650 f i zoom_node_render_addon.obj
 0001:000006d0       ?WeakCallback@ObjectWrap@node@@CAXABV?$WeakCallbackInfo@VObjectWrap@node@@@v8@@@Z 100016d0 f i zoom_node_render_addon.obj
 0001:00000720       ??_EZoomNodeShareRawDataLibuvClientWrap@@EAEPAXI@Z 10001720 f i * CIL library *:* CIL module *
 0001:00000720       ??_EZoomNodeVideoRawDataLibuvClientWrap@@EAEPAXI@Z 10001720 f i * CIL library *:* CIL module *
 0001:00000720       ??_EZoomNodeAudioRawDataLibuvClientWrap@@EAEPAXI@Z 10001720 f i * CIL library *:* CIL module *
 0001:00000720       ??_EObjectWrap@node@@UAEPAXI@Z 10001720 f i * CIL library *:* CIL module *
 0001:00000720       ??_GObjectWrap@node@@UAEPAXI@Z 10001720 f i zoom_node_render_addon.obj
 0001:00000720       ??_GZoomNodeRenderWrap@@EAEPAXI@Z 10001720 f i zoom_node_render_addon.obj
 0001:00000720       ??_EZoomNodeRenderWrap@@EAEPAXI@Z 10001720 f i * CIL library *:* CIL module *
 0001:00000720       ??_GZoomNodeVideoRawDataLibuvClientWrap@@EAEPAXI@Z 10001720 f i zoom_node_render_addon.obj
 0001:00000720       ??_GZoomNodeAudioRawDataLibuvClientWrap@@EAEPAXI@Z 10001720 f i zoom_node_render_addon.obj
 0001:00000720       ??_GZoomNodeShareRawDataLibuvClientWrap@@EAEPAXI@Z 10001720 f i zoom_node_render_addon.obj
 0001:00000770       ?DeleteInstance@RenderAddonData@@SAXPAX@Z 10001770 f i zoom_node_render_addon.obj
 0001:00000830       _node_register_module_v85  10001830 f   zoom_node_render_addon.obj
 0001:00000d60       ?GetVideoLibuvClientObj@ZoomNodeRenderWrap@@SAXABV?$FunctionCallbackInfo@VValue@v8@@@v8@@@Z 10001d60 f   zoom_node_render_addon.obj
 0001:00000df0       ?GetShareLibuvClientObj@ZoomNodeRenderWrap@@SAXABV?$FunctionCallbackInfo@VValue@v8@@@v8@@@Z 10001df0 f   zoom_node_render_addon.obj
 0001:00000e80       ?GetAudioLibuvClientObj@ZoomNodeRenderWrap@@SAXABV?$FunctionCallbackInfo@VValue@v8@@@v8@@@Z 10001e80 f   zoom_node_render_addon.obj
 0001:00000f10       ?RunVideoFormatDataCB@@YAXPADH@Z 10001f10 f   zoom_node_render_addon.obj
 0001:00001210       ?RunAudioFormatDataCB@@YAXPAD@Z 10002210 f   zoom_node_render_addon.obj
 0001:000013f0       ??0UVIPCClientSink@@QAE@XZ 100023f0 f i zoom_node_render_addon.obj
 0001:000014b0       ?onMessageRecvNotification@UVIPCClientSink@@UAEXPAVUVIPCMessage@@@Z 100024b0 f i zoom_node_render_addon.obj
 0001:000014e0       ?SetRenderVideoRawDataCB@ZoomNodeVideoRawDataLibuvClientWrap@@SAXABV?$FunctionCallbackInfo@VValue@v8@@@v8@@@Z 100024e0 f   zoom_node_render_addon.obj
 0001:000015d0       ?StartVideoClient@ZoomNodeVideoRawDataLibuvClientWrap@@SAXABV?$FunctionCallbackInfo@VValue@v8@@@v8@@@Z 100025d0 f   zoom_node_render_addon.obj
 0001:00001640       ?StopVideoClient@ZoomNodeVideoRawDataLibuvClientWrap@@SAXABV?$FunctionCallbackInfo@VValue@v8@@@v8@@@Z 10002640 f   zoom_node_render_addon.obj
 0001:00001680       ?SetRenderShareRawDataCB@ZoomNodeShareRawDataLibuvClientWrap@@SAXABV?$FunctionCallbackInfo@VValue@v8@@@v8@@@Z 10002680 f   zoom_node_render_addon.obj
 0001:00001770       ?StartShareClient@ZoomNodeShareRawDataLibuvClientWrap@@SAXABV?$FunctionCallbackInfo@VValue@v8@@@v8@@@Z 10002770 f   zoom_node_render_addon.obj
 0001:000017e0       ?StopShareClient@ZoomNodeShareRawDataLibuvClientWrap@@SAXABV?$FunctionCallbackInfo@VValue@v8@@@v8@@@Z 100027e0 f   zoom_node_render_addon.obj
 0001:00001820       ?SetRenderAudioRawDataCB@ZoomNodeAudioRawDataLibuvClientWrap@@SAXABV?$FunctionCallbackInfo@VValue@v8@@@v8@@@Z 10002820 f   zoom_node_render_addon.obj
 0001:000019e0       ?StartAudioClient@ZoomNodeAudioRawDataLibuvClientWrap@@SAXABV?$FunctionCallbackInfo@VValue@v8@@@v8@@@Z 100029e0 f   zoom_node_render_addon.obj
 0001:00001a50       ?StopAudioClient@ZoomNodeAudioRawDataLibuvClientWrap@@SAXABV?$FunctionCallbackInfo@VValue@v8@@@v8@@@Z 10002a50 f   zoom_node_render_addon.obj
 0001:00001a90       ?New@?$ZoomWrapObject@VZoomNodeAudioRawDataLibuvClientWrap@@@@SAXABV?$FunctionCallbackInfo@VValue@v8@@@v8@@@Z 10002a90 f i zoom_node_render_addon.obj
 0001:00001b90       ?New@?$ZoomWrapObject@VZoomNodeShareRawDataLibuvClientWrap@@@@SAXABV?$FunctionCallbackInfo@VValue@v8@@@v8@@@Z 10002b90 f i zoom_node_render_addon.obj
 0001:00001c90       ?New@?$ZoomWrapObject@VZoomNodeVideoRawDataLibuvClientWrap@@@@SAXABV?$FunctionCallbackInfo@VValue@v8@@@v8@@@Z 10002c90 f i zoom_node_render_addon.obj
 0001:00001d90       ?New@?$ZoomWrapObject@VZoomNodeRenderWrap@@@@SAXABV?$FunctionCallbackInfo@VValue@v8@@@v8@@@Z 10002d90 f i zoom_node_render_addon.obj
 0001:00001e90       ??_EUVIPCLocker@@UAEPAXI@Z 10002e90 f i * CIL library *:* CIL module *
 0001:00001e90       ??_GUVIPCLocker@@UAEPAXI@Z 10002e90 f i uv_ipc_common.obj
 0001:00001ec0       ?AddRef@UVIPCMessage@@UAE_NXZ 10002ec0 f i uv_ipc_common.obj
 0001:00001ee0       ?Release@UVIPCMessage@@UAEHXZ 10002ee0 f i uv_ipc_common.obj
 0001:00001f10       ?_Throw_tree_length_error@std@@YAXXZ 10002f10 f i uv_ipc_common.obj
 0001:00001f20       ??_GUVIPCMessage@@MAEPAXI@Z 10002f20 f i uv_ipc_common.obj
 0001:00001f20       ??_EUVIPCMessage@@MAEPAXI@Z 10002f20 f i * CIL library *:* CIL module *
 0001:00001f60       ??_EUVIPC@@UAEPAXI@Z       10002f60 f i * CIL library *:* CIL module *
 0001:00001f60       ??_GUVIPC@@UAEPAXI@Z       10002f60 f i uv_ipc_common.obj
 0001:00001f90       ??1_UVIPCData@UVIPC@@QAE@XZ 10002f90 f i uv_ipc_common.obj
 0001:00001ff0       ??1UVIPC@@UAE@XZ           10002ff0 f   uv_ipc_common.obj
 0001:00002060       ?IsRunning@UVIPC@@QAE_N_N@Z 10003060 f   uv_ipc_common.obj
 0001:00002090       ?uv_ipc_timer_cb@@YAXPAUuv_timer_s@@@Z 10003090 f   uv_ipc_common.obj
 0001:000020b0       ?Start@UVIPC@@QAE_NPAD_NPAUuv_loop_s@@PAVUVIPCSink@@@Z 100030b0 f   uv_ipc_common.obj
 0001:000021c0       ?Stop@UVIPC@@QAE_NXZ       100031c0 f   uv_ipc_common.obj
 0001:000022d0       ?on_server_connected_cb@@YAXPAUuv_connect_s@@H@Z 100032d0 f   uv_ipc_common.obj
 0001:00002380       ?alloc_buffer_for_uv_pipe@@YAXPAUuv_handle_s@@IPAUuv_buf_t@@@Z 10003380 f   uv_ipc_common.obj
 0001:000023a0       ?on_pipe_data_read_cb@@YAXPAUuv_stream_s@@HPBUuv_buf_t@@@Z 100033a0 f   uv_ipc_common.obj
 0001:00002430       ?uv_cb_pipe_data_read@UVIPC@@AAEXPAUuv_stream_s@@HPBUuv_buf_t@@@Z 10003430 f   uv_ipc_common.obj
 0001:00002600       ?on_write_data_cb@@YAXPAUuv_write_s@@H@Z 10003600 f   uv_ipc_common.obj
 0001:00002630       ?SendMessageA@UVIPC@@QAE_NPAVUVIPCMessage@@@Z 10003630 f   uv_ipc_common.obj
 0001:000026b0       ?uv_cb_ipc_timer@UVIPC@@AAEXPAUuv_timer_s@@@Z 100036b0 f   uv_ipc_common.obj
 0001:00002830       ??1?$_Tree@V?$_Tmap_traits@PAXPAVUVIPC@@U?$less@PAX@std@@V?$allocator@U?$pair@QAXPAVUVIPC@@@std@@@3@$0A@@std@@@std@@QAE@XZ 10003830 f i uv_ipc_common.obj
 0001:00002870       ??$insert@U?$pair@PAXPAVUVIPC@@@std@@$0A@@?$map@PAXPAVUVIPC@@U?$less@PAX@std@@V?$allocator@U?$pair@QAXPAVUVIPC@@@std@@@3@@std@@QAE?AU?$pair@V?$_Tree_iterator@V?$_Tree_val@U?$_Tree_simple_types@U?$pair@QAXPAVUVIPC@@@std@@@std@@@std@@@std@@_N@1@$$QAU?$pair@PAXPAVUVIPC@@@1@@Z 10003870 f i uv_ipc_common.obj
 0001:00002920       ??$_Find_lower_bound@PAX@?$_Tree@V?$_Tmap_traits@PAXPAVUVIPC@@U?$less@PAX@std@@V?$allocator@U?$pair@QAXPAVUVIPC@@@std@@@3@$0A@@std@@@std@@IBE?AU?$_Tree_find_result@PAU?$_Tree_node@U?$pair@QAXPAVUVIPC@@@std@@PAX@std@@@1@ABQAX@Z 10003920 f i uv_ipc_common.obj
 0001:00002970       ??$_Erase_tree@V?$allocator@U?$_Tree_node@U?$pair@QAXPAVUVIPC@@@std@@PAX@std@@@std@@@?$_Tree_val@U?$_Tree_simple_types@U?$pair@QAXPAVUVIPC@@@std@@@std@@@std@@QAEXAAV?$allocator@U?$_Tree_node@U?$pair@QAXPAVUVIPC@@@std@@PAX@std@@@1@PAU?$_Tree_node@U?$pair@QAXPAVUVIPC@@@std@@PAX@1@@Z 10003970 f i uv_ipc_common.obj
 0001:000029b0       ?_Insert_node@?$_Tree_val@U?$_Tree_simple_types@U?$pair@QAXPAVUVIPC@@@std@@@std@@@std@@QAEPAU?$_Tree_node@U?$pair@QAXPAVUVIPC@@@std@@PAX@2@U?$_Tree_id@PAU?$_Tree_node@U?$pair@QAXPAVUVIPC@@@std@@PAX@std@@@2@QAU32@@Z 100039b0 f i uv_ipc_common.obj
 0001:00002bb5       __imp_load_?GetIsolate@Context@v8@@QAEPAVIsolate@2@XZ 10003bb5 f   node:node.exe
 0001:00002bbf       __tailMerge_node_exe       10003bbf     node:node.exe
 0001:00002bd0       __imp_load_?Global@Context@v8@@QAE?AV?$Local@VObject@v8@@@2@XZ 10003bd0 f   node:node.exe
 0001:00002bda       __imp_load_?New@Uint8Array@v8@@SA?AV?$Local@VUint8Array@v8@@@2@V?$Local@VArrayBuffer@v8@@@2@II@Z 10003bda f   node:node.exe
 0001:00002be4       __imp_load_?Value@External@v8@@QBEPAXXZ 10003be4 f   node:node.exe
 0001:00002bee       __imp_load_?New@External@v8@@SA?AV?$Local@VExternal@v8@@@2@PAVIsolate@2@PAX@Z 10003bee f   node:node.exe
 0001:00002bf8       __imp_load_?New@Integer@v8@@SA?AV?$Local@VInteger@v8@@@2@PAVIsolate@2@H@Z 10003bf8 f   node:node.exe
 0001:00002c02       __imp_load_?New@Signature@v8@@SA?AV?$Local@VSignature@v8@@@2@PAVIsolate@2@V?$Local@VFunctionTemplate@v8@@@2@@Z 10003c02 f   node:node.exe
 0001:00002c0c       __imp_load_?GetCurrentContext@Isolate@v8@@QAE?AV?$Local@VContext@v8@@@2@XZ 10003c0c f   node:node.exe
 0001:00002c16       __imp_load_?GetCurrent@Isolate@v8@@SAPAV12@XZ 10003c16 f   node:node.exe
 0001:00002c20       __imp_load_?CreateHandle@HandleScope@v8@@KAPAIPAVIsolate@internal@2@I@Z 10003c20 f   node:node.exe
 0001:00002c2a       __imp_load_??1HandleScope@v8@@QAE@XZ 10003c2a f   node:node.exe
 0001:00002c34       __imp_load_??0HandleScope@v8@@QAE@PAVIsolate@1@@Z 10003c34 f   node:node.exe
 0001:00002c3e       __imp_load_?Set@Template@v8@@QAEXV?$Local@VName@v8@@@2@V?$Local@VData@v8@@@2@W4PropertyAttribute@2@@Z 10003c3e f   node:node.exe
 0001:00002c48       __imp_load_?SetClassName@FunctionTemplate@v8@@QAEXV?$Local@VString@v8@@@2@@Z 10003c48 f   node:node.exe
 0001:00002c52       __imp_load_?PrototypeTemplate@FunctionTemplate@v8@@QAE?AV?$Local@VObjectTemplate@v8@@@2@XZ 10003c52 f   node:node.exe
 0001:00002c5c       __imp_load_?InstanceTemplate@FunctionTemplate@v8@@QAE?AV?$Local@VObjectTemplate@v8@@@2@XZ 10003c5c f   node:node.exe
 0001:00002c66       __imp_load_?GetFunction@FunctionTemplate@v8@@QAE?AV?$MaybeLocal@VFunction@v8@@@2@V?$Local@VContext@v8@@@2@@Z 10003c66 f   node:node.exe
 0001:00002c70       __imp_load_?New@FunctionTemplate@v8@@SA?AV?$Local@VFunctionTemplate@v8@@@2@PAVIsolate@2@P6AXABV?$FunctionCallbackInfo@VValue@v8@@@2@@ZV?$Local@VValue@v8@@@2@V?$Local@VSignature@v8@@@2@HW4ConstructorBehavior@2@W4SideEffectType@2@PBVCFunction@2@@Z 10003c70 f   node:node.exe
 0001:00002c7a       __imp_load_?New@ArrayBuffer@v8@@SA?AV?$Local@VArrayBuffer@v8@@@2@PAVIsolate@2@PAXIW4ArrayBufferCreationMode@2@@Z 10003c7a f   node:node.exe
 0001:00002c84       __imp_load_?ToLocalEmpty@V8@v8@@CAXXZ 10003c84 f   node:node.exe
 0001:00002c8e       __imp_load_?FromJustIsNothing@V8@v8@@CAXXZ 10003c8e f   node:node.exe
 0001:00002c98       __imp_load_?ClearWeak@V8@v8@@CAPAXPAI@Z 10003c98 f   node:node.exe
 0001:00002ca2       __imp_load_?MakeWeak@V8@v8@@CAXPAIPAXP6AXABV?$WeakCallbackInfo@X@2@@ZW4WeakCallbackType@2@@Z 10003ca2 f   node:node.exe
 0001:00002cac       __imp_load_?DisposeGlobal@V8@v8@@CAXPAI@Z 10003cac f   node:node.exe
 0001:00002cb6       __imp_load_?CopyGlobalReference@V8@v8@@CAPAIPAI@Z 10003cb6 f   node:node.exe
 0001:00002cc0       __imp_load_?GlobalizeReference@V8@v8@@CAPAIPAVIsolate@internal@2@PAI@Z 10003cc0 f   node:node.exe
 0001:00002cca       __imp_load_?IsFunction@Value@v8@@QBE_NXZ 10003cca f   node:node.exe
 0001:00002cd4       __imp_load_?NewFromUtf8@String@v8@@SA?AV?$MaybeLocal@VString@v8@@@2@PAVIsolate@2@PBDW4NewStringType@2@H@Z 10003cd4 f   node:node.exe
 0001:00002cde       __imp_load_?GetIsolate@Object@v8@@QAEPAVIsolate@2@XZ 10003cde f   node:node.exe
 0001:00002ce8       __imp_load_?SetAlignedPointerInInternalField@Object@v8@@QAEXHPAX@Z 10003ce8 f   node:node.exe
 0001:00002cf2       __imp_load_?InternalFieldCount@Object@v8@@QAEHXZ 10003cf2 f   node:node.exe
 0001:00002cfc       __imp_load_?Set@Object@v8@@QAE?AV?$Maybe@_N@2@V?$Local@VContext@v8@@@2@V?$Local@VValue@v8@@@2@1@Z 10003cfc f   node:node.exe
 0001:00002d06       __imp_load_?Call@Function@v8@@QAE?AV?$MaybeLocal@VValue@v8@@@2@V?$Local@VContext@v8@@@2@V?$Local@VValue@v8@@@2@HQAV52@@Z 10003d06 f   node:node.exe
 0001:00002d10       __imp_load_?NewInstance@Function@v8@@QBE?AV?$MaybeLocal@VObject@v8@@@2@V?$Local@VContext@v8@@@2@HQAV?$Local@VValue@v8@@@2@@Z 10003d10 f   node:node.exe
 0001:00002d1a       __imp_load_?SetInternalFieldCount@ObjectTemplate@v8@@QAEXH@Z 10003d1a f   node:node.exe
 0001:00002d24       __imp_load__uv_run         10003d24 f   node:node.exe
 0001:00002d2e       __imp_load_?AddEnvironmentCleanupHook@node@@YAXPAVIsolate@v8@@P6AXPAX@Z1@Z 10003d2e f   node:node.exe
 0001:00002d38       __imp_load__node_module_register 10003d38 f   node:node.exe
 0001:00002d42       __imp_load__uv_default_loop 10003d42 f   node:node.exe
 0001:00002d4c       __imp_load__uv_close       10003d4c f   node:node.exe
 0001:00002d56       __imp_load__uv_read_stop   10003d56 f   node:node.exe
 0001:00002d60       __imp_load__uv_timer_init  10003d60 f   node:node.exe
 0001:00002d6a       __imp_load__uv_rwlock_wrlock 10003d6a f   node:node.exe
 0001:00002d74       __imp_load__uv_rwlock_rdlock 10003d74 f   node:node.exe
 0001:00002d7e       __imp_load__uv_rwlock_init 10003d7e f   node:node.exe
 0001:00002d88       __imp_load__uv_rwlock_wrunlock 10003d88 f   node:node.exe
 0001:00002d92       __imp_load__uv_timer_start 10003d92 f   node:node.exe
 0001:00002d9c       __imp_load__uv_pipe_connect 10003d9c f   node:node.exe
 0001:00002da6       __imp_load__uv_read_start  10003da6 f   node:node.exe
 0001:00002db0       __imp_load__uv_rwlock_rdunlock 10003db0 f   node:node.exe
 0001:00002dba       __imp_load__uv_rwlock_destroy 10003dba f   node:node.exe
 0001:00002dc4       __imp_load__uv_pipe_init   10003dc4 f   node:node.exe
 0001:00002dce       __imp_load__uv_write       10003dce f   node:node.exe
 0001:00002de0       ?_Copy@?$basic_string@DU?$char_traits@D@std@@V?$allocator@D@2@@std@@QAEXII@Z 10003de0 f i libprotobuf-lite:coded_stream.obj
 0001:00002f90       ?_Deallocate@std@@YAXPAXII@Z 10003f90 f i libprotobuf-lite:coded_stream.obj
 0001:00003000       ?allocate@?$_Wrap_alloc@V?$allocator@D@std@@@std@@QAEPADI@Z 10004000 f i libprotobuf-lite:coded_stream.obj
 0001:00003060       ??0exception@std@@QAE@ABV01@@Z 10004060 f i libprotobuf-lite:common.obj
 0001:00003090       ??_Gexception@std@@UAEPAXI@Z 10004090 f i libprotobuf-lite:common.obj
 0001:00003090       ??_Eexception@std@@UAEPAXI@Z 10004090 f i libprotobuf-lite:common.obj
 0001:000030d0       ?DefaultLogHandler@internal@protobuf@google@@YAXW4LogLevel@23@PBDHABV?$basic_string@DU?$char_traits@D@std@@V?$allocator@D@2@@std@@@Z 100040d0 f   libprotobuf-lite:common.obj
 0001:00003120       ?ToString@StringPiece@protobuf@google@@QBE?AV?$basic_string@DU?$char_traits@D@std@@V?$allocator@D@2@@std@@XZ 10004120 f i libprotobuf-lite:common.obj
 0001:00003180       ?_Assign_rv@?$basic_string@DU?$char_traits@D@std@@V?$allocator@D@2@@std@@QAEX$$QAV12@@Z 10004180 f i libprotobuf-lite:common.obj
 0001:000031f0       ?assign@?$basic_string@DU?$char_traits@D@std@@V?$allocator@D@2@@std@@QAEAAV12@ABV12@II@Z 100041f0 f i libprotobuf-lite:common.obj
 0001:00003310       ?assign@?$basic_string@DU?$char_traits@D@std@@V?$allocator@D@2@@std@@QAEAAV12@PBDI@Z 10004310 f i libprotobuf-lite:common.obj
 0001:00003410       ?erase@?$basic_string@DU?$char_traits@D@std@@V?$allocator@D@2@@std@@QAEAAV12@II@Z 10004410 f i libprotobuf-lite:common.obj
 0001:000034b0       ?what@exception@std@@UBEPBDXZ 100044b0 f i libprotobuf-lite:common.obj
 0001:000034c0       _fprintf                   100044c0 f i libprotobuf-lite:common.obj
 0001:000034f0       ??$destroy@PAD@?$_Wrap_alloc@V?$allocator@D@std@@@std@@QAEXPAPAD@Z 100044f0 f i libprotobuf-lite:status.obj
 0001:00003500       ??0?$_Wrap_alloc@V?$allocator@D@std@@@std@@QAE@XZ 10004500 f i libprotobuf-lite:status.obj
 0001:00003510       ??0Status@util@protobuf@google@@QAE@W4Code@error@123@VStringPiece@23@@Z 10004510 f   libprotobuf-lite:status.obj
 0001:00003600       ??1?$_String_alloc@U?$_String_base_types@DV?$allocator@D@std@@@std@@@std@@QAE@XZ 10004600 f i libprotobuf-lite:status.obj
 0001:00003601       @__security_check_cookie@4 10004601 f   MSVCRT:secchk.obj
 0001:00003612       ??2@YAPAXI@Z               10004612 f   MSVCRT:new_scalar.obj
 0001:00003642       ??3@YAXPAXI@Z              10004642 f   MSVCRT:delete_scalar_size.obj
 0001:00003650       ??_Gtype_info@@UAEPAXI@Z   10004650 f i MSVCRT:std_type_info_static.obj
 0001:00003650       ??_Etype_info@@UAEPAXI@Z   10004650 f i MSVCRT:std_type_info_static.obj
 0001:000036b7       ___scrt_acquire_startup_lock 100046b7 f   MSVCRT:utility.obj
 0001:000036e9       ___scrt_dllmain_after_initialize_c 100046e9 f   MSVCRT:utility.obj
 0001:00003714       ___scrt_dllmain_before_initialize_c 10004714 f   MSVCRT:utility.obj
 0001:00003722       ___scrt_dllmain_crt_thread_attach 10004722 f   MSVCRT:utility.obj
 0001:00003741       ___scrt_dllmain_crt_thread_detach 10004741 f   MSVCRT:utility.obj
 0001:0000374e       ___scrt_dllmain_exception_filter 1000474e f   MSVCRT:utility.obj
 0001:00003782       ___scrt_dllmain_uninitialize_c 10004782 f   MSVCRT:utility.obj
 0001:000037a5       ___scrt_dllmain_uninitialize_critical 100047a5 f   MSVCRT:utility.obj
 0001:000037b2       ___scrt_initialize_crt     100047b2 f   MSVCRT:utility.obj
 0001:000037eb       ___scrt_initialize_onexit_tables 100047eb f   MSVCRT:utility.obj
 0001:00003872       ___scrt_is_nonwritable_in_current_image 10004872 f   MSVCRT:utility.obj
 0001:00003906       ___scrt_release_startup_lock 10004906 f   MSVCRT:utility.obj
 0001:00003923       ___scrt_uninitialize_crt   10004923 f   MSVCRT:utility.obj
 0001:0000394b       __onexit                   1000494b f   MSVCRT:utility.obj
 0001:00003978       _atexit                    10004978 f   MSVCRT:utility.obj
 0001:00003ccd       __DllMainCRTStartup@12     10004ccd f   MSVCRT:dll_dllmain.obj
 0001:00003cf0       ??3@YAXPAX@Z               10004cf0 f   MSVCRT:delete_scalar.obj
 0001:00003d00       __allshl                   10004d00 f   MSVCRT:llshl.obj
 0001:00003d20       __chkstk                   10004d20 f   MSVCRT:chkstk.obj
 0001:00003d20       __alloca_probe             10004d20 f   MSVCRT:chkstk.obj
 0001:00003d50       __aullshr                  10004d50 f   MSVCRT:ullshr.obj
 0001:00003d6f       ___raise_securityfailure   10004d6f f   MSVCRT:gs_report.obj
 0001:00003d97       ___report_gsfailure        10004d97 f   MSVCRT:gs_report.obj
 0001:00003e90       ??0bad_alloc@std@@QAE@ABV01@@Z 10004e90 f i MSVCRT:throw_bad_alloc.obj
 0001:00003eab       ??0bad_alloc@std@@QAE@XZ   10004eab f i MSVCRT:throw_bad_alloc.obj
 0001:00003ec3       ??0bad_array_new_length@std@@QAE@ABV01@@Z 10004ec3 f i MSVCRT:throw_bad_alloc.obj
 0001:00003ede       ??0bad_array_new_length@std@@QAE@XZ 10004ede f i MSVCRT:throw_bad_alloc.obj
 0001:00003ef6       ??1bad_alloc@std@@UAE@XZ   10004ef6 f i MSVCRT:throw_bad_alloc.obj
 0001:00003ef6       ??1bad_array_new_length@std@@UAE@XZ 10004ef6 f i MSVCRT:throw_bad_alloc.obj
 0001:00003f07       ??_Ebad_array_new_length@std@@UAEPAXI@Z 10004f07 f i MSVCRT:throw_bad_alloc.obj
 0001:00003f07       ??_Gbad_alloc@std@@UAEPAXI@Z 10004f07 f i MSVCRT:throw_bad_alloc.obj
 0001:00003f07       ??_Gbad_array_new_length@std@@UAEPAXI@Z 10004f07 f i MSVCRT:throw_bad_alloc.obj
 0001:00003f07       ??_Ebad_alloc@std@@UAEPAXI@Z 10004f07 f i MSVCRT:throw_bad_alloc.obj
 0001:00003f34       ?__scrt_throw_std_bad_alloc@@YAXXZ 10004f34 f   MSVCRT:throw_bad_alloc.obj
 0001:00003f51       ?__scrt_throw_std_bad_array_new_length@@YAXXZ 10004f51 f   MSVCRT:throw_bad_alloc.obj
 0001:00003f6e       ___isa_available_init      10004f6e f   MSVCRT:cpu_disp.obj
 0001:0000413e       __get_startup_argv_mode    1000513e f   MSVCRT:argv_mode.obj
 0001:00004142       ___scrt_is_ucrt_dll_in_use 10005142 f   MSVCRT:ucrt_detection.obj
 0001:0000414e       ___scrt_fastfail           1000514e f   MSVCRT:utility_desktop.obj
 0001:00004268       __crt_debugger_hook        10005268 f   MSVCRT:utility_desktop.obj
 0001:00004270       __SEH_prolog4              10005270 f   MSVCRT:sehprolg4.obj
 0001:000042b4       __SEH_epilog4              100052b4 f   MSVCRT:sehprolg4.obj
 0001:000042c8       __except_handler4          100052c8 f   MSVCRT:chandler4gs.obj
 0001:00004344       ___security_init_cookie    10005344 f   MSVCRT:gs_support.obj
 0001:0000438f       _DllMain@12                1000538f f   MSVCRT:dll_dllmain_stub.obj
 0001:000043b1       ?__scrt_initialize_type_info@@YAXXZ 100053b1 f   MSVCRT:tncleanup.obj
 0001:000043bd       ?__scrt_uninitialize_type_info@@YAXXZ 100053bd f   MSVCRT:tncleanup.obj
 0001:000043c9       ___local_stdio_scanf_options 100053c9 f i MSVCRT:default_local_stdio_options.obj
 0001:000043cf       ___scrt_initialize_default_local_stdio_options 100053cf f   MSVCRT:default_local_stdio_options.obj
 0001:000043ec       ___scrt_get_dyn_tls_init_callback 100053ec f   MSVCRT:dyn_tls_init.obj
 0001:000043f2       __RTC_Initialize           100053f2 f   MSVCRT:initsect.obj
 0001:0000441e       __RTC_Terminate            1000541e f   MSVCRT:initsect.obj
 0001:0000444a       ___CxxFrameHandler3        1000544a f   vcruntime:VCRUNTIME140.dll
 0001:00004450       __CxxThrowException@8      10005450 f   vcruntime:VCRUNTIME140.dll
 0001:00004456       _memcpy                    10005456 f   vcruntime:VCRUNTIME140.dll
 0001:0000445c       _memset                    1000545c f   vcruntime:VCRUNTIME140.dll
 0001:00004462       ___std_terminate           10005462 f   vcruntime:VCRUNTIME140.dll
 0001:00004468       _memmove                   10005468 f   vcruntime:VCRUNTIME140.dll
 0001:0000446e       ___std_exception_destroy   1000546e f   vcruntime:VCRUNTIME140.dll
 0001:00004474       __except_handler4_common   10005474 f   vcruntime:VCRUNTIME140.dll
 0001:0000447a       ___std_type_info_destroy_list 1000547a f   vcruntime:VCRUNTIME140.dll
 0001:00004480       _free                      10005480 f   ucrt:api-ms-win-crt-heap-l1-1-0.dll
 0001:00004486       _malloc                    10005486 f   ucrt:api-ms-win-crt-heap-l1-1-0.dll
 0001:0000448c       __callnewh                 1000548c f   ucrt:api-ms-win-crt-heap-l1-1-0.dll
 0001:00004492       __seh_filter_dll           10005492 f   ucrt:api-ms-win-crt-runtime-l1-1-0.dll
 0001:00004498       __configure_narrow_argv    10005498 f   ucrt:api-ms-win-crt-runtime-l1-1-0.dll
 0001:0000449e       __initialize_narrow_environment 1000549e f   ucrt:api-ms-win-crt-runtime-l1-1-0.dll
 0001:000044a4       __initialize_onexit_table  100054a4 f   ucrt:api-ms-win-crt-runtime-l1-1-0.dll
 0001:000044aa       __register_onexit_function 100054aa f   ucrt:api-ms-win-crt-runtime-l1-1-0.dll
 0001:000044b0       __execute_onexit_table     100054b0 f   ucrt:api-ms-win-crt-runtime-l1-1-0.dll
 0001:000044b6       __crt_atexit               100054b6 f   ucrt:api-ms-win-crt-runtime-l1-1-0.dll
 0001:000044bc       __cexit                    100054bc f   ucrt:api-ms-win-crt-runtime-l1-1-0.dll
 0001:000044c2       __initterm                 100054c2 f   ucrt:api-ms-win-crt-runtime-l1-1-0.dll
 0001:000044c8       __initterm_e               100054c8 f   ucrt:api-ms-win-crt-runtime-l1-1-0.dll
 0001:000044ce       _IsProcessorFeaturePresent@4 100054ce f   kernel32:KERNEL32.dll
 0001:000044d4       ?DloadAcquireSectionWriteAccess@@YGXXZ 100054d4 f i DelayImp:delayhlp.obj
 0001:00004507       ?DloadGetSRWLockFunctionPointers@@YGEXZ 10005507 f i DelayImp:delayhlp.obj
 0001:0000457a       ?DloadLock@@YGXXZ          1000557a f i DelayImp:delayhlp.obj
 0001:000045b9       ?DloadMakePermanentImageCommit@@YGXPAXK@Z 100055b9 f i DelayImp:delayhlp.obj
 0001:00004628       ?DloadObtainSection@@YGPAXPAK0@Z 10005628 f i DelayImp:delayhlp.obj
 0001:000046a3       ?DloadProtectSection@@YGXKPAK@Z 100056a3 f i DelayImp:delayhlp.obj
 0001:00004711       ?DloadReleaseSectionWriteAccess@@YGXXZ 10005711 f i DelayImp:delayhlp.obj
 0001:00004747       ?DloadUnlock@@YGXXZ        10005747 f i DelayImp:delayhlp.obj
 0001:00004773       ___delayLoadHelper2@8      10005773 f   DelayImp:delayhlp.obj
 0001:000049e2       ___vcrt_thread_attach      100059e2 f   MSVCRT:ucrt_stubs.obj
 0001:000049e2       ___acrt_thread_detach      100059e2 f   MSVCRT:ucrt_stubs.obj
 0001:000049e2       ___acrt_initialize         100059e2 f   MSVCRT:ucrt_stubs.obj
 0001:000049e2       ___vcrt_uninitialize_critical 100059e2 f   MSVCRT:ucrt_stubs.obj
 0001:000049e2       ___vcrt_thread_detach      100059e2 f   MSVCRT:ucrt_stubs.obj
 0001:000049e2       ___acrt_uninitialize       100059e2 f   MSVCRT:ucrt_stubs.obj
 0001:000049e2       ___scrt_stub_for_acrt_uninitialize_critical 100059e2 f   MSVCRT:ucrt_stubs.obj
 0001:000049e2       ___scrt_stub_for_acrt_thread_detach 100059e2 f   MSVCRT:ucrt_stubs.obj
 0001:000049e2       ___vcrt_uninitialize       100059e2 f   MSVCRT:ucrt_stubs.obj
 0001:000049e2       ___scrt_stub_for_acrt_initialize 100059e2 f   MSVCRT:ucrt_stubs.obj
 0001:000049e2       ___scrt_stub_for_acrt_thread_attach 100059e2 f   MSVCRT:ucrt_stubs.obj
 0001:000049e2       ___acrt_uninitialize_critical 100059e2 f   MSVCRT:ucrt_stubs.obj
 0001:000049e2       ___scrt_stub_for_acrt_uninitialize 100059e2 f   MSVCRT:ucrt_stubs.obj
 0001:000049e2       ___acrt_thread_attach      100059e2 f   MSVCRT:ucrt_stubs.obj
 0001:000049e2       ___vcrt_initialize         100059e2 f   MSVCRT:ucrt_stubs.obj
 0001:000049e5       __is_c_termination_complete 100059e5 f   MSVCRT:ucrt_stubs.obj
 0001:000049e5       ___scrt_stub_for_is_c_termination_complete 100059e5 f   MSVCRT:ucrt_stubs.obj
 0001:000049e8       __filter_x86_sse2_floating_point_exception 100059e8 f   MSVCRT:x86_exception_filter.obj
 0001:000049e8       __filter_x86_sse2_floating_point_exception_default 100059e8 f   MSVCRT:x86_exception_filter.obj
 0002:00000000       __imp__GetModuleHandleA@4  10006000     kernel32:KERNEL32.dll
 0002:00000004       __imp__UnhandledExceptionFilter@4 10006004     kernel32:KERNEL32.dll
 0002:00000008       __imp__SetUnhandledExceptionFilter@4 10006008     kernel32:KERNEL32.dll
 0002:0000000c       __imp__GetCurrentProcess@0 1000600c     kernel32:KERNEL32.dll
 0002:00000010       __imp__TerminateProcess@8  10006010     kernel32:KERNEL32.dll
 0002:00000014       __imp__IsProcessorFeaturePresent@4 10006014     kernel32:KERNEL32.dll
 0002:00000018       __imp__IsDebuggerPresent@0 10006018     kernel32:KERNEL32.dll
 0002:0000001c       __imp__GetModuleHandleW@4  1000601c     kernel32:KERNEL32.dll
 0002:00000020       __imp__QueryPerformanceCounter@4 10006020     kernel32:KERNEL32.dll
 0002:00000024       __imp__GetCurrentProcessId@0 10006024     kernel32:KERNEL32.dll
 0002:00000028       __imp__GetCurrentThreadId@0 10006028     kernel32:KERNEL32.dll
 0002:0000002c       __imp__GetSystemTimeAsFileTime@4 1000602c     kernel32:KERNEL32.dll
 0002:00000030       __imp__DisableThreadLibraryCalls@4 10006030     kernel32:KERNEL32.dll
 0002:00000034       __imp__InitializeSListHead@4 10006034     kernel32:KERNEL32.dll
 0002:00000038       __imp__RaiseException@16   10006038     kernel32:KERNEL32.dll
 0002:0000003c       __imp__GetLastError@0      1000603c     kernel32:KERNEL32.dll
 0002:00000040       __imp__GetSystemInfo@4     10006040     kernel32:KERNEL32.dll
 0002:00000044       __imp__VirtualProtect@16   10006044     kernel32:KERNEL32.dll
 0002:00000048       __imp__VirtualQuery@12     10006048     kernel32:KERNEL32.dll
 0002:0000004c       __imp__FreeLibrary@4       1000604c     kernel32:KERNEL32.dll
 0002:00000050       __imp__GetProcAddress@8    10006050     kernel32:KERNEL32.dll
 0002:00000054       __imp__LoadLibraryExA@12   10006054     kernel32:KERNEL32.dll
 0002:00000058       \177KERNEL32_NULL_THUNK_DATA 10006058     kernel32:KERNEL32.dll
 0002:0000005c       __imp_?_Raise_handler@std@@3P6AXABVexception@stdext@@@ZA 1000605c     msvcprt:MSVCP140.dll
 0002:00000060       __imp_?_Xlength_error@std@@YAXPBD@Z 10006060     msvcprt:MSVCP140.dll
 0002:00000064       __imp_?_Xbad_alloc@std@@YAXXZ 10006064     msvcprt:MSVCP140.dll
 0002:00000068       __imp_?_Xout_of_range@std@@YAXPBD@Z 10006068     msvcprt:MSVCP140.dll
 0002:0000006c       \177MSVCP140_NULL_THUNK_DATA 1000606c     msvcprt:MSVCP140.dll
 0002:00000070       __imp____std_type_info_destroy_list 10006070     vcruntime:VCRUNTIME140.dll
 0002:00000074       __imp___except_handler4_common 10006074     vcruntime:VCRUNTIME140.dll
 0002:00000078       __imp____std_exception_destroy 10006078     vcruntime:VCRUNTIME140.dll
 0002:0000007c       __imp____std_exception_copy 1000607c     vcruntime:VCRUNTIME140.dll
 0002:00000080       __imp__memmove             10006080     vcruntime:VCRUNTIME140.dll
 0002:00000084       __imp____std_terminate     10006084     vcruntime:VCRUNTIME140.dll
 0002:00000088       __imp__memset              10006088     vcruntime:VCRUNTIME140.dll
 0002:0000008c       __imp___CxxThrowException@8 1000608c     vcruntime:VCRUNTIME140.dll
 0002:00000090       __imp____CxxFrameHandler3  10006090     vcruntime:VCRUNTIME140.dll
 0002:00000094       __imp__memcpy              10006094     vcruntime:VCRUNTIME140.dll
 0002:00000098       \177VCRUNTIME140_NULL_THUNK_DATA 10006098     vcruntime:VCRUNTIME140.dll
 0002:0000009c       __imp__free                1000609c     ucrt:api-ms-win-crt-heap-l1-1-0.dll
 0002:000000a0       __imp___callnewh           100060a0     ucrt:api-ms-win-crt-heap-l1-1-0.dll
 0002:000000a4       __imp__malloc              100060a4     ucrt:api-ms-win-crt-heap-l1-1-0.dll
 0002:000000a8       \177api-ms-win-crt-heap-l1-1-0_NULL_THUNK_DATA 100060a8     ucrt:api-ms-win-crt-heap-l1-1-0.dll
 0002:000000ac       __imp___initterm           100060ac     ucrt:api-ms-win-crt-runtime-l1-1-0.dll
 0002:000000b0       __imp___cexit              100060b0     ucrt:api-ms-win-crt-runtime-l1-1-0.dll
 0002:000000b4       __imp___invoke_watson      100060b4     ucrt:api-ms-win-crt-runtime-l1-1-0.dll
 0002:000000b8       __imp___execute_onexit_table 100060b8     ucrt:api-ms-win-crt-runtime-l1-1-0.dll
 0002:000000bc       __imp___initterm_e         100060bc     ucrt:api-ms-win-crt-runtime-l1-1-0.dll
 0002:000000c0       __imp___initialize_onexit_table 100060c0     ucrt:api-ms-win-crt-runtime-l1-1-0.dll
 0002:000000c4       __imp___initialize_narrow_environment 100060c4     ucrt:api-ms-win-crt-runtime-l1-1-0.dll
 0002:000000c8       __imp___configure_narrow_argv 100060c8     ucrt:api-ms-win-crt-runtime-l1-1-0.dll
 0002:000000cc       __imp___seh_filter_dll     100060cc     ucrt:api-ms-win-crt-runtime-l1-1-0.dll
 0002:000000d0       __imp___invalid_parameter_noinfo_noreturn 100060d0     ucrt:api-ms-win-crt-runtime-l1-1-0.dll
 0002:000000d4       __imp___register_onexit_function 100060d4     ucrt:api-ms-win-crt-runtime-l1-1-0.dll
 0002:000000d8       __imp___wassert            100060d8     ucrt:api-ms-win-crt-runtime-l1-1-0.dll
 0002:000000dc       __imp___crt_atexit         100060dc     ucrt:api-ms-win-crt-runtime-l1-1-0.dll
 0002:000000e0       \177api-ms-win-crt-runtime-l1-1-0_NULL_THUNK_DATA 100060e0     ucrt:api-ms-win-crt-runtime-l1-1-0.dll
 0002:000000e4       __imp__fflush              100060e4     ucrt:api-ms-win-crt-stdio-l1-1-0.dll
 0002:000000e8       __imp____stdio_common_vfprintf 100060e8     ucrt:api-ms-win-crt-stdio-l1-1-0.dll
 0002:000000ec       __imp____stdio_common_vsprintf 100060ec     ucrt:api-ms-win-crt-stdio-l1-1-0.dll
 0002:000000f0       __imp____acrt_iob_func     100060f0     ucrt:api-ms-win-crt-stdio-l1-1-0.dll
 0002:000000f4       \177api-ms-win-crt-stdio-l1-1-0_NULL_THUNK_DATA 100060f4     ucrt:api-ms-win-crt-stdio-l1-1-0.dll
 0002:000000f8       __imp___stricmp            100060f8     ucrt:api-ms-win-crt-string-l1-1-0.dll
 0002:000000fc       \177api-ms-win-crt-string-l1-1-0_NULL_THUNK_DATA 100060fc     ucrt:api-ms-win-crt-string-l1-1-0.dll
 0002:00000100       ___guard_check_icall_fptr  10006100     MSVCRT:guard_support.obj
 0002:00000104       ___xc_a                    10006104     MSVCRT:initializers.obj
 0002:00000118       __register_zoomsdk_render_ 10006118     zoom_node_render_addon.obj
 0002:00000150       ___xc_z                    10006150     MSVCRT:initializers.obj
 0002:00000154       ___xi_a                    10006154     MSVCRT:initializers.obj
 0002:00000158       ___xi_z                    10006158     MSVCRT:initializers.obj
 0002:0000015c       ___xl_a                    1000615c     MSVCRT:tlssup.obj
 0002:00000160       ___xl_z                    10006160     MSVCRT:tlssup.obj
 0002:00000164       ___xp_a                    10006164     MSVCRT:initializers.obj
 0002:00000168       ___xp_z                    10006168     MSVCRT:initializers.obj
 0002:0000016c       ___xt_a                    1000616c     MSVCRT:initializers.obj
 0002:00000170       ___xt_z                    10006170     MSVCRT:initializers.obj
 0002:00000180       __sz_node_exe              10006180     node:node.exe
 0002:0000018c       ??_C@_0BA@JFNIOLAK@string?5too?5long?$AA@ 1000618c     libprotobuf-lite:coded_stream.obj
 0002:0000019c       ??_C@_0BI@CFPLBAOH@invalid?5string?5position?$AA@ 1000619c     libprotobuf-lite:coded_stream.obj
 0002:000001b8       ??_7exception@std@@6B@     100061b8     libprotobuf-lite:common.obj
 0002:000001c0       ??_C@_0BC@EOODALEL@Unknown?5exception?$AA@ 100061c0     libprotobuf-lite:common.obj
 0002:000001d4       ??_C@_04BEADLPGM@INFO?$AA@ 100061d4     libprotobuf-lite:common.obj
 0002:000001dc       ??_C@_07KCOHIFOP@WARNING?$AA@ 100061dc     libprotobuf-lite:common.obj
 0002:000001e4       ??_C@_05MBDEGLCK@ERROR?$AA@ 100061e4     libprotobuf-lite:common.obj
 0002:000001ec       ??_C@_05JLFELJNP@FATAL?$AA@ 100061ec     libprotobuf-lite:common.obj
 0002:000001f4       ??_C@_0BL@IJBHFOKO@?$FLlibprotobuf?5?$CFs?5?$CFs?3?$CFd?$FN?5?$CFs?6?$AA@ 100061f4     libprotobuf-lite:common.obj
 0002:00000218       ?kFieldTypeToCppTypeMap@WireFormatLite@internal@protobuf@google@@0QBW4CppType@1234@B 10006218     libprotobuf-lite:wire_format_lite.obj
 0002:00000268       ?kWireTypeForFieldType@WireFormatLite@internal@protobuf@google@@0QBW4WireType@1234@B 10006268     libprotobuf-lite:wire_format_lite.obj
 0002:000002b4       ?kMessageSetItemTagsSize@WireFormatLite@internal@protobuf@google@@2IB 100062b4     libprotobuf-lite:wire_format_lite.obj
 0002:000002b8       ??_C@_00CNPNBAHC@?$AA@     100062b8     libprotobuf-lite:wire_format_lite.obj
 0002:000002c0       ?kuint128max@protobuf@google@@3Uuint128_pod@12@B 100062c0     libprotobuf-lite:int128.obj
 0002:00000ce0       ?kStringPrintfVectorMaxArgs@protobuf@google@@3HB 10006ce0     libprotobuf-lite:stringprintf.obj
 0002:00000df0       ??_7type_info@@6B@         10006df0     MSVCRT:std_type_info_static.obj
 0002:00000df4       __pDefaultRawDllMain       10006df4     MSVCRT:dll_dllmain.obj
 0002:00000df4       __pRawDllMain              10006df4     MSVCRT:dll_dllmain.obj
 0002:00000e04       ??_7bad_alloc@std@@6B@     10006e04     MSVCRT:throw_bad_alloc.obj
 0002:00000e0c       ??_C@_0P@GHFPNOJB@bad?5allocation@ 10006e0c     MSVCRT:throw_bad_alloc.obj
 0002:00000e20       ??_7bad_array_new_length@std@@6B@ 10006e20     MSVCRT:throw_bad_alloc.obj
 0002:00000e28       ??_C@_1BK@DBDEIDLH@?$AAK?$AAE?$AAR?$AAN?$AAE?$AAL?$AA3?$AA2?$AA?4?$AAD?$AAL?$AAL@ 10006e28     DelayImp:delayhlp.obj
 0002:00000e44       ??_C@_0BI@OMNLIJDB@AcquireSRWLockExclusive@ 10006e44     DelayImp:delayhlp.obj
 0002:00000e5c       ??_C@_0BI@HMIEPCNJ@ReleaseSRWLockExclusive@ 10006e5c     DelayImp:delayhlp.obj
 0002:00000e74       ___pfnDliFailureHook2      10006e74     DelayImp:delayhk1.obj
 0002:00000e78       __load_config_used         10006e78     MSVCRT:loadcfg.obj
 0002:00000f34       ??_C@_08JDDNMFDB@node?4exe@ 10006f34     win_delay_load_hook.obj
 0002:00000f40       ___pfnDliNotifyHook2       10006f40     win_delay_load_hook.obj
 0002:00000f50       ??_C@_0BC@BDKFLDHL@unknown?5exception@ 10006f50     electron_sdk.pb.obj
 0002:00000f64       ??_C@_0BF@KINCDENJ@bad?5array?5new?5length@ 10006f64     electron_sdk.pb.obj
 0002:00000f7c       ??_C@_0BA@JFNIOLAK@string?5too?5long@ 10006f7c     electron_sdk.pb.obj
 0002:00000f8c       ??_7exception@stdext@@6B@  10006f8c     electron_sdk.pb.obj
 0002:00000f98       ??_7bad_array_new_length@stdext@@6B@ 10006f98     electron_sdk.pb.obj
 0002:00000fa8       ??_C@_1LE@HCLKIJPP@?$AAC?$AA?3?$AA?2?$AAU?$AAs?$AAe?$AAr?$AAs?$AA?2?$AAi?$AAs?$AAm?$AAa?$AAe?$AAl@ 10006fa8     zoom_node_render_addon.obj
 0002:0000105c       ??_C@_1CO@EGNPJLKI@?$AAp?$AAe?$AAr?$AAs?$AAi?$AAs?$AAt?$AAe?$AAn?$AAt?$AA?$CI?$AA?$CJ?$AA?4?$AAI?$AAs@ 1000705c     zoom_node_render_addon.obj
 0002:00001090       ??_C@_1EC@NOLNIHNJ@?$AAh?$AAa?$AAn?$AAd?$AAl?$AAe?$AA?9?$AA?$DO?$AAI?$AAn?$AAt?$AAe?$AAr?$AAn?$AAa@ 10007090     zoom_node_render_addon.obj
 0002:000010d4       ??_C@_1DA@FBGAEOIO@?$AA?$CB?$AAp?$AAe?$AAr?$AAs?$AAi?$AAs?$AAt?$AAe?$AAn?$AAt?$AA?$CI?$AA?$CJ?$AA?4?$AAI@ 100070d4     zoom_node_render_addon.obj
 0002:00001104       ??_C@_1CO@JCKLEFMA@?$AA?$CB?$AAp?$AAe?$AAr?$AAs?$AAi?$AAs?$AAt?$AAe?$AAn?$AAt?$AA?$CI?$AA?$CJ?$AA?4?$AAI@ 10007104     zoom_node_render_addon.obj
 0002:00001134       ??_C@_1BE@GMLLOIPJ@?$AAr?$AAe?$AAf?$AAs?$AA_?$AA?5?$AA?$DO?$AA?5?$AA0@ 10007134     zoom_node_render_addon.obj
 0002:00001148       ??_C@_1CC@GBFLAAPF@?$AAw?$AAr?$AAa?$AAp?$AA?9?$AA?$DO?$AAr?$AAe?$AAf?$AAs?$AA_?$AA?5?$AA?$DN?$AA?$DN?$AA?5@ 10007148     zoom_node_render_addon.obj
 0002:0000116c       ??_C@_0BD@HEFNPNPP@ZoomNodeRenderWrap@ 1000716c     zoom_node_render_addon.obj
 0002:00001180       ??_C@_0BH@GMCPPEKM@GetVideoLibuvClientObj@ 10007180     zoom_node_render_addon.obj
 0002:00001198       ??_C@_0BH@LHMNJKBG@GetShareLibuvClientObj@ 10007198     zoom_node_render_addon.obj
 0002:000011b0       ??_C@_0BH@LDOLKCG@GetAudioLibuvClientObj@ 100071b0     zoom_node_render_addon.obj
 0002:000011c8       ??_C@_0CE@HBFPCMHM@ZoomNodeVideoRawDataLibuvClient@ 100071c8     zoom_node_render_addon.obj
 0002:000011ec       ??_C@_0BI@MKOEHIMN@SetRenderVideoRawDataCB@ 100071ec     zoom_node_render_addon.obj
 0002:00001204       ??_C@_0BB@KLKMEJH@StartVideoClient@ 10007204     zoom_node_render_addon.obj
 0002:00001218       ??_C@_0BA@LKLBFNBP@StopVideoClient@ 10007218     zoom_node_render_addon.obj
 0002:00001228       ??_C@_0CE@EIEJCFGK@ZoomNodeShareRawDataLibuvClient@ 10007228     zoom_node_render_addon.obj
 0002:0000124c       ??_C@_0BI@ODGMMINE@SetRenderShareRawDataCB@ 1000724c     zoom_node_render_addon.obj
 0002:00001264       ??_C@_0BB@OMNPJEHD@StartShareClient@ 10007264     zoom_node_render_addon.obj
 0002:00001278       ??_C@_0BA@FMNEANPL@StopShareClient@ 10007278     zoom_node_render_addon.obj
 0002:00001288       ??_C@_0CE@EEAIMBCJ@ZoomNodeAudioRawDataLibuvClient@ 10007288     zoom_node_render_addon.obj
 0002:000012ac       ??_C@_0BI@FMMKAIFI@SetRenderAudioRawDataCB@ 100072ac     zoom_node_render_addon.obj
 0002:000012c4       ??_C@_0BB@DAOCGFPM@StartAudioClient@ 100072c4     zoom_node_render_addon.obj
 0002:000012d8       ??_C@_0BA@IAOJPMHE@StopAudioClient@ 100072d8     zoom_node_render_addon.obj
 0002:000012e8       ??_C@_0EB@KOHBJBAL@C?3?2Code?2zoomcommander?2lib?2node_@ 100072e8     zoom_node_render_addon.obj
 0002:0000132c       ??_C@_0P@DCJIIDH@zoomsdk_render@ 1000732c     zoom_node_render_addon.obj
 0002:0000133c       ??_C@_07FLMNHPPG@exports@  1000733c     zoom_node_render_addon.obj
 0002:00001344       ??_C@_07FJCLMGLK@yuvi420@  10007344     zoom_node_render_addon.obj
 0002:0000134c       ??_C@_0BO@GILHJKC@?$CFs?$DL?$CFd?$DL?$CFd?$DL?$CFd?$DL?$CFd?$DL?$CFllu?$DL?$CFllu?$DL?$CFllu@ 1000734c     zoom_node_render_addon.obj
 0002:0000136c       ??_C@_0N@EPEOPJNE@AudioRawData@ 1000736c     zoom_node_render_addon.obj
 0002:0000137c       ??_C@_0N@EKIIIIPI@?$CFs?$DL?$CFd?$DL?$CFd?$DL?$CFd?$DL@ 1000737c     zoom_node_render_addon.obj
 0002:0000138c       ??_C@_07DFAMFKJK@node_id@  1000738c     zoom_node_render_addon.obj
 0002:00001394       ??_C@_0BD@CHFMFIB@?2?2?4?2pipe?2videoPipe@ 10007394     zoom_node_render_addon.obj
 0002:000013a8       ??_C@_0BD@LICFJFME@?2?2?4?2pipe?2sharePipe@ 100073a8     zoom_node_render_addon.obj
 0002:000013bc       ??_C@_0BD@EKFDIEAB@?2?2?4?2pipe?2audioPipe@ 100073bc     zoom_node_render_addon.obj
 0002:000013d0       ??_7ZoomNodeVideoRawDataLibuvClientWrap@@6B@ 100073d0     zoom_node_render_addon.obj
 0002:000013d0       ??_7ZoomNodeAudioRawDataLibuvClientWrap@@6B@ 100073d0     zoom_node_render_addon.obj
 0002:000013d0       ??_7ZoomNodeShareRawDataLibuvClientWrap@@6B@ 100073d0     zoom_node_render_addon.obj
 0002:000013d0       ??_7ObjectWrap@node@@6B@   100073d0     zoom_node_render_addon.obj
 0002:000013d0       ??_7ZoomNodeRenderWrap@@6B@ 100073d0     zoom_node_render_addon.obj
 0002:000013dc       ??_7UVIPCClientSink@@6B@   100073dc     zoom_node_render_addon.obj
 0002:000013ec       ??_C@_0BB@GCADKGJO@map?1set?5too?5long@ 100073ec     uv_ipc_common.obj
 0002:00001400       ??_C@_0O@NKNMEGII@list?5too?5long@ 10007400     uv_ipc_common.obj
 0002:00001410       ??_7UVIPCLocker@@6B@       10007410     uv_ipc_common.obj
 0002:00001414       ??_7UVIPCMessage@@6B@      10007414     uv_ipc_common.obj
 0002:00001420       ??_7UVIPC@@6B@             10007420     uv_ipc_common.obj
 0002:000014c0       __tls_used                 100074c0     MSVCRT:tlssup.obj
 0002:000014d8       ??_R4exception@std@@6B@    100074d8     libprotobuf-lite:common.obj
 0002:000014ec       ??_R3exception@std@@8      100074ec     libprotobuf-lite:common.obj
 0002:000014fc       ??_R2exception@std@@8      100074fc     libprotobuf-lite:common.obj
 0002:00001504       ??_R1A@?0A@EA@exception@std@@8 10007504     libprotobuf-lite:common.obj
 0002:00001520       ??_R4type_info@@6B@        10007520     MSVCRT:std_type_info_static.obj
 0002:00001534       ??_R3type_info@@8          10007534     MSVCRT:std_type_info_static.obj
 0002:00001544       ??_R2type_info@@8          10007544     MSVCRT:std_type_info_static.obj
 0002:0000154c       ??_R1A@?0A@EA@type_info@@8 1000754c     MSVCRT:std_type_info_static.obj
 0002:00001568       ??_R4bad_alloc@std@@6B@    10007568     MSVCRT:throw_bad_alloc.obj
 0002:0000157c       ??_R3bad_alloc@std@@8      1000757c     MSVCRT:throw_bad_alloc.obj
 0002:0000158c       ??_R2bad_alloc@std@@8      1000758c     MSVCRT:throw_bad_alloc.obj
 0002:00001598       ??_R1A@?0A@EA@bad_alloc@std@@8 10007598     MSVCRT:throw_bad_alloc.obj
 0002:000015b4       ??_R4bad_array_new_length@std@@6B@ 100075b4     MSVCRT:throw_bad_alloc.obj
 0002:000015c8       ??_R3bad_array_new_length@std@@8 100075c8     MSVCRT:throw_bad_alloc.obj
 0002:000015d8       ??_R2bad_array_new_length@std@@8 100075d8     MSVCRT:throw_bad_alloc.obj
 0002:000015e8       ??_R1A@?0A@EA@bad_array_new_length@std@@8 100075e8     MSVCRT:throw_bad_alloc.obj
 0002:00001604       ___safe_se_handler_table   10007604     <linker-defined>
 0002:000019f0       ___rtc_iaa                 100079f0     MSVCRT:initsect.obj
 0002:000019f4       ___rtc_izz                 100079f4     MSVCRT:initsect.obj
 0002:000019f8       ___rtc_taa                 100079f8     MSVCRT:initsect.obj
 0002:000019fc       ___rtc_tzz                 100079fc     MSVCRT:initsect.obj
 0002:00001a00       __tls_start                10007a00     MSVCRT:tlssup.obj
 0002:00001a08       ?thread_cache_@ArenaImpl@internal@protobuf@google@@0UThreadCache@1234@A 10007a08     libprotobuf-lite:arena.obj
 0002:00001a18       __tls_end                  10007a18     MSVCRT:tlssup.obj
 0002:00001aac       __CT??_R0?AVexception@std@@@8??0exception@std@@QAE@ABV01@@Z12 10007aac     libprotobuf-lite:common.obj
 0002:00001b84       __TI2?AVbad_alloc@std@@    10007b84     MSVCRT:throw_bad_alloc.obj
 0002:00001b94       __CTA2?AVbad_alloc@std@@   10007b94     MSVCRT:throw_bad_alloc.obj
 0002:00001ba0       __CT??_R0?AVbad_alloc@std@@@8??0bad_alloc@std@@QAE@ABV01@@Z12 10007ba0     MSVCRT:throw_bad_alloc.obj
 0002:00001bbc       __TI3?AVbad_array_new_length@std@@ 10007bbc     MSVCRT:throw_bad_alloc.obj
 0002:00001bcc       __CTA3?AVbad_array_new_length@std@@ 10007bcc     MSVCRT:throw_bad_alloc.obj
 0002:00001bdc       __CT??_R0?AVbad_array_new_length@std@@@8??0bad_array_new_length@std@@QAE@ABV01@@Z12 10007bdc     MSVCRT:throw_bad_alloc.obj
 0002:00001bf8       __DELAY_IMPORT_DESCRIPTOR_node_exe 10007bf8     node:node.exe
 0002:00001c18       __NULL_DELAY_IMPORT_DESCRIPTOR 10007c18     node:node.exe
 0002:00001d0c       \177node_NULL_THUNK_DATA_DLN 10007d0c     node:node.exe
 0002:000027f8       \177node_NULL_THUNK_DATA_DLB 100087f8     node:node.exe
 0002:00002954       __IMPORT_DESCRIPTOR_KERNEL32 10008954     kernel32:KERNEL32.dll
 0002:00002968       __IMPORT_DESCRIPTOR_MSVCP140 10008968     msvcprt:MSVCP140.dll
 0002:0000297c       __IMPORT_DESCRIPTOR_VCRUNTIME140 1000897c     vcruntime:VCRUNTIME140.dll
 0002:00002990       __IMPORT_DESCRIPTOR_api-ms-win-crt-string-l1-1-0 10008990     ucrt:api-ms-win-crt-string-l1-1-0.dll
 0002:000029a4       __IMPORT_DESCRIPTOR_api-ms-win-crt-runtime-l1-1-0 100089a4     ucrt:api-ms-win-crt-runtime-l1-1-0.dll
 0002:000029b8       __IMPORT_DESCRIPTOR_api-ms-win-crt-stdio-l1-1-0 100089b8     ucrt:api-ms-win-crt-stdio-l1-1-0.dll
 0002:000029cc       __IMPORT_DESCRIPTOR_api-ms-win-crt-heap-l1-1-0 100089cc     ucrt:api-ms-win-crt-heap-l1-1-0.dll
 0002:000029e0       __NULL_IMPORT_DESCRIPTOR   100089e0     kernel32:KERNEL32.dll
 0003:00000000       ?default_recursion_limit_@CodedInputStream@io@protobuf@google@@0HA 1000a000     libprotobuf-lite:coded_stream.obj
 0003:00000048       ___scrt_native_dllmain_reason 1000a048     MSVCRT:utility.obj
 0003:0000004c       ___security_cookie_complement 1000a04c     MSVCRT:gs_cookie.obj
 0003:00000050       ___security_cookie         1000a050     MSVCRT:gs_cookie.obj
 0003:00000060       __fltused                  1000a060     MSVCRT:fltused.obj
 0003:00000070       ___isa_enabled             1000a070     MSVCRT:cpu_disp.obj
 0003:00000080       ___scrt_ucrt_dll_is_in_use 1000a080     MSVCRT:ucrt_stubs.obj
 0003:000000a8       ?g_owner_locker@@3VUVIPCLocker@@A 1000a0a8     uv_ipc_common.obj
 0003:000000e0       ??_R0?AVexception@std@@@8  1000a0e0     libprotobuf-lite:common.obj
 0003:000000fc       ??_R0?AVtype_info@@@8      1000a0fc     MSVCRT:std_type_info_static.obj
 0003:00000114       ??_R0?AVbad_alloc@std@@@8  1000a114     MSVCRT:throw_bad_alloc.obj
 0003:00000130       ??_R0?AVbad_array_new_length@std@@@8 1000a130     MSVCRT:throw_bad_alloc.obj
 0003:00000158       __imp_?GetIsolate@Context@v8@@QAEPAVIsolate@2@XZ 1000a158     node:node.exe
 0003:0000015c       __imp__uv_pipe_init        1000a15c     node:node.exe
 0003:00000160       __imp_?Global@Context@v8@@QAE?AV?$Local@VObject@v8@@@2@XZ 1000a160     node:node.exe
 0003:00000164       __imp_?New@Uint8Array@v8@@SA?AV?$Local@VUint8Array@v8@@@2@V?$Local@VArrayBuffer@v8@@@2@II@Z 1000a164     node:node.exe
 0003:00000168       __imp_?Value@External@v8@@QBEPAXXZ 1000a168     node:node.exe
 0003:0000016c       __imp_?New@External@v8@@SA?AV?$Local@VExternal@v8@@@2@PAVIsolate@2@PAX@Z 1000a16c     node:node.exe
 0003:00000170       __imp_?New@Integer@v8@@SA?AV?$Local@VInteger@v8@@@2@PAVIsolate@2@H@Z 1000a170     node:node.exe
 0003:00000174       __imp_?New@Signature@v8@@SA?AV?$Local@VSignature@v8@@@2@PAVIsolate@2@V?$Local@VFunctionTemplate@v8@@@2@@Z 1000a174     node:node.exe
 0003:00000178       __imp_?GetCurrentContext@Isolate@v8@@QAE?AV?$Local@VContext@v8@@@2@XZ 1000a178     node:node.exe
 0003:0000017c       __imp_?GetCurrent@Isolate@v8@@SAPAV12@XZ 1000a17c     node:node.exe
 0003:00000180       __imp_?CreateHandle@HandleScope@v8@@KAPAIPAVIsolate@internal@2@I@Z 1000a180     node:node.exe
 0003:00000184       __imp_??1HandleScope@v8@@QAE@XZ 1000a184     node:node.exe
 0003:00000188       __imp_??0HandleScope@v8@@QAE@PAVIsolate@1@@Z 1000a188     node:node.exe
 0003:0000018c       __imp_?Set@Template@v8@@QAEXV?$Local@VName@v8@@@2@V?$Local@VData@v8@@@2@W4PropertyAttribute@2@@Z 1000a18c     node:node.exe
 0003:00000190       __imp_?SetClassName@FunctionTemplate@v8@@QAEXV?$Local@VString@v8@@@2@@Z 1000a190     node:node.exe
 0003:00000194       __imp_?PrototypeTemplate@FunctionTemplate@v8@@QAE?AV?$Local@VObjectTemplate@v8@@@2@XZ 1000a194     node:node.exe
 0003:00000198       __imp_?InstanceTemplate@FunctionTemplate@v8@@QAE?AV?$Local@VObjectTemplate@v8@@@2@XZ 1000a198     node:node.exe
 0003:0000019c       __imp_?GetFunction@FunctionTemplate@v8@@QAE?AV?$MaybeLocal@VFunction@v8@@@2@V?$Local@VContext@v8@@@2@@Z 1000a19c     node:node.exe
 0003:000001a0       __imp_?New@FunctionTemplate@v8@@SA?AV?$Local@VFunctionTemplate@v8@@@2@PAVIsolate@2@P6AXABV?$FunctionCallbackInfo@VValue@v8@@@2@@ZV?$Local@VValue@v8@@@2@V?$Local@VSignature@v8@@@2@HW4ConstructorBehavior@2@W4SideEffectType@2@PBVCFunction@2@@Z 1000a1a0     node:node.exe
 0003:000001a4       __imp_?New@ArrayBuffer@v8@@SA?AV?$Local@VArrayBuffer@v8@@@2@PAVIsolate@2@PAXIW4ArrayBufferCreationMode@2@@Z 1000a1a4     node:node.exe
 0003:000001a8       __imp_?ToLocalEmpty@V8@v8@@CAXXZ 1000a1a8     node:node.exe
 0003:000001ac       __imp_?FromJustIsNothing@V8@v8@@CAXXZ 1000a1ac     node:node.exe
 0003:000001b0       __imp_?ClearWeak@V8@v8@@CAPAXPAI@Z 1000a1b0     node:node.exe
 0003:000001b4       __imp_?MakeWeak@V8@v8@@CAXPAIPAXP6AXABV?$WeakCallbackInfo@X@2@@ZW4WeakCallbackType@2@@Z 1000a1b4     node:node.exe
 0003:000001b8       __imp_?DisposeGlobal@V8@v8@@CAXPAI@Z 1000a1b8     node:node.exe
 0003:000001bc       __imp_?CopyGlobalReference@V8@v8@@CAPAIPAI@Z 1000a1bc     node:node.exe
 0003:000001c0       __imp_?GlobalizeReference@V8@v8@@CAPAIPAVIsolate@internal@2@PAI@Z 1000a1c0     node:node.exe
 0003:000001c4       __imp_?IsFunction@Value@v8@@QBE_NXZ 1000a1c4     node:node.exe
 0003:000001c8       __imp_?NewFromUtf8@String@v8@@SA?AV?$MaybeLocal@VString@v8@@@2@PAVIsolate@2@PBDW4NewStringType@2@H@Z 1000a1c8     node:node.exe
 0003:000001cc       __imp_?GetIsolate@Object@v8@@QAEPAVIsolate@2@XZ 1000a1cc     node:node.exe
 0003:000001d0       __imp_?SetAlignedPointerInInternalField@Object@v8@@QAEXHPAX@Z 1000a1d0     node:node.exe
 0003:000001d4       __imp_?InternalFieldCount@Object@v8@@QAEHXZ 1000a1d4     node:node.exe
 0003:000001d8       __imp_?Set@Object@v8@@QAE?AV?$Maybe@_N@2@V?$Local@VContext@v8@@@2@V?$Local@VValue@v8@@@2@1@Z 1000a1d8     node:node.exe
 0003:000001dc       __imp_?Call@Function@v8@@QAE?AV?$MaybeLocal@VValue@v8@@@2@V?$Local@VContext@v8@@@2@V?$Local@VValue@v8@@@2@HQAV52@@Z 1000a1dc     node:node.exe
 0003:000001e0       __imp_?NewInstance@Function@v8@@QBE?AV?$MaybeLocal@VObject@v8@@@2@V?$Local@VContext@v8@@@2@HQAV?$Local@VValue@v8@@@2@@Z 1000a1e0     node:node.exe
 0003:000001e4       __imp_?SetInternalFieldCount@ObjectTemplate@v8@@QAEXH@Z 1000a1e4     node:node.exe
 0003:000001e8       __imp__uv_run              1000a1e8     node:node.exe
 0003:000001ec       __imp_?AddEnvironmentCleanupHook@node@@YAXPAVIsolate@v8@@P6AXPAX@Z1@Z 1000a1ec     node:node.exe
 0003:000001f0       __imp__node_module_register 1000a1f0     node:node.exe
 0003:000001f4       __imp__uv_default_loop     1000a1f4     node:node.exe
 0003:000001f8       __imp__uv_close            1000a1f8     node:node.exe
 0003:000001fc       __imp__uv_read_stop        1000a1fc     node:node.exe
 0003:00000200       __imp__uv_timer_init       1000a200     node:node.exe
 0003:00000204       __imp__uv_rwlock_wrlock    1000a204     node:node.exe
 0003:00000208       __imp__uv_rwlock_rdlock    1000a208     node:node.exe
 0003:0000020c       __imp__uv_rwlock_init      1000a20c     node:node.exe
 0003:00000210       __imp__uv_rwlock_wrunlock  1000a210     node:node.exe
 0003:00000214       __imp__uv_timer_start      1000a214     node:node.exe
 0003:00000218       __imp__uv_pipe_connect     1000a218     node:node.exe
 0003:0000021c       __imp__uv_read_start       1000a21c     node:node.exe
 0003:00000220       __imp__uv_rwlock_rdunlock  1000a220     node:node.exe
 0003:00000224       __imp__uv_rwlock_destroy   1000a224     node:node.exe
 0003:00000228       __imp__uv_write            1000a228     node:node.exe
 0003:0000022c       \177node_NULL_THUNK_DATA_DLA 1000a22c     node:node.exe
 0003:00000230       __hmod__node_exe           1000a230     node:node.exe
 0003:00000234       ?default_serialization_deterministic_@CodedOutputStream@io@protobuf@google@@0HA 1000a234     libprotobuf-lite:coded_stream.obj
 0003:00000238       ?log_silencer_count_init_@internal@protobuf@google@@3HA 1000a238     libprotobuf-lite:common.obj
 0003:0000023c       ?shutdown_data@internal@protobuf@google@@3PAUShutdownData@123@A 1000a23c     libprotobuf-lite:common.obj
 0003:00000240       ?shutdown_functions_init@internal@protobuf@google@@3HA 1000a240     libprotobuf-lite:common.obj
 0003:00000250       ?fixed_address_empty_string@internal@protobuf@google@@3V?$ExplicitlyConstructed@V?$basic_string@DU?$char_traits@D@std@@V?$allocator@D@2@@std@@@123@A 1000a250     libprotobuf-lite:generated_message_util.obj
 0003:00000268       ?empty_string_once_init_@internal@protobuf@google@@3HA 1000a268     libprotobuf-lite:generated_message_util.obj
 0003:0000026c       ?lifecycle_id_generator_@ArenaImpl@internal@protobuf@google@@0VSequenceNumber@234@A 1000a26c     libprotobuf-lite:arena.obj
 0003:00000270       ?proto3_preserve_unknown_@internal@protobuf@google@@3_NA 1000a270     libprotobuf-lite:message_lite.obj
 0003:00000274       ?CANCELLED@Status@util@protobuf@google@@2V1234@B 1000a274     libprotobuf-lite:status.obj
 0003:00000290       ?OK@Status@util@protobuf@google@@2V1234@B 1000a290     libprotobuf-lite:status.obj
 0003:000002ac       ?UNKNOWN@Status@util@protobuf@google@@2V1234@B 1000a2ac     libprotobuf-lite:status.obj
 0003:000002c8       ?registry_@?A0xc2a435c4@internal@protobuf@google@@3PAV?$hash_map@U?$pair@PBVMessageLite@protobuf@google@@H@std@@UExtensionInfo@internal@protobuf@google@@U?$hash@U?$pair@PBVMessageLite@protobuf@google@@H@std@@@56@U?$equal_to@U?$pair@PBVMessageLite@protobuf@google@@H@std@@@2@V?$allocator@U?$pair@$$CBU?$pair@PBVMessageLite@protobuf@google@@H@std@@UExtensionInfo@internal@protobuf@google@@@std@@@2@@34@A 1000a2c8     libprotobuf-lite:extension_set.obj
 0003:000002cc       ?registry_init_@?A0xc2a435c4@internal@protobuf@google@@3HA 1000a2cc     libprotobuf-lite:extension_set.obj
 0003:000002d0       ?repeated_string_type_traits_once_init_@internal@protobuf@google@@3HA 1000a2d0     libprotobuf-lite:extension_set.obj
 0003:000002d4       ?default_repeated_field_@RepeatedStringTypeTraits@internal@protobuf@google@@0PBV?$RepeatedPtrField@V?$basic_string@DU?$char_traits@D@std@@V?$allocator@D@2@@std@@@34@B 1000a2d4     libprotobuf-lite:extension_set.obj
 0003:000002d8       ?repeated_message_generic_type_traits_once_init_@internal@protobuf@google@@3HA 1000a2d8     libprotobuf-lite:extension_set.obj
 0003:000002dc       ?default_repeated_field_@RepeatedMessageGenericTypeTraits@internal@protobuf@google@@0PBV?$RepeatedPtrField@PAVMessageLite@protobuf@google@@@34@B 1000a2dc     libprotobuf-lite:extension_set.obj
 0003:000002e0       ?repeated_primitive_generic_type_traits_once_init_@internal@protobuf@google@@3HA 1000a2e0     libprotobuf-lite:extension_set.obj
 0003:000002e4       ?default_repeated_field_int32_@RepeatedPrimitiveGenericTypeTraits@internal@protobuf@google@@0PBV?$RepeatedField@H@34@B 1000a2e4     libprotobuf-lite:extension_set.obj
 0003:000002e8       ?default_repeated_field_int64_@RepeatedPrimitiveGenericTypeTraits@internal@protobuf@google@@0PBV?$RepeatedField@_J@34@B 1000a2e8     libprotobuf-lite:extension_set.obj
 0003:000002ec       ?default_repeated_field_uint32_@RepeatedPrimitiveGenericTypeTraits@internal@protobuf@google@@0PBV?$RepeatedField@I@34@B 1000a2ec     libprotobuf-lite:extension_set.obj
 0003:000002f0       ?default_repeated_field_uint64_@RepeatedPrimitiveGenericTypeTraits@internal@protobuf@google@@0PBV?$RepeatedField@_K@34@B 1000a2f0     libprotobuf-lite:extension_set.obj
 0003:000002f4       ?default_repeated_field_double_@RepeatedPrimitiveGenericTypeTraits@internal@protobuf@google@@0PBV?$RepeatedField@N@34@B 1000a2f4     libprotobuf-lite:extension_set.obj
 0003:000002f8       ?default_repeated_field_float_@RepeatedPrimitiveGenericTypeTraits@internal@protobuf@google@@0PBV?$RepeatedField@M@34@B 1000a2f8     libprotobuf-lite:extension_set.obj
 0003:000002fc       ?default_repeated_field_bool_@RepeatedPrimitiveGenericTypeTraits@internal@protobuf@google@@0PBV?$RepeatedField@_N@34@B 1000a2fc     libprotobuf-lite:extension_set.obj
 0003:00000300       ?module_initialized_@?A0xd14c6090@internal@protobuf@google@@3_NA 1000a300     libprotobuf-lite:structurally_valid.obj
 0003:00000301       ?init_detector@?A0xd14c6090@internal@protobuf@google@@3UInitDetector@1234@A 1000a301     libprotobuf-lite:structurally_valid.obj
 0003:00000304       ___scrt_current_native_startup_state 1000a304     MSVCRT:utility.obj
 0003:00000308       ___scrt_native_startup_lock 1000a308     MSVCRT:utility.obj
 0003:0000032c       __tls_index                1000a32c     MSVCRT:tlssup.obj
 0003:0000064c       ___isa_available           1000a64c     MSVCRT:cpu_disp.obj
 0003:00000650       ___favor                   1000a650     MSVCRT:cpu_disp.obj
 0003:00000654       ___scrt_debugger_hook_flag 1000a654     MSVCRT:utility_desktop.obj
 0003:00000658       ___castguard_check_failure_os_handled_fptr 1000a658     MSVCRT:guard_support.obj
 0003:00000660       ?__type_info_root_node@@3U__type_info_node@@A 1000a660     MSVCRT:tncleanup.obj
 0003:00000668       ?_OptionsStorage@?1??__local_stdio_scanf_options@@9@4_KA 1000a668     MSVCRT:default_local_stdio_options.obj
 0003:00000670       ?DloadKernel32@@3PAUHINSTANCE__@@A 1000a670     DelayImp:delayhlp.obj
 0003:00000674       ?DloadAcquireSRWLockExclusive@@3P6GXPAK@ZA 1000a674     DelayImp:delayhlp.obj
 0003:00000678       ?DloadReleaseSRWLockExclusive@@3P6GXPAK@ZA 1000a678     DelayImp:delayhlp.obj
 0003:0000067c       ?DloadSrwLock@@3KA         1000a67c     DelayImp:delayhlp.obj
 0003:00000680       ?DloadSectionLockCount@@3KA 1000a680     DelayImp:delayhlp.obj
 0003:00000684       ?DloadSectionOldProtection@@3KA 1000a684     DelayImp:delayhlp.obj
 0003:00000688       ?DloadSectionCommitPermanent@@3KA 1000a688     DelayImp:delayhlp.obj
 0003:00000690       ?_SetShowH323SubTabPageParams_default_instance_@proto@sdk@electron@com@@3VSetShowH323SubTabPageParamsDefaultTypeInternal@1234@A 1000a690     electron_sdk.pb.obj
 0003:000006a8       ?_JoinWithoutLoginParams_default_instance_@proto@sdk@electron@com@@3VJoinWithoutLoginParamsDefaultTypeInternal@1234@A 1000a6a8     electron_sdk.pb.obj
 0003:000006e8       ?_DisableTopMostAttr4SettingDialogParams_default_instance_@proto@sdk@electron@com@@3VDisableTopMostAttr4SettingDialogParamsDefaultTypeInternal@1234@A 1000a6e8     electron_sdk.pb.obj
 0003:00000700       ?_EnableSelectRecordFileLocationAfterMeetingParams_default_instance_@proto@sdk@electron@com@@3VEnableSelectRecordFileLocationAfterMeetingParamsDefaultTypeInternal@1234@A 1000a700     electron_sdk.pb.obj
 0003:00000718       ?_DisableFreeMeetingRemainTimeNotifyParams_default_instance_@proto@sdk@electron@com@@3VDisableFreeMeetingRemainTimeNotifyParamsDefaultTypeInternal@1234@A 1000a718     electron_sdk.pb.obj
 0003:00000730       ?_EnableAutoEndOtherMeetingWhenStartMeetingParams_default_instance_@proto@sdk@electron@com@@3VEnableAutoEndOtherMeetingWhenStartMeetingParamsDefaultTypeInternal@1234@A 1000a730     electron_sdk.pb.obj
 0003:00000748       ?_EnableAutoFitToWindowWhenViewSharingParams_default_instance_@proto@sdk@electron@com@@3VEnableAutoFitToWindowWhenViewSharingParamsDefaultTypeInternal@1234@A 1000a748     electron_sdk.pb.obj
 0003:00000760       ?_HideUpgradeWarningMsgForFreeUserWhenScheduleParams_default_instance_@proto@sdk@electron@com@@3VHideUpgradeWarningMsgForFreeUserWhenScheduleParamsDefaultTypeInternal@1234@A 1000a760     electron_sdk.pb.obj
 0003:00000778       ?_EnableInputMeetingScreenNameDlgParams_default_instance_@proto@sdk@electron@com@@3VEnableInputMeetingScreenNameDlgParamsDefaultTypeInternal@1234@A 1000a778     electron_sdk.pb.obj
 0003:00000790       ?_DisableAccountSettingTabPageParams_default_instance_@proto@sdk@electron@com@@3VDisableAccountSettingTabPageParamsDefaultTypeInternal@1234@A 1000a790     electron_sdk.pb.obj
 0003:000007a8       ?_RedirectClickCCBTNEventParams_default_instance_@proto@sdk@electron@com@@3VRedirectClickCCBTNEventParamsDefaultTypeInternal@1234@A 1000a7a8     electron_sdk.pb.obj
 0003:000007c0       ?_AllowLocalRecordingParams_default_instance_@proto@sdk@electron@com@@3VAllowLocalRecordingParamsDefaultTypeInternal@1234@A 1000a7c0     electron_sdk.pb.obj
 0003:000007d8       ?_UndoParams_default_instance_@proto@sdk@electron@com@@3VUndoParamsDefaultTypeInternal@1234@A 1000a7d8     electron_sdk.pb.obj
 0003:000007f0       ?_ConfigToShowUrlLinksInSettingParams_default_instance_@proto@sdk@electron@com@@3VConfigToShowUrlLinksInSettingParamsDefaultTypeInternal@1234@A 1000a7f0     electron_sdk.pb.obj
 0003:00000808       ?_EnableApproveRemoteControlDlgParams_default_instance_@proto@sdk@electron@com@@3VEnableApproveRemoteControlDlgParamsDefaultTypeInternal@1234@A 1000a808     electron_sdk.pb.obj
 0003:00000820       ?_SwitchSplitScreenModeParams_default_instance_@proto@sdk@electron@com@@3VSwitchSplitScreenModeParamsDefaultTypeInternal@1234@A 1000a820     electron_sdk.pb.obj
 0003:00000838       ?_RedirectClickEndMeetingBTNEventParams_default_instance_@proto@sdk@electron@com@@3VRedirectClickEndMeetingBTNEventParamsDefaultTypeInternal@1234@A 1000a838     electron_sdk.pb.obj
 0003:00000850       ?_DestroyRendererParams_default_instance_@proto@sdk@electron@com@@3VDestroyRendererParamsDefaultTypeInternal@1234@A 1000a850     electron_sdk.pb.obj
 0003:00000868       ?_EnableClaimHostFeatureParams_default_instance_@proto@sdk@electron@com@@3VEnableClaimHostFeatureParamsDefaultTypeInternal@1234@A 1000a868     electron_sdk.pb.obj
 0003:00000880       ?_RedirectClickShareBTNEventParams_default_instance_@proto@sdk@electron@com@@3VRedirectClickShareBTNEventParamsDefaultTypeInternal@1234@A 1000a880     electron_sdk.pb.obj
 0003:00000898       ?_RedirectEndOtherMeetingParams_default_instance_@proto@sdk@electron@com@@3VRedirectEndOtherMeetingParamsDefaultTypeInternal@1234@A 1000a898     electron_sdk.pb.obj
 0003:000008b0       ?_SwapToShowShareViewOrVideoParams_default_instance_@proto@sdk@electron@com@@3VSwapToShowShareViewOrVideoParamsDefaultTypeInternal@1234@A 1000a8b0     electron_sdk.pb.obj
 0003:000008c8       ?_HideQAOnMeetingUIParams_default_instance_@proto@sdk@electron@com@@3VHideQAOnMeetingUIParamsDefaultTypeInternal@1234@A 1000a8c8     electron_sdk.pb.obj
 0003:000008e0       ?_LoginWithSSOTokenParams_default_instance_@proto@sdk@electron@com@@3VLoginWithSSOTokenParamsDefaultTypeInternal@1234@A 1000a8e0     electron_sdk.pb.obj
 0003:000008f8       ?_ScheduleMeetingWithWndParams_default_instance_@proto@sdk@electron@com@@3VScheduleMeetingWithWndParamsDefaultTypeInternal@1234@A 1000a8f8     electron_sdk.pb.obj
 0003:00000918       ?_ShowSettingDlgParams_default_instance_@proto@sdk@electron@com@@3VShowSettingDlgParamsDefaultTypeInternal@1234@A 1000a918     electron_sdk.pb.obj
 0003:00000940       ?_AlwaysShowIconOnTaskBarParams_default_instance_@proto@sdk@electron@com@@3VAlwaysShowIconOnTaskBarParamsDefaultTypeInternal@1234@A 1000a940     electron_sdk.pb.obj
 0003:00000958       ?_SetSpeakerVolParams_default_instance_@proto@sdk@electron@com@@3VSetSpeakerVolParamsDefaultTypeInternal@1234@A 1000a958     electron_sdk.pb.obj
 0003:00000970       ?_InputWebinarRegisterEmailAndScreenNameParams_default_instance_@proto@sdk@electron@com@@3VInputWebinarRegisterEmailAndScreenNameParamsDefaultTypeInternal@1234@A 1000a970     electron_sdk.pb.obj
 0003:00000988       ?_EnableAlwaysShowMeetingControlsParams_default_instance_@proto@sdk@electron@com@@3VEnableAlwaysShowMeetingControlsParamsDefaultTypeInternal@1234@A 1000a988     electron_sdk.pb.obj
 0003:000009a0       ?_EnablePlayChimeWhenEnterOrExitParams_default_instance_@proto@sdk@electron@com@@3VEnablePlayChimeWhenEnterOrExitParamsDefaultTypeInternal@1234@A 1000a9a0     electron_sdk.pb.obj
 0003:000009b8       ?_UnMuteVideoParams_default_instance_@proto@sdk@electron@com@@3VUnMuteVideoParamsDefaultTypeInternal@1234@A 1000a9b8     electron_sdk.pb.obj
 0003:000009d0       ?_EnableAlwaysShowNameOnVideoParams_default_instance_@proto@sdk@electron@com@@3VEnableAlwaysShowNameOnVideoParamsDefaultTypeInternal@1234@A 1000a9d0     electron_sdk.pb.obj
 0003:000009e8       ?_RedirectWebinarNeedRegisterParams_default_instance_@proto@sdk@electron@com@@3VRedirectWebinarNeedRegisterParamsDefaultTypeInternal@1234@A 1000a9e8     electron_sdk.pb.obj
 0003:00000a00       ?_EnableLengthLimitationOfMeetingNumberParams_default_instance_@proto@sdk@electron@com@@3VEnableLengthLimitationOfMeetingNumberParamsDefaultTypeInternal@1234@A 1000aa00     electron_sdk.pb.obj
 0003:00000a18       ?_HideCopyInvitationOnInviteWindowParams_default_instance_@proto@sdk@electron@com@@3VHideCopyInvitationOnInviteWindowParamsDefaultTypeInternal@1234@A 1000aa18     electron_sdk.pb.obj
 0003:00000a30       ?_DeleteMeetingParams_default_instance_@proto@sdk@electron@com@@3VDeleteMeetingParamsDefaultTypeInternal@1234@A 1000aa30     electron_sdk.pb.obj
 0003:00000a48       ?_StartRecordingParams_default_instance_@proto@sdk@electron@com@@3VStartRecordingParamsDefaultTypeInternal@1234@A 1000aa48     electron_sdk.pb.obj
 0003:00000a60       ?_AuthWithJwtTokenParams_default_instance_@proto@sdk@electron@com@@3VAuthWithJwtTokenParamsDefaultTypeInternal@1234@A 1000aa60     electron_sdk.pb.obj
 0003:00000a78       ?_SelectVideoCameraParams_default_instance_@proto@sdk@electron@com@@3VSelectVideoCameraParamsDefaultTypeInternal@1234@A 1000aa78     electron_sdk.pb.obj
 0003:00000a90       ?_RedoParams_default_instance_@proto@sdk@electron@com@@3VRedoParamsDefaultTypeInternal@1234@A 1000aa90     electron_sdk.pb.obj
 0003:00000aa8       ?_SwitchMinimizeUIMode4FirstScreenMeetingUIWndParams_default_instance_@proto@sdk@electron@com@@3VSwitchMinimizeUIMode4FirstScreenMeetingUIWndParamsDefaultTypeInternal@1234@A 1000aaa8     electron_sdk.pb.obj
 0003:00000ac0       ?_EnableAddTimestampWatermarkParams_default_instance_@proto@sdk@electron@com@@3VEnableAddTimestampWatermarkParamsDefaultTypeInternal@1234@A 1000aac0     electron_sdk.pb.obj
 0003:00000ad8       ?_DisableWaitingForHostDialogParams_default_instance_@proto@sdk@electron@com@@3VDisableWaitingForHostDialogParamsDefaultTypeInternal@1234@A 1000aad8     electron_sdk.pb.obj
 0003:00000af0       ?_HideChatItemOnMeetingUIParams_default_instance_@proto@sdk@electron@com@@3VHideChatItemOnMeetingUIParamsDefaultTypeInternal@1234@A 1000aaf0     electron_sdk.pb.obj
 0003:00000b08       ?_RetrieveParams_default_instance_@proto@sdk@electron@com@@3VRetrieveParamsDefaultTypeInternal@1234@A 1000ab08     electron_sdk.pb.obj
 0003:00000b20       ?_EnableHoldSpaceKeyToSpeakParams_default_instance_@proto@sdk@electron@com@@3VEnableHoldSpaceKeyToSpeakParamsDefaultTypeInternal@1234@A 1000ab20     electron_sdk.pb.obj
 0003:00000b38       ?_ConfSettingDialogShownTabPageParams_default_instance_@proto@sdk@electron@com@@3VConfSettingDialogShownTabPageParamsDefaultTypeInternal@1234@A 1000ab38     electron_sdk.pb.obj
 0003:00000b50       ?_ExitFullScreenParams_default_instance_@proto@sdk@electron@com@@3VExitFullScreenParamsDefaultTypeInternal@1234@A 1000ab50     electron_sdk.pb.obj
 0003:00000b68       ?_DisableToolbarInviteButtonClickOriginActionParams_default_instance_@proto@sdk@electron@com@@3VDisableToolbarInviteButtonClickOriginActionParamsDefaultTypeInternal@1234@A 1000ab68     electron_sdk.pb.obj
 0003:00000b80       ?_EnableMicOriginalInputParams_default_instance_@proto@sdk@electron@com@@3VEnableMicOriginalInputParamsDefaultTypeInternal@1234@A 1000ab80     electron_sdk.pb.obj
 0003:00000b98       ?_EnableSuppressAudioNotifyParams_default_instance_@proto@sdk@electron@com@@3VEnableSuppressAudioNotifyParamsDefaultTypeInternal@1234@A 1000ab98     electron_sdk.pb.obj
 0003:00000bb0       ?_EnableShowVideoThumbnailWhenShareParams_default_instance_@proto@sdk@electron@com@@3VEnableShowVideoThumbnailWhenShareParamsDefaultTypeInternal@1234@A 1000abb0     electron_sdk.pb.obj
 0003:00000bc8       ?_EnableAutoFullScreenVideoWhenViewShareParams_default_instance_@proto@sdk@electron@com@@3VEnableAutoFullScreenVideoWhenViewShareParamsDefaultTypeInternal@1234@A 1000abc8     electron_sdk.pb.obj
 0003:00000be0       ?_EnableDeclineRemoteControlResponseDlgParams_default_instance_@proto@sdk@electron@com@@3VEnableDeclineRemoteControlResponseDlgParamsDefaultTypeInternal@1234@A 1000abe0     electron_sdk.pb.obj
 0003:00000bf8       ?_DisableAutoShowSelectJoinAudioDlgWhenJoinMeetingParams_default_instance_@proto@sdk@electron@com@@3VDisableAutoShowSelectJoinAudioDlgWhenJoinMeetingParamsDefaultTypeInternal@1234@A 1000abf8     electron_sdk.pb.obj
 0003:00000c10       ?_EnableAccelerateGPUWhenShareParams_default_instance_@proto@sdk@electron@com@@3VEnableAccelerateGPUWhenShareParamsDefaultTypeInternal@1234@A 1000ac10     electron_sdk.pb.obj
 0003:00000c28       ?_EnableAirplayInstructionWindowParams_default_instance_@proto@sdk@electron@com@@3VEnableAirplayInstructionWindowParamsDefaultTypeInternal@1234@A 1000ac28     electron_sdk.pb.obj
 0003:00000c40       ?_EnableAudioButtonOnMeetingUIParams_default_instance_@proto@sdk@electron@com@@3VEnableAudioButtonOnMeetingUIParamsDefaultTypeInternal@1234@A 1000ac40     electron_sdk.pb.obj
 0003:00000c58       ?_SetLineWidthParams_default_instance_@proto@sdk@electron@com@@3VSetLineWidthParamsDefaultTypeInternal@1234@A 1000ac58     electron_sdk.pb.obj
 0003:00000c70       ?_GetUserIdParams_default_instance_@proto@sdk@electron@com@@3VGetUserIdParamsDefaultTypeInternal@1234@A 1000ac70     electron_sdk.pb.obj
 0003:00000c88       ?_StartAppShareParams_default_instance_@proto@sdk@electron@com@@3VStartAppShareParamsDefaultTypeInternal@1234@A 1000ac88     electron_sdk.pb.obj
 0003:00000ca0       ?_SetMaxDurationForOnlyHostInMeetingParams_default_instance_@proto@sdk@electron@com@@3VSetMaxDurationForOnlyHostInMeetingParamsDefaultTypeInternal@1234@A 1000aca0     electron_sdk.pb.obj
 0003:00000cb8       ?_EnableZoomAuthRealNameMeetingUIShownParams_default_instance_@proto@sdk@electron@com@@3VEnableZoomAuthRealNameMeetingUIShownParamsDefaultTypeInternal@1234@A 1000acb8     electron_sdk.pb.obj
 0003:00000cd0       ?_SetMeetingUIPosParams_default_instance_@proto@sdk@electron@com@@3VSetMeetingUIPosParamsDefaultTypeInternal@1234@A 1000acd0     electron_sdk.pb.obj
 0003:00000cf0       ?_SetFloatVideoPosParams_default_instance_@proto@sdk@electron@com@@3VSetFloatVideoPosParamsDefaultTypeInternal@1234@A 1000acf0     electron_sdk.pb.obj
 0003:00000d10       ?_MuteAudioParams_default_instance_@proto@sdk@electron@com@@3VMuteAudioParamsDefaultTypeInternal@1234@A 1000ad10     electron_sdk.pb.obj
 0003:00000d28       ?_EnterFullScreenParams_default_instance_@proto@sdk@electron@com@@3VEnterFullScreenParamsDefaultTypeInternal@1234@A 1000ad28     electron_sdk.pb.obj
 0003:00000d40       ?_ForceDisableMultiShareParams_default_instance_@proto@sdk@electron@com@@3VForceDisableMultiShareParamsDefaultTypeInternal@1234@A 1000ad40     electron_sdk.pb.obj
 0003:00000d58       ?_EnableVideoPreviewDialogParams_default_instance_@proto@sdk@electron@com@@3VEnableVideoPreviewDialogParamsDefaultTypeInternal@1234@A 1000ad58     electron_sdk.pb.obj
 0003:00000d70       ?_SetMicVolParams_default_instance_@proto@sdk@electron@com@@3VSetMicVolParamsDefaultTypeInternal@1234@A 1000ad70     electron_sdk.pb.obj
 0003:00000d88       ?_EnableAlwaysMuteMicWhenJoinVoipParams_default_instance_@proto@sdk@electron@com@@3VEnableAlwaysMuteMicWhenJoinVoipParamsDefaultTypeInternal@1234@A 1000ad88     electron_sdk.pb.obj
 0003:00000da0       ?_SetShowInviteDlgTabPageParams_default_instance_@proto@sdk@electron@com@@3VSetShowInviteDlgTabPageParamsDefaultTypeInternal@1234@A 1000ada0     electron_sdk.pb.obj
[...]
 0000:fffb8000       .debug$S                   10000000     node:node.exe
 0000:fffb8000       .debug$S                   10000000     node:node.exe
 0000:fffb8000       .debug$S                   10000000     node:node.exe
 0000:fffb8000       .debug$S                   10000000     node:node.exe
 0000:fffb8000       .debug$S                   10000000     node:node.exe
 0000:fffb8000       .debug$S                   10000000     node:node.exe
 0000:fffb8000       .debug$S                   10000000     node:node.exe
 0000:fffb8000       .debug$S                   10000000     node:node.exe
 0000:fffb8000       .debug$S                   10000000     node:node.exe
 0000:fffb8000       .debug$S                   10000000     node:node.exe
 0000:fffb8000       .debug$S                   10000000     node:node.exe
 0000:fffb8000       .debug$S                   10000000     node:node.exe
 0000:fffb8000       .debug$S                   10000000     node:node.exe
 0000:fffb8000       .debug$S                   10000000     node:node.exe
 0000:fffb8000       .debug$S                   10000000     node:node.exe
 0000:fffb8000       .debug$S                   10000000     node:node.exe
 0000:fffb8000       .debug$S                   10000000     node:node.exe
 0000:fffb8000       .debug$S                   10000000     node:node.exe
 0000:fffb8000       .debug$S                   10000000     node:node.exe
 0000:fffb8000       .debug$S                   10000000     node:node.exe
 0000:fffb8000       .debug$S                   10000000     node:node.exe
 0000:fffb8000       .debug$S                   10000000     node:node.exe
 0000:fffb8000       .debug$S                   10000000     node:node.exe
 0000:fffb8000       .debug$S                   10000000     node:node.exe
 0000:fffb8000       .debug$S                   10000000     node:node.exe
 0000:fffb8000       .debug$S                   10000000     node:node.exe
 0000:fffb8000       .debug$S                   10000000     node:node.exe
 0000:fffb8000       .debug$S                   10000000     node:node.exe
 0000:fffb8000       .debug$S                   10000000     node:node.exe
 0000:fffb8000       .debug$S                   10000000     node:node.exe
 0000:fffb8000       .debug$S                   10000000     node:node.exe
 0000:fffb8000       .debug$S                   10000000     node:node.exe
 0000:fffb8000       .debug$S                   10000000     node:node.exe
 0000:fffb8000       .debug$S                   10000000     node:node.exe
 0000:fffb8000       .debug$S                   10000000     node:node.exe
 0000:fffb8000       .debug$S                   10000000     node:node.exe
 0000:fffb8000       .debug$S                   10000000     node:node.exe
 0000:fffb8000       .debug$S                   10000000     node:node.exe
 0000:fffb8000       .debug$S                   10000000     node:node.exe
 0000:fffb8000       .debug$S                   10000000     node:node.exe
 0000:fffb8000       .debug$S                   10000000     node:node.exe
 0000:fffb8000       .debug$S                   10000000     node:node.exe
 0000:fffb8000       .debug$S                   10000000     node:node.exe
 0000:fffb8000       .debug$S                   10000000     node:node.exe
 0000:fffb8000       .debug$S                   10000000     node:node.exe
 0000:fffb8000       .debug$S                   10000000     node:node.exe
 0000:fffb8000       .debug$S                   10000000     node:node.exe
 0000:fffb8000       .debug$S                   10000000     node:node.exe
 0000:fffb8000       .debug$S                   10000000     node:node.exe
 0000:fffb8000       .debug$S                   10000000     node:node.exe
 0001:00000000       ??__E?constructor@ZoomNodeRenderWrap@@2V?$Persistent@VFunction@v8@@V?$NonCopyablePersistentTraits@VFunction@v8@@@2@@v8@@A@@YAXXZ 10001000 f   zoom_node_render_addon.obj
 0001:00000010       ??__E?constructor@ZoomNodeVideoRawDataLibuvClientWrap@@2V?$Persistent@VFunction@v8@@V?$NonCopyablePersistentTraits@VFunction@v8@@@2@@v8@@A@@YAXXZ 10001010 f   zoom_node_render_addon.obj
 0001:00000020       ??__E?constructor@ZoomNodeShareRawDataLibuvClientWrap@@2V?$Persistent@VFunction@v8@@V?$NonCopyablePersistentTraits@VFunction@v8@@@2@@v8@@A@@YAXXZ 10001020 f   zoom_node_render_addon.obj
 0001:00000030       ??__E?constructor@ZoomNodeAudioRawDataLibuvClientWrap@@2V?$Persistent@VFunction@v8@@V?$NonCopyablePersistentTraits@VFunction@v8@@@2@@v8@@A@@YAXXZ 10001030 f   zoom_node_render_addon.obj
 0001:00000040       ??__Eg_cb_onRenderVideoRawDataReceived@@YAXXZ 10001040 f   zoom_node_render_addon.obj
 0001:00000050       ??__Eg_cb_onRenderShareRawDataReceived@@YAXXZ 10001050 f   zoom_node_render_addon.obj
 0001:00000060       ??__Eg_cb_onMixedAudioRawDataReceived@@YAXXZ 10001060 f   zoom_node_render_addon.obj
 0001:00000070       ??__Eg_cb_onOneWayAudioRawDataReceived@@YAXXZ 10001070 f   zoom_node_render_addon.obj
 0001:00000080       ??__Eg_ipcSinkClientVideo@@YAXXZ 10001080 f   zoom_node_render_addon.obj
 0001:000000a0       ??__Eg_ipcSinkClientShare@@YAXXZ 100010a0 f   zoom_node_render_addon.obj
 0001:000000c0       ??__Eg_ipcSinkClientAudio@@YAXXZ 100010c0 f   zoom_node_render_addon.obj
 0001:000000e0       ??__Eg_owner_locker@@YAXXZ 100010e0 f   uv_ipc_common.obj
 0001:00000100       ??__Eg_owner_list@@YAXXZ   10001100 f   uv_ipc_common.obj
 0001:00000130       ??__E?CANCELLED@Status@util@protobuf@google@@2V1234@B@@YAXXZ 10001130 f   libprotobuf-lite:status.obj
 0001:00000160       ??__E?OK@Status@util@protobuf@google@@2V1234@B@@YAXXZ 10001160 f   libprotobuf-lite:status.obj
 0001:000001a0       ??__E?UNKNOWN@Status@util@protobuf@google@@2V1234@B@@YAXXZ 100011a0 f   libprotobuf-lite:status.obj
 0001:000001d0       ??__Einit_detector@?A0xd14c6090@internal@protobuf@google@@YAXXZ 100011d0 f   libprotobuf-lite:structurally_valid.obj
 0001:000001e0       ?load_exe_hook@@YGP6GHXZIPAUDelayLoadInfo@@@Z 100011e0 f   win_delay_load_hook.obj
 0001:00000780       ?CreateRenderNodeObject@@YAXABV?$FunctionCallbackInfo@VValue@v8@@@v8@@@Z 10001780 f   zoom_node_render_addon.obj
 0001:00000820       __register_zoomsdk_render  10001820 f   zoom_node_render_addon.obj
 0001:00002ea1       __catch$?_Copy@?$basic_string@DU?$char_traits@D@std@@V?$allocator@D@2@@std@@QAEXII@Z$0 10003ea1 f i libprotobuf-lite:coded_stream.obj
 0001:00002f4a       __catch$?_Copy@?$basic_string@DU?$char_traits@D@std@@V?$allocator@D@2@@std@@QAEXII@Z$1 10003f4a f i libprotobuf-lite:coded_stream.obj
 0001:00003673       ?find_pe_section@@YAPAU_IMAGE_SECTION_HEADER@@QAEI@Z 10004673 f   MSVCRT:utility.obj
 0001:0000398d       ?dllmain_crt_dispatch@@YGHQAUHINSTANCE__@@KQAX@Z 1000498d f   MSVCRT:dll_dllmain.obj
 0001:000039e0       ?dllmain_crt_process_attach@@YAHQAUHINSTANCE__@@QAX@Z 100049e0 f   MSVCRT:dll_dllmain.obj
 0001:00003ae7       ?dllmain_crt_process_detach@@YAH_N@Z 10004ae7 f   MSVCRT:dll_dllmain.obj
 0001:00003b97       ?dllmain_dispatch@@YAHQAUHINSTANCE__@@KQAX@Z 10004b97 f   MSVCRT:dll_dllmain.obj
 0001:00003ca2       ?dllmain_raw@@YGHQAUHINSTANCE__@@KQAX@Z 10004ca2 f   MSVCRT:dll_dllmain.obj
 0001:00003d00       $$000000                   10004d00     MSVCRT:llshl.obj
 0001:00003d20       $$000000                   10004d20     MSVCRT:chkstk.obj
 0001:00003d50       $$000000                   10004d50     MSVCRT:ullshr.obj
 0001:00004270       $$000000                   10005270     MSVCRT:sehprolg4.obj
 0001:000042f7       ___get_entropy             100052f7 f   MSVCRT:gs_support.obj
 0001:00004a60       __ehhandler$?_Copy@?$basic_string@DU?$char_traits@D@std@@V?$allocator@D@2@@std@@QAEXII@Z 10005a60 f   libprotobuf-lite:coded_stream.obj
 0001:00004a80       __unwindfunclet$??0Status@util@protobuf@google@@QAE@W4Code@error@123@VStringPiece@23@@Z$0 10005a80 f   libprotobuf-lite:status.obj
 0001:00004a8b       __unwindfunclet$??0Status@util@protobuf@google@@QAE@W4Code@error@123@VStringPiece@23@@Z$29 10005a8b f   libprotobuf-lite:status.obj
 0001:00004a91       __ehhandler$??0Status@util@protobuf@google@@QAE@W4Code@error@123@VStringPiece@23@@Z 10005a91 f   libprotobuf-lite:status.obj
 0001:00004ac0       ??__F?constructor@ZoomNodeRenderWrap@@2V?$Persistent@VFunction@v8@@V?$NonCopyablePersistentTraits@VFunction@v8@@@2@@v8@@A@@YAXXZ 10005ac0 f   zoom_node_render_addon.obj
 0001:00004ad0       ??__F?constructor@ZoomNodeVideoRawDataLibuvClientWrap@@2V?$Persistent@VFunction@v8@@V?$NonCopyablePersistentTraits@VFunction@v8@@@2@@v8@@A@@YAXXZ 10005ad0 f   zoom_node_render_addon.obj
 0001:00004ae0       ??__F?constructor@ZoomNodeShareRawDataLibuvClientWrap@@2V?$Persistent@VFunction@v8@@V?$NonCopyablePersistentTraits@VFunction@v8@@@2@@v8@@A@@YAXXZ 10005ae0 f   zoom_node_render_addon.obj
 0001:00004af0       ??__F?constructor@ZoomNodeAudioRawDataLibuvClientWrap@@2V?$Persistent@VFunction@v8@@V?$NonCopyablePersistentTraits@VFunction@v8@@@2@@v8@@A@@YAXXZ 10005af0 f   zoom_node_render_addon.obj
 0001:00004b00       ??__Fg_cb_onRenderVideoRawDataReceived@@YAXXZ 10005b00 f   zoom_node_render_addon.obj
 0001:00004b20       ??__Fg_cb_onRenderShareRawDataReceived@@YAXXZ 10005b20 f   zoom_node_render_addon.obj
 0001:00004b40       ??__Fg_cb_onMixedAudioRawDataReceived@@YAXXZ 10005b40 f   zoom_node_render_addon.obj
 0001:00004b60       ??__Fg_cb_onOneWayAudioRawDataReceived@@YAXXZ 10005b60 f   zoom_node_render_addon.obj
 0001:00004b80       ??__Fg_ipcSinkClientVideo@@YAXXZ 10005b80 f   zoom_node_render_addon.obj
 0001:00004ba0       ??__Fg_ipcSinkClientShare@@YAXXZ 10005ba0 f   zoom_node_render_addon.obj
 0001:00004bc0       ??__Fg_ipcSinkClientAudio@@YAXXZ 10005bc0 f   zoom_node_render_addon.obj
 0001:00004be0       ??__Fg_owner_locker@@YAXXZ 10005be0 f   uv_ipc_common.obj
 0001:00004c00       ??__Fg_owner_list@@YAXXZ   10005c00 f   uv_ipc_common.obj
 0001:00004c10       ??__F?CANCELLED@Status@util@protobuf@google@@2V1234@B@@YAXXZ 10005c10 f   libprotobuf-lite:status.obj
 0001:00004c70       ??__F?OK@Status@util@protobuf@google@@2V1234@B@@YAXXZ 10005c70 f   libprotobuf-lite:status.obj
 0001:00004cd0       ??__F?UNKNOWN@Status@util@protobuf@google@@2V1234@B@@YAXXZ 10005cd0 f   libprotobuf-lite:status.obj
 0002:00000108       ??OK$initializer$@Status@util@protobuf@google@@2P6AXXZA@@3P6AXXZA 10006108     libprotobuf-lite:status.obj
 0002:0000010c       ??CANCELLED$initializer$@Status@util@protobuf@google@@2P6AXXZA@@3P6AXXZA 1000610c     libprotobuf-lite:status.obj
 0002:00000110       ??UNKNOWN$initializer$@Status@util@protobuf@google@@2P6AXXZA@@3P6AXXZA 10006110     libprotobuf-lite:status.obj
 0002:00000114       ?init_detector$initializer$@?A0xd14c6090@internal@protobuf@google@@3P6AXXZA 10006114     libprotobuf-lite:structurally_valid.obj
 0002:0000011c       ??constructor$initializer$@ZoomNodeRenderWrap@@2P6AXXZA@@3P6AXXZA 1000611c     zoom_node_render_addon.obj
 0002:00000120       ??constructor$initializer$@ZoomNodeVideoRawDataLibuvClientWrap@@2P6AXXZA@@3P6AXXZA 10006120     zoom_node_render_addon.obj
 0002:00000124       ??constructor$initializer$@ZoomNodeShareRawDataLibuvClientWrap@@2P6AXXZA@@3P6AXXZA 10006124     zoom_node_render_addon.obj
 0002:00000128       ??constructor$initializer$@ZoomNodeAudioRawDataLibuvClientWrap@@2P6AXXZA@@3P6AXXZA 10006128     zoom_node_render_addon.obj
 0002:0000012c       ?g_cb_onRenderVideoRawDataReceived$initializer$@@3P6AXXZA 1000612c     zoom_node_render_addon.obj
 0002:00000130       ?g_cb_onRenderShareRawDataReceived$initializer$@@3P6AXXZA 10006130     zoom_node_render_addon.obj
 0002:00000134       ?g_cb_onMixedAudioRawDataReceived$initializer$@@3P6AXXZA 10006134     zoom_node_render_addon.obj
 0002:00000138       ?g_cb_onOneWayAudioRawDataReceived$initializer$@@3P6AXXZA 10006138     zoom_node_render_addon.obj
 0002:0000013c       ?g_ipcSinkClientVideo$initializer$@@3P6AXXZA 1000613c     zoom_node_render_addon.obj
 0002:00000140       ?g_ipcSinkClientShare$initializer$@@3P6AXXZA 10006140     zoom_node_render_addon.obj
 0002:00000144       ?g_ipcSinkClientAudio$initializer$@@3P6AXXZA 10006144     zoom_node_render_addon.obj
 0002:00000148       ?g_owner_locker$initializer$@@3P6AXXZA 10006148     uv_ipc_common.obj
 0002:0000014c       ?g_owner_list$initializer$@@3P6AXXZA 1000614c     uv_ipc_common.obj
 0002:00000210       ?kMinRepeatedFieldAllocationSize@internal@protobuf@google@@3HB 10006210     libprotobuf-lite:generated_message_util.obj
 0002:00000214       ?kMaxCleanupListElements@google@@3IB 10006214     libprotobuf-lite:arena.obj
 0002:00000264       ?kMinRepeatedFieldAllocationSize@internal@protobuf@google@@3HB 10006264     libprotobuf-lite:wire_format_lite.obj
 0002:000002bc       ?kMinRepeatedFieldAllocationSize@internal@protobuf@google@@3HB 100062bc     libprotobuf-lite:message_lite.obj
 0002:000002d0       ?kMinRepeatedFieldAllocationSize@internal@protobuf@google@@3HB 100062d0     libprotobuf-lite:extension_set.obj
 0002:000002d8       ?utf8acceptnonsurrogates@internal@protobuf@google@@3QBEB 100062d8     libprotobuf-lite:structurally_valid.obj
 0002:00000bd8       ?utf8acceptnonsurrogates_remap_base@internal@protobuf@google@@3QBURemapEntry@123@B 10006bd8     libprotobuf-lite:structurally_valid.obj
 0002:00000bdc       ?utf8acceptnonsurrogates_remap_string@internal@protobuf@google@@3QBEB 10006bdc     libprotobuf-lite:structurally_valid.obj
 0002:00000be0       ?utf8acceptnonsurrogates_fast@internal@protobuf@google@@3QBEB 10006be0     libprotobuf-lite:structurally_valid.obj
 0002:00000ce8       ?string_printf_empty_block@protobuf@google@@3QBDB 10006ce8     libprotobuf-lite:stringprintf.obj
 0002:00000de8       ?kMinRepeatedFieldAllocationSize@internal@protobuf@google@@3HB 10006de8     libprotobuf-lite:repeated_field.obj
 0002:00000df8       _GS_ExceptionPointers      10006df8     MSVCRT:gs_report.obj
 0002:00000f44       ?kMinRepeatedFieldAllocationSize@internal@protobuf@google@@3HB 10006f44     electron_sdk.pb.obj
 0002:00000f48       ?kMinRepeatedFieldAllocationSize@internal@protobuf@google@@3HB 10006f48     zoom_node_render_addon.obj
 0002:00000f4c       ?kMinRepeatedFieldAllocationSize@internal@protobuf@google@@3HB 10006f4c     zoom_v8_to_c.obj
 0002:00001a20       __catchsym$?_Copy@?$basic_string@DU?$char_traits@D@std@@V?$allocator@D@2@@std@@QAEXII@Z$111 10007a20     libprotobuf-lite:coded_stream.obj
 0002:00001a30       __catchsym$?_Copy@?$basic_string@DU?$char_traits@D@std@@V?$allocator@D@2@@std@@QAEXII@Z$110 10007a30     libprotobuf-lite:coded_stream.obj
 0002:00001a40       __unwindtable$?_Copy@?$basic_string@DU?$char_traits@D@std@@V?$allocator@D@2@@std@@QAEXII@Z 10007a40     libprotobuf-lite:coded_stream.obj
 0002:00001a60       __ehfuncinfo$?_Copy@?$basic_string@DU?$char_traits@D@std@@V?$allocator@D@2@@std@@QAEXII@Z 10007a60     libprotobuf-lite:coded_stream.obj
 0002:00001a84       __tryblocktable$?_Copy@?$basic_string@DU?$char_traits@D@std@@V?$allocator@D@2@@std@@QAEXII@Z 10007a84     libprotobuf-lite:coded_stream.obj
 0002:00001ac8       __unwindtable$??0Status@util@protobuf@google@@QAE@W4Code@error@123@VStringPiece@23@@Z 10007ac8     libprotobuf-lite:status.obj
 0002:00001ad8       __ehfuncinfo$??0Status@util@protobuf@google@@QAE@W4Code@error@123@VStringPiece@23@@Z 10007ad8     libprotobuf-lite:status.obj
 0002:00001b00       __sehtable$___scrt_is_nonwritable_in_current_image 10007b00     MSVCRT:utility.obj
 0002:00001b20       __sehtable$?dllmain_crt_process_attach@@YAHQAUHINSTANCE__@@QAX@Z 10007b20     MSVCRT:dll_dllmain.obj
 0002:00001b40       __sehtable$?dllmain_crt_process_detach@@YAH_N@Z 10007b40     MSVCRT:dll_dllmain.obj
 0002:00001b68       __sehtable$?dllmain_dispatch@@YAHQAUHINSTANCE__@@KQAX@Z 10007b68     MSVCRT:dll_dllmain.obj
 0002:000028d0       .edata                     100088d0     zoomsdk_render.exp
 0002:000028f8       rgpv                       100088f8     zoomsdk_render.exp
 0002:00002900       rgszName                   10008900     zoomsdk_render.exp
 0002:00002908       rgwOrd                     10008908     zoomsdk_render.exp
 0002:0000290c       szName                     1000890c     zoomsdk_render.exp
 0002:00002920       $N00001                    10008920     zoomsdk_render.exp
 0002:0000293a       $N00002                    1000893a     zoomsdk_render.exp
 0002:00002b08       .idata$6                   10008b08     kernel32:KERNEL32.dll
 0002:00002ba6       .idata$6                   10008ba6     msvcprt:MSVCP140.dll
 0002:00002c7c       .idata$6                   10008c7c     vcruntime:VCRUNTIME140.dll
 0002:00002e1c       .idata$6                   10008e1c     ucrt:api-ms-win-crt-string-l1-1-0.dll
 0002:00002e3e       .idata$6                   10008e3e     ucrt:api-ms-win-crt-runtime-l1-1-0.dll
 0002:00002e60       .idata$6                   10008e60     ucrt:api-ms-win-crt-stdio-l1-1-0.dll
 0002:00002e80       .idata$6                   10008e80     ucrt:api-ms-win-crt-heap-l1-1-0.dll
 0003:00000004       ?level_names@?1??DefaultLogHandler@internal@protobuf@google@@YAXW4LogLevel@34@PBDHABV?$basic_string@DU?$char_traits@D@std@@V?$allocator@D@2@@std@@@Z@4PAPBDA 1000a004     libprotobuf-lite:common.obj
 0003:00000014       ?log_handler_@internal@protobuf@google@@3P6AXW4LogLevel@23@PBDHABV?$basic_string@DU?$char_traits@D@std@@V?$allocator@D@2@@std@@@ZA 1000a014     libprotobuf-lite:common.obj
 0003:00000018       ?utf8acceptnonsurrogates_obj@internal@protobuf@google@@3UUTF8StateMachineObj@123@B 1000a018     libprotobuf-lite:structurally_valid.obj
 0003:00000084       __module                   1000a084     zoom_node_render_addon.obj
 0003:00000244       ?log_silencer_count_@internal@protobuf@google@@3HA 1000a244     libprotobuf-lite:common.obj
 0003:00000248       ?log_silencer_count_mutex_@internal@protobuf@google@@3PAVMutex@123@A 1000a248     libprotobuf-lite:common.obj
 0003:0000030c       ?is_initialized_as_dll@@3_NA 1000a30c     MSVCRT:utility.obj
 0003:0000030d       ?module_local_atexit_table_initialized@@3_NA 1000a30d     MSVCRT:utility.obj
 0003:00000310       ?module_local_atexit_table@@3U_onexit_table_t@@A 1000a310     MSVCRT:utility.obj
 0003:0000031c       ?module_local_at_quick_exit_table@@3U_onexit_table_t@@A 1000a31c     MSVCRT:utility.obj
 0003:00000328       ?__proc_attached@@3HA      1000a328     MSVCRT:dll_dllmain.obj
 0003:00000330       _GS_ExceptionRecord        1000a330     MSVCRT:gs_report.obj
 0003:00000380       _GS_ContextRecord          1000a380     MSVCRT:gs_report.obj
 0004:00000390       $R000000                   1000d390     node_res.res
 0004:00003b88       $R0037F8                   10010b88     node_res.res
 0004:000143b0       $R014020                   100213b0     node_res.res
 0004:000185d8       $R018248                   100255d8     node_res.res
 0004:0001ab80       $R01A7F0                   10027b80     node_res.res
 0004:0001bc28       $R01B898                   10028c28     node_res.res
 0004:0001c5b0       $R01C220                   100295b0     node_res.res
 0004:0001ca18       $R01C688                   10029a18     node_res.res
 0004:0001ca80       $R01C6F0                   10029a80     node_res.res
 0004:00020278       $R01FEE8                   1002d278     node_res.res
 0004:00030aa0       $R030710                   1003daa0     node_res.res
 0004:00034cc8       $R034938                   10041cc8     node_res.res
 0004:00037270       $R036EE0                   10044270     node_res.res
 0004:00038318       $R037F88                   10045318     node_res.res
 0004:00038ca0       $R038910                   10045ca0     node_res.res
 0004:00039108       $R038D78                   10046108     node_res.res
 0004:00039170       $R038DE0                   10046170     node_res.res
